queue 10237, done 0, todo 10237, network RS AS15958 CETINdoo-NET 109.245.130.133, our refs guarded 321
25/10237 2762.5/min {'1_mostbet_only': 4, '5_dead': 1, '5_not_shown': 13, 'needs_browser': 7}
50/10237 3425.7/min {'1_mostbet_only': 4, '2_no_ads': 4, '5_dead': 1, '5_not_shown': 28, 'needs_browser': 13}
75/10237 4427.2/min {'1_mostbet_only': 4, '2_no_ads': 6, '5_dead': 1, '5_not_shown': 36, 'needs_browser': 28}
100/10237 4823.4/min {'1_mostbet_only': 4, '2_no_ads': 6, '3_other_only': 1, '5_dead': 1, '5_not_shown': 48, 'needs_browser': 40}
125/10237 4992.5/min {'1_mostbet_only': 4, '2_no_ads': 6, '3_other_only': 1, '5_dead': 2, '5_not_shown': 63, 'needs_browser': 49}
150/10237 5155.5/min {'1_mostbet_only': 4, '2_no_ads': 9, '3_other_only': 1, '5_dead': 7, '5_not_shown': 74, 'needs_browser': 55}
175/10237 5105.2/min {'1_mostbet_only': 5, '2_no_ads': 9, '3_other_only': 1, '5_dead': 8, '5_not_shown': 87, 'needs_browser': 65}
200/10237 4706.3/min {'1_mostbet_only': 5, '2_no_ads': 9, '3_other_only': 1, '5_dead': 8, '5_not_shown': 102, 'needs_browser': 75}
225/10237 4181.2/min {'1_mostbet_only': 6, '2_no_ads': 9, '3_other_only': 1, '5_dead': 8, '5_not_shown': 119, 'needs_browser': 82}
250/10237 3760.8/min {'1_mostbet_only': 7, '2_no_ads': 12, '3_other_only': 1, '5_dead': 8, '5_not_shown': 132, 'needs_browser': 90}
275/10237 3514.2/min {'1_mostbet_only': 8, '2_no_ads': 13, '3_other_only': 1, '5_dead': 8, '5_not_shown': 144, 'needs_browser': 101}
300/10237 3246.3/min {'1_mostbet_only': 12, '2_no_ads': 17, '3_other_only': 1, '5_dead': 9, '5_not_shown': 157, 'needs_browser': 104}
325/10237 3024.2/min {'1_mostbet_only': 16, '2_no_ads': 21, '3_other_only': 1, '5_dead': 10, '5_not_shown': 169, 'needs_browser': 108}
350/10237 2925.2/min {'1_mostbet_only': 19, '2_no_ads': 21, '3_other_only': 1, '5_dead': 11, '5_not_shown': 181, 'needs_browser': 117}
375/10237 2707.9/min {'1_mostbet_only': 21, '2_no_ads': 22, '3_other_only': 1, '5_dead': 11, '5_not_shown': 194, 'needs_browser': 126}
400/10237 2616.4/min {'1_mostbet_only': 21, '2_no_ads': 22, '3_other_only': 1, '5_dead': 11, '5_not_shown': 211, 'needs_browser': 134}
425/10237 2554.8/min {'1_mostbet_only': 21, '2_no_ads': 22, '3_other_only': 3, '5_dead': 11, '5_not_shown': 228, 'needs_browser': 140}
450/10237 1301.7/min {'1_mostbet_only': 21, '2_no_ads': 24, '3_other_only': 3, '5_dead': 12, '5_not_shown': 245, 'needs_browser': 145}
475/10237 1300.2/min {'1_mostbet_only': 21, '2_no_ads': 24, '3_other_only': 3, '5_dead': 12, '5_not_shown': 264, 'needs_browser': 151}
500/10237 1273.1/min {'1_mostbet_only': 23, '2_no_ads': 24, '3_other_only': 3, '5_dead': 13, '5_not_shown': 284, 'needs_browser': 153}
525/10237 1258.8/min {'1_mostbet_only': 26, '2_no_ads': 24, '3_other_only': 3, '4_mixed': 1, '5_dead': 13, '5_not_shown': 295, 'needs_browser': 163}
550/10237 1228.0/min {'1_mostbet_only': 27, '2_no_ads': 26, '3_other_only': 3, '4_mixed': 1, '5_dead': 13, '5_not_shown': 310, 'needs_browser': 170}
575/10237 1198.9/min {'1_mostbet_only': 30, '2_no_ads': 27, '3_other_only': 3, '4_mixed': 1, '5_dead': 13, '5_not_shown': 322, 'needs_browser': 179}
600/10237 1177.4/min {'1_mostbet_only': 31, '2_no_ads': 29, '3_other_only': 3, '4_mixed': 2, '5_dead': 13, '5_not_shown': 334, 'needs_browser': 188}
625/10237 1162.8/min {'1_mostbet_only': 31, '2_no_ads': 30, '3_other_only': 4, '4_mixed': 2, '5_dead': 13, '5_not_shown': 348, 'needs_browser': 197}
650/10237 1189.0/min {'1_mostbet_only': 33, '2_no_ads': 30, '3_other_only': 4, '4_mixed': 2, '5_dead': 13, '5_not_shown': 362, 'needs_browser': 206}
675/10237 1197.3/min {'1_mostbet_only': 33, '2_no_ads': 31, '3_other_only': 4, '4_mixed': 2, '5_dead': 13, '5_not_shown': 374, 'needs_browser': 218}
700/10237 1188.4/min {'1_mostbet_only': 34, '2_no_ads': 31, '3_other_only': 5, '4_mixed': 2, '5_dead': 14, '5_not_shown': 388, 'needs_browser': 226}
725/10237 1195.0/min {'1_mostbet_only': 34, '2_no_ads': 33, '3_other_only': 5, '4_mixed': 2, '5_dead': 14, '5_not_shown': 406, 'needs_browser': 231}
750/10237 1125.9/min {'1_mostbet_only': 34, '2_no_ads': 33, '3_other_only': 6, '4_mixed': 2, '5_dead': 15, '5_not_shown': 423, 'needs_browser': 237}
775/10237 1143.5/min {'1_mostbet_only': 37, '2_no_ads': 34, '3_other_only': 6, '4_mixed': 2, '5_dead': 17, '5_not_shown': 435, 'needs_browser': 244}
800/10237 1165.9/min {'1_mostbet_only': 37, '2_no_ads': 34, '3_other_only': 6, '4_mixed': 2, '5_dead': 20, '5_not_shown': 443, 'needs_browser': 258}
825/10237 1160.5/min {'1_mostbet_only': 37, '2_no_ads': 35, '3_other_only': 6, '4_mixed': 2, '5_dead': 20, '5_not_shown': 461, 'needs_browser': 264}
850/10237 1165.9/min {'1_mostbet_only': 38, '2_no_ads': 41, '3_other_only': 6, '4_mixed': 2, '5_dead': 20, '5_not_shown': 477, 'needs_browser': 266}
875/10237 1183.1/min {'1_mostbet_only': 41, '2_no_ads': 45, '3_other_only': 6, '4_mixed': 2, '5_dead': 20, '5_not_shown': 494, 'needs_browser': 267}
900/10237 1199.2/min {'1_mostbet_only': 51, '2_no_ads': 47, '3_other_only': 6, '4_mixed': 2, '5_dead': 20, '5_not_shown': 506, 'needs_browser': 268}
925/10237 1220.1/min {'1_mostbet_only': 54, '2_no_ads': 47, '3_other_only': 6, '4_mixed': 2, '5_dead': 20, '5_not_shown': 526, 'needs_browser': 270}
950/10237 1241.8/min {'1_mostbet_only': 56, '2_no_ads': 51, '3_other_only': 7, '4_mixed': 2, '5_dead': 20, '5_not_shown': 543, 'needs_browser': 271}
975/10237 1263.4/min {'1_mostbet_only': 60, '2_no_ads': 54, '3_other_only': 7, '4_mixed': 2, '5_dead': 20, '5_not_shown': 560, 'needs_browser': 272}
1000/10237 1283.4/min {'1_mostbet_only': 62, '2_no_ads': 55, '3_other_only': 7, '4_mixed': 2, '5_dead': 20, '5_not_shown': 577, 'needs_browser': 277}
1025/10237 1304.1/min {'1_mostbet_only': 66, '2_no_ads': 60, '3_other_only': 7, '4_mixed': 2, '5_dead': 20, '5_not_shown': 590, 'needs_browser': 280}
1050/10237 1324.0/min {'1_mostbet_only': 67, '2_no_ads': 62, '3_other_only': 7, '4_mixed': 2, '5_dead': 20, '5_not_shown': 611, 'needs_browser': 281}
1075/10237 1345.4/min {'1_mostbet_only': 68, '2_no_ads': 63, '3_other_only': 7, '4_mixed': 2, '5_dead': 20, '5_not_shown': 634, 'needs_browser': 281}
1100/10237 1368.2/min {'1_mostbet_only': 69, '2_no_ads': 67, '3_other_only': 7, '4_mixed': 2, '5_dead': 20, '5_not_shown': 653, 'needs_browser': 282}
1125/10237 1388.3/min {'1_mostbet_only': 73, '2_no_ads': 68, '3_other_only': 7, '4_mixed': 2, '5_dead': 20, '5_not_shown': 671, 'needs_browser': 284}
1150/10237 1406.9/min {'1_mostbet_only': 75, '2_no_ads': 72, '3_other_only': 7, '4_mixed': 2, '5_dead': 20, '5_not_shown': 690, 'needs_browser': 284}
1175/10237 1427.1/min {'1_mostbet_only': 80, '2_no_ads': 73, '3_other_only': 7, '4_mixed': 2, '5_dead': 20, '5_not_shown': 706, 'needs_browser': 287}
1200/10237 1444.8/min {'1_mostbet_only': 81, '2_no_ads': 76, '3_other_only': 7, '4_mixed': 2, '5_dead': 20, '5_not_shown': 727, 'needs_browser': 287}
1225/10237 1462.3/min {'1_mostbet_only': 83, '2_no_ads': 79, '3_other_only': 7, '4_mixed': 2, '5_dead': 20, '5_not_shown': 744, 'needs_browser': 290}
1250/10237 1484.9/min {'1_mostbet_only': 84, '2_no_ads': 82, '3_other_only': 7, '4_mixed': 2, '5_dead': 20, '5_not_shown': 765, 'needs_browser': 290}
1275/10237 1503.5/min {'1_mostbet_only': 85, '2_no_ads': 83, '3_other_only': 7, '4_mixed': 2, '5_dead': 21, '5_not_shown': 786, 'needs_browser': 291}
1300/10237 1524.3/min {'1_mostbet_only': 85, '2_no_ads': 86, '3_other_only': 7, '4_mixed': 2, '5_dead': 21, '5_not_shown': 808, 'needs_browser': 291}
1325/10237 1544.8/min {'1_mostbet_only': 85, '2_no_ads': 87, '3_other_only': 7, '4_mixed': 2, '5_dead': 22, '5_not_shown': 829, 'needs_browser': 293}
1350/10237 1564.6/min {'1_mostbet_only': 87, '2_no_ads': 88, '3_other_only': 7, '4_mixed': 2, '5_dead': 22, '5_not_shown': 851, 'needs_browser': 293}
1375/10237 1584.6/min {'1_mostbet_only': 88, '2_no_ads': 89, '3_other_only': 7, '4_mixed': 2, '5_dead': 22, '5_not_shown': 870, 'needs_browser': 297}
1400/10237 1605.1/min {'1_mostbet_only': 88, '2_no_ads': 91, '3_other_only': 7, '4_mixed': 2, '5_dead': 24, '5_not_shown': 890, 'needs_browser': 298}
1425/10237 1627.6/min {'1_mostbet_only': 88, '2_no_ads': 92, '3_other_only': 7, '4_mixed': 2, '5_dead': 24, '5_not_shown': 911, 'needs_browser': 301}
1450/10237 1646.8/min {'1_mostbet_only': 90, '2_no_ads': 92, '3_other_only': 7, '4_mixed': 2, '5_dead': 24, '5_not_shown': 934, 'needs_browser': 301}
1475/10237 1661.5/min {'1_mostbet_only': 91, '2_no_ads': 96, '3_other_only': 7, '4_mixed': 2, '5_dead': 26, '5_not_shown': 952, 'needs_browser': 301}
1500/10237 1683.3/min {'1_mostbet_only': 93, '2_no_ads': 99, '3_other_only': 7, '4_mixed': 2, '5_dead': 26, '5_not_shown': 972, 'needs_browser': 301}
1525/10237 1691.4/min {'1_mostbet_only': 94, '2_no_ads': 106, '3_other_only': 7, '4_mixed': 2, '5_dead': 26, '5_not_shown': 983, 'needs_browser': 307}
1550/10237 1700.4/min {'1_mostbet_only': 94, '2_no_ads': 110, '3_other_only': 7, '4_mixed': 2, '5_dead': 26, '5_not_shown': 1002, 'needs_browser': 309}
1575/10237 1716.3/min {'1_mostbet_only': 95, '2_no_ads': 120, '3_other_only': 7, '4_mixed': 2, '5_dead': 26, '5_not_shown': 1013, 'needs_browser': 312}
1600/10237 1730.6/min {'1_mostbet_only': 95, '2_no_ads': 129, '3_other_only': 7, '4_mixed': 2, '5_dead': 27, '5_not_shown': 1020, 'needs_browser': 320}
1625/10237 1745.0/min {'1_mostbet_only': 95, '2_no_ads': 135, '3_other_only': 7, '4_mixed': 2, '5_dead': 27, '5_not_shown': 1030, 'needs_browser': 329}
1650/10237 1760.4/min {'1_mostbet_only': 96, '2_no_ads': 139, '3_other_only': 7, '4_mixed': 2, '5_dead': 27, '5_not_shown': 1044, 'needs_browser': 335}
1675/10237 1779.3/min {'1_mostbet_only': 97, '2_no_ads': 140, '3_other_only': 7, '4_mixed': 2, '5_dead': 27, '5_not_shown': 1062, 'needs_browser': 340}
1700/10237 1787.6/min {'1_mostbet_only': 100, '2_no_ads': 143, '3_other_only': 7, '4_mixed': 2, '5_dead': 28, '5_not_shown': 1078, 'needs_browser': 342}
1725/10237 1796.7/min {'1_mostbet_only': 100, '2_no_ads': 152, '3_other_only': 7, '4_mixed': 2, '5_dead': 28, '5_not_shown': 1089, 'needs_browser': 347}
1750/10237 1771.1/min {'1_mostbet_only': 100, '2_no_ads': 156, '3_other_only': 7, '4_mixed': 2, '5_dead': 30, '5_not_shown': 1102, 'needs_browser': 353}
1775/10237 1732.7/min {'1_mostbet_only': 101, '2_no_ads': 157, '3_other_only': 7, '4_mixed': 2, '5_dead': 36, '5_not_shown': 1115, 'needs_browser': 357}
1800/10237 1715.2/min {'1_mostbet_only': 101, '2_no_ads': 157, '3_other_only': 7, '4_mixed': 2, '5_dead': 42, '5_not_shown': 1132, 'needs_browser': 359}
1825/10237 1665.5/min {'1_mostbet_only': 101, '2_no_ads': 158, '3_other_only': 7, '4_mixed': 2, '5_dead': 44, '5_not_shown': 1148, 'needs_browser': 365}
1850/10237 1671.7/min {'1_mostbet_only': 101, '2_no_ads': 158, '3_other_only': 7, '4_mixed': 2, '5_dead': 45, '5_not_shown': 1171, 'needs_browser': 366}
1875/10237 1682.0/min {'1_mostbet_only': 101, '2_no_ads': 158, '3_other_only': 7, '4_mixed': 2, '5_dead': 45, '5_not_shown': 1188, 'needs_browser': 374}
1900/10237 1475.0/min {'1_mostbet_only': 101, '2_no_ads': 158, '3_other_only': 7, '4_mixed': 2, '5_dead': 47, '5_not_shown': 1206, 'needs_browser': 379}
1925/10237 1489.6/min {'1_mostbet_only': 101, '2_no_ads': 159, '3_other_only': 7, '4_mixed': 2, '5_dead': 47, '5_not_shown': 1227, 'needs_browser': 382}
1950/10237 1504.1/min {'1_mostbet_only': 103, '2_no_ads': 159, '3_other_only': 7, '4_mixed': 2, '5_dead': 47, '5_not_shown': 1240, 'needs_browser': 392}
1975/10237 1515.8/min {'1_mostbet_only': 104, '2_no_ads': 162, '3_other_only': 7, '4_mixed': 2, '5_dead': 47, '5_not_shown': 1254, 'needs_browser': 399}
2000/10237 1525.9/min {'1_mostbet_only': 104, '2_no_ads': 166, '3_other_only': 7, '4_mixed': 2, '5_dead': 47, '5_not_shown': 1273, 'needs_browser': 401}
2025/10237 1535.4/min {'1_mostbet_only': 107, '2_no_ads': 171, '3_other_only': 7, '4_mixed': 2, '5_dead': 47, '5_not_shown': 1285, 'needs_browser': 406}
2050/10237 1541.7/min {'1_mostbet_only': 107, '2_no_ads': 181, '3_other_only': 7, '4_mixed': 2, '5_dead': 47, '5_not_shown': 1297, 'needs_browser': 409}
2075/10237 1544.9/min {'1_mostbet_only': 113, '2_no_ads': 189, '3_other_only': 7, '4_mixed': 2, '5_dead': 47, '5_not_shown': 1308, 'needs_browser': 409}
2100/10237 1550.4/min {'1_mostbet_only': 115, '2_no_ads': 193, '3_other_only': 7, '4_mixed': 2, '5_dead': 47, '5_not_shown': 1323, 'needs_browser': 413}
2125/10237 1565.0/min {'1_mostbet_only': 116, '2_no_ads': 198, '3_other_only': 7, '4_mixed': 2, '5_dead': 47, '5_not_shown': 1332, 'needs_browser': 423}
2150/10237 1578.9/min {'1_mostbet_only': 118, '2_no_ads': 202, '3_other_only': 7, '4_mixed': 2, '5_dead': 48, '5_not_shown': 1349, 'needs_browser': 424}
2175/10237 1583.0/min {'1_mostbet_only': 119, '2_no_ads': 208, '3_other_only': 7, '4_mixed': 2, '5_dead': 48, '5_not_shown': 1365, 'needs_browser': 426}
2200/10237 1589.7/min {'1_mostbet_only': 120, '2_no_ads': 220, '3_other_only': 7, '4_mixed': 2, '5_dead': 48, '5_not_shown': 1377, 'needs_browser': 426}
2225/10237 1598.9/min {'1_mostbet_only': 122, '2_no_ads': 230, '3_other_only': 7, '4_mixed': 2, '5_dead': 48, '5_not_shown': 1388, 'needs_browser': 428}
2250/10237 1610.6/min {'1_mostbet_only': 129, '2_no_ads': 235, '3_other_only': 7, '4_mixed': 2, '5_dead': 48, '5_not_shown': 1389, 'needs_browser': 440}
2275/10237 1620.1/min {'1_mostbet_only': 141, '2_no_ads': 236, '3_other_only': 7, '4_mixed': 2, '5_dead': 48, '5_not_shown': 1392, 'needs_browser': 449}
2300/10237 1631.6/min {'1_mostbet_only': 147, '2_no_ads': 237, '3_other_only': 7, '4_mixed': 2, '5_dead': 48, '5_not_shown': 1404, 'needs_browser': 455}
2325/10237 1645.4/min {'1_mostbet_only': 154, '2_no_ads': 237, '3_other_only': 7, '4_mixed': 2, '5_dead': 48, '5_not_shown': 1418, 'needs_browser': 459}
2350/10237 1655.4/min {'1_mostbet_only': 158, '2_no_ads': 237, '3_other_only': 7, '4_mixed': 2, '5_dead': 48, '5_not_shown': 1430, 'needs_browser': 468}
2375/10237 1666.4/min {'1_mostbet_only': 164, '2_no_ads': 238, '3_other_only': 7, '4_mixed': 2, '5_dead': 48, '5_not_shown': 1439, 'needs_browser': 477}
2400/10237 1675.3/min {'1_mostbet_only': 176, '2_no_ads': 238, '3_other_only': 7, '4_mixed': 2, '5_dead': 48, '5_not_shown': 1448, 'needs_browser': 481}
2425/10237 1685.7/min {'1_mostbet_only': 179, '2_no_ads': 240, '3_other_only': 7, '4_mixed': 2, '5_dead': 48, '5_not_shown': 1459, 'needs_browser': 490}
2450/10237 1698.2/min {'1_mostbet_only': 180, '2_no_ads': 241, '3_other_only': 7, '4_mixed': 2, '5_dead': 48, '5_not_shown': 1466, 'needs_browser': 506}
2475/10237 1710.7/min {'1_mostbet_only': 180, '2_no_ads': 242, '3_other_only': 7, '4_mixed': 2, '5_dead': 48, '5_not_shown': 1488, 'needs_browser': 508}
2500/10237 1724.7/min {'1_mostbet_only': 180, '2_no_ads': 243, '3_other_only': 7, '4_mixed': 2, '5_dead': 49, '5_not_shown': 1511, 'needs_browser': 508}
2525/10237 1738.3/min {'1_mostbet_only': 182, '2_no_ads': 243, '3_other_only': 7, '4_mixed': 2, '5_dead': 49, '5_not_shown': 1533, 'needs_browser': 509}
2550/10237 1748.7/min {'1_mostbet_only': 182, '2_no_ads': 245, '3_other_only': 7, '4_mixed': 2, '5_dead': 49, '5_not_shown': 1552, 'needs_browser': 513}
2575/10237 1758.7/min {'1_mostbet_only': 189, '2_no_ads': 245, '3_other_only': 7, '4_mixed': 2, '5_dead': 49, '5_not_shown': 1565, 'needs_browser': 518}
2600/10237 1767.1/min {'1_mostbet_only': 191, '2_no_ads': 251, '3_other_only': 7, '4_mixed': 2, '5_dead': 49, '5_not_shown': 1577, 'needs_browser': 523}
2625/10237 1772.5/min {'1_mostbet_only': 192, '2_no_ads': 257, '3_other_only': 7, '4_mixed': 2, '5_dead': 49, '5_not_shown': 1589, 'needs_browser': 529}
2650/10237 1778.7/min {'1_mostbet_only': 196, '2_no_ads': 265, '3_other_only': 7, '4_mixed': 2, '5_dead': 49, '5_not_shown': 1595, 'needs_browser': 536}
2675/10237 1783.6/min {'1_mostbet_only': 197, '2_no_ads': 277, '3_other_only': 7, '4_mixed': 2, '5_dead': 49, '5_not_shown': 1605, 'needs_browser': 538}
2700/10237 1788.7/min {'1_mostbet_only': 198, '2_no_ads': 287, '3_other_only': 7, '4_mixed': 2, '5_dead': 49, '5_not_shown': 1618, 'needs_browser': 539}
2725/10237 1789.7/min {'1_mostbet_only': 198, '2_no_ads': 294, '3_other_only': 7, '4_mixed': 2, '5_dead': 50, '5_not_shown': 1634, 'needs_browser': 540}
2750/10237 1790.9/min {'1_mostbet_only': 199, '2_no_ads': 298, '3_other_only': 7, '4_mixed': 2, '5_dead': 50, '5_not_shown': 1651, 'needs_browser': 543}
2775/10237 1799.7/min {'1_mostbet_only': 200, '2_no_ads': 303, '3_other_only': 7, '4_mixed': 2, '5_dead': 50, '5_not_shown': 1658, 'needs_browser': 555}
2800/10237 1801.7/min {'1_mostbet_only': 200, '2_no_ads': 314, '3_other_only': 7, '4_mixed': 2, '5_dead': 50, '5_not_shown': 1671, 'needs_browser': 556}
2825/10237 1805.0/min {'1_mostbet_only': 200, '2_no_ads': 329, '3_other_only': 7, '4_mixed': 2, '5_dead': 50, '5_not_shown': 1675, 'needs_browser': 562}
2850/10237 1807.7/min {'1_mostbet_only': 200, '2_no_ads': 342, '3_other_only': 7, '4_mixed': 2, '5_dead': 50, '5_not_shown': 1685, 'needs_browser': 564}
2875/10237 1810.8/min {'1_mostbet_only': 200, '2_no_ads': 354, '3_other_only': 7, '4_mixed': 2, '5_dead': 50, '5_not_shown': 1697, 'needs_browser': 565}
2900/10237 1816.1/min {'1_mostbet_only': 202, '2_no_ads': 360, '3_other_only': 7, '4_mixed': 2, '5_dead': 50, '5_not_shown': 1713, 'needs_browser': 566}
2925/10237 1816.9/min {'1_mostbet_only': 202, '2_no_ads': 370, '3_other_only': 7, '4_mixed': 2, '5_dead': 50, '5_not_shown': 1728, 'needs_browser': 566}
2950/10237 1821.3/min {'1_mostbet_only': 202, '2_no_ads': 377, '3_other_only': 7, '4_mixed': 2, '5_dead': 50, '5_not_shown': 1746, 'needs_browser': 566}
2975/10237 1827.5/min {'1_mostbet_only': 202, '2_no_ads': 386, '3_other_only': 7, '4_mixed': 2, '5_dead': 50, '5_not_shown': 1762, 'needs_browser': 566}
3000/10237 1832.4/min {'1_mostbet_only': 202, '2_no_ads': 393, '3_other_only': 7, '4_mixed': 2, '5_dead': 50, '5_not_shown': 1780, 'needs_browser': 566}
3025/10237 1832.3/min {'1_mostbet_only': 203, '2_no_ads': 404, '3_other_only': 7, '4_mixed': 2, '5_dead': 50, '5_not_shown': 1793, 'needs_browser': 566}
3050/10237 1841.7/min {'1_mostbet_only': 207, '2_no_ads': 408, '3_other_only': 7, '4_mixed': 2, '5_dead': 50, '5_not_shown': 1810, 'needs_browser': 566}
3075/10237 1846.2/min {'1_mostbet_only': 213, '2_no_ads': 412, '3_other_only': 7, '4_mixed': 2, '5_dead': 50, '5_not_shown': 1825, 'needs_browser': 566}
3100/10237 1852.0/min {'1_mostbet_only': 213, '2_no_ads': 421, '3_other_only': 7, '4_mixed': 2, '5_dead': 52, '5_not_shown': 1839, 'needs_browser': 566}
3125/10237 1854.9/min {'1_mostbet_only': 214, '2_no_ads': 433, '3_other_only': 7, '4_mixed': 2, '5_dead': 52, '5_not_shown': 1851, 'needs_browser': 566}
3150/10237 1860.2/min {'1_mostbet_only': 214, '2_no_ads': 442, '3_other_only': 7, '4_mixed': 2, '5_dead': 52, '5_not_shown': 1865, 'needs_browser': 568}
3175/10237 1864.5/min {'1_mostbet_only': 214, '2_no_ads': 452, '3_other_only': 7, '4_mixed': 2, '5_dead': 53, '5_not_shown': 1879, 'needs_browser': 568}
3200/10237 1873.8/min {'1_mostbet_only': 215, '2_no_ads': 454, '3_other_only': 7, '4_mixed': 2, '5_dead': 53, '5_not_shown': 1895, 'needs_browser': 574}
3225/10237 1881.3/min {'1_mostbet_only': 215, '2_no_ads': 456, '3_other_only': 7, '4_mixed': 2, '5_dead': 53, '5_not_shown': 1914, 'needs_browser': 578}
3250/10237 1888.1/min {'1_mostbet_only': 216, '2_no_ads': 464, '3_other_only': 7, '4_mixed': 2, '5_dead': 53, '5_not_shown': 1925, 'needs_browser': 583}
3275/10237 1897.5/min {'1_mostbet_only': 216, '2_no_ads': 465, '3_other_only': 7, '4_mixed': 2, '5_dead': 53, '5_not_shown': 1942, 'needs_browser': 590}
3300/10237 1906.3/min {'1_mostbet_only': 216, '2_no_ads': 466, '3_other_only': 7, '4_mixed': 2, '5_dead': 53, '5_not_shown': 1959, 'needs_browser': 597}
3325/10237 1907.6/min {'1_mostbet_only': 216, '2_no_ads': 472, '3_other_only': 7, '4_mixed': 2, '5_dead': 53, '5_not_shown': 1976, 'needs_browser': 599}
3350/10237 1911.4/min {'1_mostbet_only': 220, '2_no_ads': 477, '3_other_only': 7, '4_mixed': 2, '5_dead': 53, '5_not_shown': 1988, 'needs_browser': 603}
3375/10237 1916.7/min {'1_mostbet_only': 223, '2_no_ads': 484, '3_other_only': 7, '4_mixed': 2, '5_dead': 53, '5_not_shown': 2000, 'needs_browser': 606}
3400/10237 1924.2/min {'1_mostbet_only': 225, '2_no_ads': 488, '3_other_only': 7, '4_mixed': 2, '5_dead': 53, '5_not_shown': 2016, 'needs_browser': 609}
3425/10237 1932.0/min {'1_mostbet_only': 227, '2_no_ads': 492, '3_other_only': 7, '4_mixed': 2, '5_dead': 53, '5_not_shown': 2034, 'needs_browser': 610}
3450/10237 1939.5/min {'1_mostbet_only': 228, '2_no_ads': 498, '3_other_only': 7, '4_mixed': 2, '5_dead': 53, '5_not_shown': 2052, 'needs_browser': 610}
3475/10237 1945.3/min {'1_mostbet_only': 228, '2_no_ads': 505, '3_other_only': 7, '4_mixed': 2, '5_dead': 53, '5_not_shown': 2069, 'needs_browser': 611}
3500/10237 1952.1/min {'1_mostbet_only': 229, '2_no_ads': 517, '3_other_only': 7, '4_mixed': 2, '5_dead': 55, '5_not_shown': 2076, 'needs_browser': 614}
3525/10237 1956.9/min {'1_mostbet_only': 231, '2_no_ads': 525, '3_other_only': 7, '4_mixed': 2, '5_dead': 55, '5_not_shown': 2090, 'needs_browser': 615}
3550/10237 1963.2/min {'1_mostbet_only': 232, '2_no_ads': 529, '3_other_only': 7, '4_mixed': 2, '5_dead': 55, '5_not_shown': 2110, 'needs_browser': 615}
3575/10237 1963.4/min {'1_mostbet_only': 233, '2_no_ads': 539, '3_other_only': 8, '4_mixed': 2, '5_dead': 55, '5_not_shown': 2123, 'needs_browser': 615}
3600/10237 1969.3/min {'1_mostbet_only': 234, '2_no_ads': 552, '3_other_only': 8, '4_mixed': 2, '5_dead': 55, '5_not_shown': 2130, 'needs_browser': 619}
3625/10237 1976.7/min {'1_mostbet_only': 235, '2_no_ads': 557, '3_other_only': 8, '4_mixed': 2, '5_dead': 55, '5_not_shown': 2141, 'needs_browser': 627}
3650/10237 1985.1/min {'1_mostbet_only': 236, '2_no_ads': 562, '3_other_only': 8, '4_mixed': 2, '5_dead': 55, '5_not_shown': 2159, 'needs_browser': 628}
3675/10237 1986.2/min {'1_mostbet_only': 238, '2_no_ads': 574, '3_other_only': 8, '4_mixed': 2, '5_dead': 55, '5_not_shown': 2170, 'needs_browser': 628}
3700/10237 1987.0/min {'1_mostbet_only': 240, '2_no_ads': 588, '3_other_only': 8, '4_mixed': 2, '5_dead': 55, '5_not_shown': 2179, 'needs_browser': 628}
3725/10237 1990.1/min {'1_mostbet_only': 243, '2_no_ads': 594, '3_other_only': 8, '4_mixed': 2, '5_dead': 56, '5_not_shown': 2194, 'needs_browser': 628}
3750/10237 1994.1/min {'1_mostbet_only': 247, '2_no_ads': 604, '3_other_only': 8, '4_mixed': 2, '5_dead': 56, '5_not_shown': 2204, 'needs_browser': 629}
3775/10237 1991.0/min {'1_mostbet_only': 250, '2_no_ads': 616, '3_other_only': 8, '4_mixed': 2, '5_dead': 56, '5_not_shown': 2214, 'needs_browser': 629}
3800/10237 1992.7/min {'1_mostbet_only': 250, '2_no_ads': 627, '3_other_only': 8, '4_mixed': 2, '5_dead': 56, '5_not_shown': 2228, 'needs_browser': 629}
3825/10237 1998.5/min {'1_mostbet_only': 251, '2_no_ads': 640, '3_other_only': 8, '4_mixed': 2, '5_dead': 56, '5_not_shown': 2239, 'needs_browser': 629}
3850/10237 2005.5/min {'1_mostbet_only': 258, '2_no_ads': 650, '3_other_only': 8, '4_mixed': 2, '5_dead': 56, '5_not_shown': 2247, 'needs_browser': 629}
3875/10237 2013.0/min {'1_mostbet_only': 261, '2_no_ads': 651, '3_other_only': 8, '4_mixed': 2, '5_dead': 56, '5_not_shown': 2258, 'needs_browser': 639}
3900/10237 2022.9/min {'1_mostbet_only': 262, '2_no_ads': 653, '3_other_only': 8, '4_mixed': 2, '5_dead': 56, '5_not_shown': 2270, 'needs_browser': 649}
3925/10237 2033.1/min {'1_mostbet_only': 262, '2_no_ads': 655, '3_other_only': 9, '4_mixed': 2, '5_dead': 56, '5_not_shown': 2281, 'needs_browser': 660}
3950/10237 2041.4/min {'1_mostbet_only': 264, '2_no_ads': 656, '3_other_only': 9, '4_mixed': 2, '5_dead': 56, '5_not_shown': 2303, 'needs_browser': 660}
3975/10237 2043.5/min {'1_mostbet_only': 266, '2_no_ads': 666, '3_other_only': 9, '4_mixed': 2, '5_dead': 56, '5_not_shown': 2314, 'needs_browser': 662}
4000/10237 2043.1/min {'1_mostbet_only': 266, '2_no_ads': 682, '3_other_only': 9, '4_mixed': 2, '5_dead': 56, '5_not_shown': 2322, 'needs_browser': 663}
4025/10237 2047.5/min {'1_mostbet_only': 268, '2_no_ads': 685, '3_other_only': 9, '4_mixed': 2, '5_dead': 56, '5_not_shown': 2341, 'needs_browser': 664}
4050/10237 2054.5/min {'1_mostbet_only': 268, '2_no_ads': 693, '3_other_only': 9, '4_mixed': 2, '5_dead': 56, '5_not_shown': 2351, 'needs_browser': 671}
4075/10237 2060.8/min {'1_mostbet_only': 269, '2_no_ads': 703, '3_other_only': 9, '4_mixed': 2, '5_dead': 56, '5_not_shown': 2365, 'needs_browser': 671}
4100/10237 2062.3/min {'1_mostbet_only': 273, '2_no_ads': 708, '3_other_only': 9, '4_mixed': 2, '5_dead': 56, '5_not_shown': 2380, 'needs_browser': 672}
4125/10237 2069.4/min {'1_mostbet_only': 277, '2_no_ads': 716, '3_other_only': 9, '4_mixed': 2, '5_dead': 56, '5_not_shown': 2393, 'needs_browser': 672}
4150/10237 2073.2/min {'1_mostbet_only': 278, '2_no_ads': 724, '3_other_only': 9, '4_mixed': 2, '5_dead': 56, '5_not_shown': 2405, 'needs_browser': 676}
4175/10237 2079.9/min {'1_mostbet_only': 278, '2_no_ads': 730, '3_other_only': 9, '4_mixed': 2, '5_dead': 56, '5_not_shown': 2422, 'needs_browser': 678}
4200/10237 2085.7/min {'1_mostbet_only': 281, '2_no_ads': 738, '3_other_only': 9, '4_mixed': 2, '5_dead': 56, '5_not_shown': 2433, 'needs_browser': 681}
4225/10237 2088.8/min {'1_mostbet_only': 281, '2_no_ads': 746, '3_other_only': 9, '4_mixed': 2, '5_dead': 56, '5_not_shown': 2449, 'needs_browser': 682}
4250/10237 2096.7/min {'1_mostbet_only': 285, '2_no_ads': 750, '3_other_only': 9, '4_mixed': 2, '5_dead': 56, '5_not_shown': 2464, 'needs_browser': 684}
4275/10237 2099.9/min {'1_mostbet_only': 288, '2_no_ads': 754, '3_other_only': 9, '4_mixed': 2, '5_dead': 56, '5_not_shown': 2479, 'needs_browser': 687}
4300/10237 2099.1/min {'1_mostbet_only': 291, '2_no_ads': 763, '3_other_only': 9, '4_mixed': 2, '5_dead': 56, '5_not_shown': 2490, 'needs_browser': 689}
4325/10237 2105.6/min {'1_mostbet_only': 291, '2_no_ads': 768, '3_other_only': 9, '4_mixed': 2, '5_dead': 56, '5_not_shown': 2504, 'needs_browser': 695}
4350/10237 2109.8/min {'1_mostbet_only': 292, '2_no_ads': 772, '3_other_only': 9, '4_mixed': 2, '5_dead': 58, '5_not_shown': 2519, 'needs_browser': 698}
4375/10237 2110.5/min {'1_mostbet_only': 292, '2_no_ads': 780, '3_other_only': 9, '4_mixed': 2, '5_dead': 58, '5_not_shown': 2536, 'needs_browser': 698}
4400/10237 2117.4/min {'1_mostbet_only': 292, '2_no_ads': 792, '3_other_only': 9, '4_mixed': 2, '5_dead': 58, '5_not_shown': 2549, 'needs_browser': 698}
4425/10237 2119.6/min {'1_mostbet_only': 296, '2_no_ads': 797, '3_other_only': 9, '4_mixed': 2, '5_dead': 58, '5_not_shown': 2564, 'needs_browser': 699}
4450/10237 2124.2/min {'1_mostbet_only': 299, '2_no_ads': 807, '3_other_only': 9, '4_mixed': 2, '5_dead': 59, '5_not_shown': 2575, 'needs_browser': 699}
4475/10237 2127.6/min {'1_mostbet_only': 305, '2_no_ads': 819, '3_other_only': 9, '4_mixed': 2, '5_dead': 59, '5_not_shown': 2580, 'needs_browser': 701}
4500/10237 2133.7/min {'1_mostbet_only': 305, '2_no_ads': 823, '3_other_only': 9, '4_mixed': 2, '5_dead': 59, '5_not_shown': 2599, 'needs_browser': 703}
4525/10237 2137.7/min {'1_mostbet_only': 305, '2_no_ads': 833, '3_other_only': 9, '4_mixed': 2, '5_dead': 59, '5_not_shown': 2613, 'needs_browser': 704}
4550/10237 2140.7/min {'1_mostbet_only': 306, '2_no_ads': 840, '3_other_only': 9, '4_mixed': 2, '5_dead': 59, '5_not_shown': 2630, 'needs_browser': 704}
4575/10237 2147.2/min {'1_mostbet_only': 306, '2_no_ads': 847, '3_other_only': 9, '4_mixed': 2, '5_dead': 59, '5_not_shown': 2644, 'needs_browser': 708}
4600/10237 2146.0/min {'1_mostbet_only': 317, '2_no_ads': 855, '3_other_only': 9, '4_mixed': 2, '5_dead': 60, '5_not_shown': 2648, 'needs_browser': 709}
4625/10237 2150.8/min {'1_mostbet_only': 322, '2_no_ads': 859, '3_other_only': 9, '4_mixed': 2, '5_dead': 60, '5_not_shown': 2650, 'needs_browser': 723}
4650/10237 2152.8/min {'1_mostbet_only': 326, '2_no_ads': 863, '3_other_only': 9, '4_mixed': 2, '5_dead': 60, '5_not_shown': 2662, 'needs_browser': 728}
4675/10237 2156.6/min {'1_mostbet_only': 331, '2_no_ads': 871, '3_other_only': 9, '4_mixed': 2, '5_dead': 60, '5_not_shown': 2668, 'needs_browser': 734}
4700/10237 2163.6/min {'1_mostbet_only': 332, '2_no_ads': 873, '3_other_only': 9, '4_mixed': 2, '5_dead': 60, '5_not_shown': 2683, 'needs_browser': 741}
4725/10237 2163.0/min {'1_mostbet_only': 333, '2_no_ads': 885, '3_other_only': 9, '4_mixed': 2, '5_dead': 60, '5_not_shown': 2694, 'needs_browser': 742}
4750/10237 2163.7/min {'1_mostbet_only': 333, '2_no_ads': 894, '3_other_only': 9, '4_mixed': 2, '5_dead': 60, '5_not_shown': 2703, 'needs_browser': 749}
4775/10237 2172.2/min {'1_mostbet_only': 334, '2_no_ads': 902, '3_other_only': 9, '4_mixed': 2, '5_dead': 60, '5_not_shown': 2719, 'needs_browser': 749}
4800/10237 2177.0/min {'1_mostbet_only': 339, '2_no_ads': 906, '3_other_only': 9, '4_mixed': 2, '5_dead': 60, '5_not_shown': 2732, 'needs_browser': 752}
4825/10237 2175.9/min {'1_mostbet_only': 339, '2_no_ads': 916, '3_other_only': 9, '4_mixed': 2, '5_dead': 60, '5_not_shown': 2746, 'needs_browser': 753}
4850/10237 2184.1/min {'1_mostbet_only': 340, '2_no_ads': 923, '3_other_only': 9, '4_mixed': 2, '5_dead': 60, '5_not_shown': 2760, 'needs_browser': 756}
4875/10237 2185.6/min {'1_mostbet_only': 342, '2_no_ads': 929, '3_other_only': 9, '4_mixed': 2, '5_dead': 60, '5_not_shown': 2769, 'needs_browser': 764}
4900/10237 2189.3/min {'1_mostbet_only': 348, '2_no_ads': 934, '3_other_only': 9, '4_mixed': 2, '5_dead': 60, '5_not_shown': 2780, 'needs_browser': 767}
4925/10237 2193.3/min {'1_mostbet_only': 351, '2_no_ads': 938, '3_other_only': 9, '4_mixed': 2, '5_dead': 60, '5_not_shown': 2794, 'needs_browser': 771}
4950/10237 2193.8/min {'1_mostbet_only': 354, '2_no_ads': 943, '3_other_only': 9, '4_mixed': 2, '5_dead': 60, '5_not_shown': 2811, 'needs_browser': 771}
4975/10237 2199.3/min {'1_mostbet_only': 355, '2_no_ads': 952, '3_other_only': 9, '4_mixed': 2, '5_dead': 60, '5_not_shown': 2825, 'needs_browser': 772}
5000/10237 2192.8/min {'1_mostbet_only': 355, '2_no_ads': 961, '3_other_only': 9, '4_mixed': 2, '5_dead': 60, '5_not_shown': 2840, 'needs_browser': 773}
5025/10237 2197.3/min {'1_mostbet_only': 355, '2_no_ads': 977, '3_other_only': 9, '4_mixed': 2, '5_dead': 60, '5_not_shown': 2848, 'needs_browser': 774}
5050/10237 2197.8/min {'1_mostbet_only': 355, '2_no_ads': 988, '3_other_only': 9, '4_mixed': 2, '5_dead': 60, '5_not_shown': 2862, 'needs_browser': 774}
5075/10237 2200.8/min {'1_mostbet_only': 356, '2_no_ads': 1001, '3_other_only': 9, '4_mixed': 2, '5_dead': 60, '5_not_shown': 2872, 'needs_browser': 775}
5100/10237 2202.1/min {'1_mostbet_only': 356, '2_no_ads': 1011, '3_other_only': 9, '4_mixed': 2, '5_dead': 60, '5_not_shown': 2887, 'needs_browser': 775}
5125/10237 2203.4/min {'1_mostbet_only': 359, '2_no_ads': 1019, '3_other_only': 9, '4_mixed': 2, '5_dead': 60, '5_not_shown': 2899, 'needs_browser': 777}
5150/10237 2208.6/min {'1_mostbet_only': 360, '2_no_ads': 1029, '3_other_only': 9, '4_mixed': 2, '5_dead': 60, '5_not_shown': 2910, 'needs_browser': 780}
5175/10237 2209.7/min {'1_mostbet_only': 360, '2_no_ads': 1042, '3_other_only': 9, '4_mixed': 2, '5_dead': 60, '5_not_shown': 2916, 'needs_browser': 786}
5200/10237 2215.0/min {'1_mostbet_only': 360, '2_no_ads': 1044, '3_other_only': 9, '4_mixed': 2, '5_dead': 61, '5_not_shown': 2930, 'needs_browser': 794}
5225/10237 2217.6/min {'1_mostbet_only': 360, '2_no_ads': 1054, '3_other_only': 9, '4_mixed': 2, '5_dead': 61, '5_not_shown': 2943, 'needs_browser': 796}
5250/10237 2220.0/min {'1_mostbet_only': 362, '2_no_ads': 1061, '3_other_only': 9, '4_mixed': 2, '5_dead': 61, '5_not_shown': 2956, 'needs_browser': 799}
5275/10237 2224.1/min {'1_mostbet_only': 363, '2_no_ads': 1067, '3_other_only': 9, '4_mixed': 2, '5_dead': 61, '5_not_shown': 2969, 'needs_browser': 804}
5300/10237 2223.5/min {'1_mostbet_only': 364, '2_no_ads': 1076, '3_other_only': 9, '4_mixed': 2, '5_dead': 61, '5_not_shown': 2979, 'needs_browser': 809}
5325/10237 2227.4/min {'1_mostbet_only': 367, '2_no_ads': 1083, '3_other_only': 9, '4_mixed': 2, '5_dead': 61, '5_not_shown': 2992, 'needs_browser': 811}
5350/10237 2229.9/min {'1_mostbet_only': 369, '2_no_ads': 1090, '3_other_only': 9, '4_mixed': 2, '5_dead': 61, '5_not_shown': 3005, 'needs_browser': 814}
5375/10237 2230.7/min {'1_mostbet_only': 369, '2_no_ads': 1096, '3_other_only': 9, '4_mixed': 2, '5_dead': 61, '5_not_shown': 3024, 'needs_browser': 814}
5400/10237 2230.7/min {'1_mostbet_only': 370, '2_no_ads': 1106, '3_other_only': 9, '4_mixed': 2, '5_dead': 61, '5_not_shown': 3035, 'needs_browser': 817}
5425/10237 2237.7/min {'1_mostbet_only': 373, '2_no_ads': 1114, '3_other_only': 9, '4_mixed': 2, '5_dead': 61, '5_not_shown': 3037, 'needs_browser': 829}
5450/10237 2241.7/min {'1_mostbet_only': 375, '2_no_ads': 1120, '3_other_only': 9, '4_mixed': 2, '5_dead': 61, '5_not_shown': 3044, 'needs_browser': 839}
5475/10237 2243.8/min {'1_mostbet_only': 377, '2_no_ads': 1127, '3_other_only': 9, '4_mixed': 2, '5_dead': 61, '5_not_shown': 3055, 'needs_browser': 844}
5500/10237 2245.0/min {'1_mostbet_only': 381, '2_no_ads': 1132, '3_other_only': 9, '4_mixed': 2, '5_dead': 61, '5_not_shown': 3068, 'needs_browser': 847}
5525/10237 2250.3/min {'1_mostbet_only': 383, '2_no_ads': 1143, '3_other_only': 9, '4_mixed': 2, '5_dead': 61, '5_not_shown': 3078, 'needs_browser': 849}
5550/10237 2249.9/min {'1_mostbet_only': 390, '2_no_ads': 1153, '3_other_only': 9, '4_mixed': 2, '5_dead': 61, '5_not_shown': 3085, 'needs_browser': 850}
5575/10237 2254.7/min {'1_mostbet_only': 390, '2_no_ads': 1161, '3_other_only': 9, '4_mixed': 2, '5_dead': 61, '5_not_shown': 3102, 'needs_browser': 850}
5600/10237 2257.1/min {'1_mostbet_only': 391, '2_no_ads': 1171, '3_other_only': 9, '4_mixed': 2, '5_dead': 61, '5_not_shown': 3114, 'needs_browser': 852}
5625/10237 2254.5/min {'1_mostbet_only': 392, '2_no_ads': 1182, '3_other_only': 9, '4_mixed': 2, '5_dead': 61, '5_not_shown': 3127, 'needs_browser': 852}
5650/10237 2258.4/min {'1_mostbet_only': 392, '2_no_ads': 1190, '3_other_only': 9, '4_mixed': 2, '5_dead': 62, '5_not_shown': 3140, 'needs_browser': 855}
5675/10237 2262.0/min {'1_mostbet_only': 392, '2_no_ads': 1195, '3_other_only': 9, '4_mixed': 2, '5_dead': 62, '5_not_shown': 3157, 'needs_browser': 858}
5700/10237 2266.8/min {'1_mostbet_only': 395, '2_no_ads': 1201, '3_other_only': 9, '4_mixed': 2, '5_dead': 62, '5_not_shown': 3164, 'needs_browser': 867}
5725/10237 2268.8/min {'1_mostbet_only': 401, '2_no_ads': 1203, '3_other_only': 9, '4_mixed': 2, '5_dead': 62, '5_not_shown': 3180, 'needs_browser': 868}
5750/10237 2272.2/min {'1_mostbet_only': 406, '2_no_ads': 1210, '3_other_only': 9, '4_mixed': 2, '5_dead': 62, '5_not_shown': 3189, 'needs_browser': 872}
5775/10237 2276.5/min {'1_mostbet_only': 410, '2_no_ads': 1214, '3_other_only': 9, '4_mixed': 2, '5_dead': 62, '5_not_shown': 3199, 'needs_browser': 879}
5800/10237 2277.8/min {'1_mostbet_only': 411, '2_no_ads': 1219, '3_other_only': 9, '4_mixed': 2, '5_dead': 62, '5_not_shown': 3218, 'needs_browser': 879}
5825/10237 2270.9/min {'1_mostbet_only': 411, '2_no_ads': 1228, '3_other_only': 9, '4_mixed': 2, '5_dead': 62, '5_not_shown': 3234, 'needs_browser': 879}
5850/10237 2269.8/min {'1_mostbet_only': 414, '2_no_ads': 1237, '3_other_only': 9, '4_mixed': 2, '5_dead': 62, '5_not_shown': 3247, 'needs_browser': 879}
5875/10237 2270.9/min {'1_mostbet_only': 415, '2_no_ads': 1246, '3_other_only': 9, '4_mixed': 2, '5_dead': 62, '5_not_shown': 3262, 'needs_browser': 879}
5900/10237 2271.1/min {'1_mostbet_only': 416, '2_no_ads': 1258, '3_other_only': 9, '4_mixed': 2, '5_dead': 62, '5_not_shown': 3272, 'needs_browser': 881}
5925/10237 2276.4/min {'1_mostbet_only': 416, '2_no_ads': 1263, '3_other_only': 9, '4_mixed': 2, '5_dead': 62, '5_not_shown': 3287, 'needs_browser': 886}
5950/10237 2280.8/min {'1_mostbet_only': 416, '2_no_ads': 1269, '3_other_only': 9, '4_mixed': 2, '5_dead': 63, '5_not_shown': 3298, 'needs_browser': 893}
5975/10237 2283.0/min {'1_mostbet_only': 421, '2_no_ads': 1272, '3_other_only': 9, '4_mixed': 2, '5_dead': 63, '5_not_shown': 3315, 'needs_browser': 893}
6000/10237 2283.6/min {'1_mostbet_only': 425, '2_no_ads': 1278, '3_other_only': 9, '4_mixed': 2, '5_dead': 63, '5_not_shown': 3328, 'needs_browser': 895}
6025/10237 2283.4/min {'1_mostbet_only': 428, '2_no_ads': 1284, '3_other_only': 9, '4_mixed': 2, '5_dead': 63, '5_not_shown': 3342, 'needs_browser': 897}
6050/10237 2285.4/min {'1_mostbet_only': 432, '2_no_ads': 1293, '3_other_only': 9, '4_mixed': 2, '5_dead': 63, '5_not_shown': 3354, 'needs_browser': 897}
6075/10237 2288.2/min {'1_mostbet_only': 432, '2_no_ads': 1304, '3_other_only': 9, '4_mixed': 2, '5_dead': 63, '5_not_shown': 3367, 'needs_browser': 898}
6100/10237 2289.6/min {'1_mostbet_only': 433, '2_no_ads': 1312, '3_other_only': 9, '4_mixed': 2, '5_dead': 63, '5_not_shown': 3383, 'needs_browser': 898}
6125/10237 2291.1/min {'1_mostbet_only': 437, '2_no_ads': 1318, '3_other_only': 9, '4_mixed': 2, '5_dead': 63, '5_not_shown': 3398, 'needs_browser': 898}
6150/10237 2294.9/min {'1_mostbet_only': 438, '2_no_ads': 1321, '3_other_only': 9, '4_mixed': 2, '5_dead': 64, '5_not_shown': 3418, 'needs_browser': 898}
6175/10237 2298.8/min {'1_mostbet_only': 440, '2_no_ads': 1325, '3_other_only': 9, '4_mixed': 2, '5_dead': 64, '5_not_shown': 3437, 'needs_browser': 898}
6200/10237 2303.0/min {'1_mostbet_only': 442, '2_no_ads': 1325, '3_other_only': 9, '4_mixed': 2, '5_dead': 64, '5_not_shown': 3460, 'needs_browser': 898}
6225/10237 2304.8/min {'1_mostbet_only': 442, '2_no_ads': 1331, '3_other_only': 9, '4_mixed': 2, '5_dead': 64, '5_not_shown': 3479, 'needs_browser': 898}
6250/10237 2311.6/min {'1_mostbet_only': 442, '2_no_ads': 1337, '3_other_only': 9, '4_mixed': 2, '5_dead': 65, '5_not_shown': 3497, 'needs_browser': 898}
6275/10237 2316.6/min {'1_mostbet_only': 442, '2_no_ads': 1340, '3_other_only': 9, '4_mixed': 2, '5_dead': 65, '5_not_shown': 3519, 'needs_browser': 898}
6300/10237 2322.5/min {'1_mostbet_only': 442, '2_no_ads': 1342, '3_other_only': 9, '4_mixed': 2, '5_dead': 65, '5_not_shown': 3542, 'needs_browser': 898}
6325/10237 2329.0/min {'1_mostbet_only': 442, '2_no_ads': 1344, '3_other_only': 9, '4_mixed': 2, '5_dead': 65, '5_not_shown': 3565, 'needs_browser': 898}
6350/10237 2333.5/min {'1_mostbet_only': 442, '2_no_ads': 1347, '3_other_only': 9, '4_mixed': 2, '5_dead': 65, '5_not_shown': 3587, 'needs_browser': 898}
6375/10237 2340.5/min {'1_mostbet_only': 442, '2_no_ads': 1350, '3_other_only': 9, '4_mixed': 2, '5_dead': 65, '5_not_shown': 3609, 'needs_browser': 898}
6400/10237 2345.1/min {'1_mostbet_only': 442, '2_no_ads': 1350, '3_other_only': 9, '4_mixed': 2, '5_dead': 65, '5_not_shown': 3634, 'needs_browser': 898}
6425/10237 2351.0/min {'1_mostbet_only': 442, '2_no_ads': 1355, '3_other_only': 9, '4_mixed': 2, '5_dead': 65, '5_not_shown': 3649, 'needs_browser': 903}
6450/10237 2357.1/min {'1_mostbet_only': 443, '2_no_ads': 1356, '3_other_only': 9, '4_mixed': 2, '5_dead': 65, '5_not_shown': 3670, 'needs_browser': 905}
6475/10237 2362.3/min {'1_mostbet_only': 443, '2_no_ads': 1361, '3_other_only': 9, '4_mixed': 2, '5_dead': 65, '5_not_shown': 3690, 'needs_browser': 905}
6500/10237 2367.1/min {'1_mostbet_only': 443, '2_no_ads': 1362, '3_other_only': 9, '4_mixed': 2, '5_dead': 65, '5_not_shown': 3714, 'needs_browser': 905}
6525/10237 2372.8/min {'1_mostbet_only': 443, '2_no_ads': 1366, '3_other_only': 9, '4_mixed': 2, '5_dead': 65, '5_not_shown': 3734, 'needs_browser': 906}
6550/10237 2378.5/min {'1_mostbet_only': 443, '2_no_ads': 1367, '3_other_only': 9, '4_mixed': 2, '5_dead': 65, '5_not_shown': 3758, 'needs_browser': 906}
6575/10237 2382.9/min {'1_mostbet_only': 443, '2_no_ads': 1370, '3_other_only': 9, '4_mixed': 2, '5_dead': 65, '5_not_shown': 3780, 'needs_browser': 906}
6600/10237 2390.2/min {'1_mostbet_only': 443, '2_no_ads': 1372, '3_other_only': 9, '4_mixed': 2, '5_dead': 65, '5_not_shown': 3803, 'needs_browser': 906}
6625/10237 2394.3/min {'1_mostbet_only': 443, '2_no_ads': 1378, '3_other_only': 9, '4_mixed': 2, '5_dead': 65, '5_not_shown': 3822, 'needs_browser': 906}
6650/10237 2397.5/min {'1_mostbet_only': 443, '2_no_ads': 1384, '3_other_only': 9, '4_mixed': 2, '5_dead': 65, '5_not_shown': 3841, 'needs_browser': 906}
6675/10237 2404.6/min {'1_mostbet_only': 443, '2_no_ads': 1386, '3_other_only': 9, '4_mixed': 2, '5_dead': 65, '5_not_shown': 3864, 'needs_browser': 906}
6700/10237 2408.6/min {'1_mostbet_only': 443, '2_no_ads': 1390, '3_other_only': 9, '4_mixed': 2, '5_dead': 65, '5_not_shown': 3885, 'needs_browser': 906}
6725/10237 2414.8/min {'1_mostbet_only': 444, '2_no_ads': 1391, '3_other_only': 9, '4_mixed': 2, '5_dead': 65, '5_not_shown': 3908, 'needs_browser': 906}
6750/10237 2417.0/min {'1_mostbet_only': 444, '2_no_ads': 1397, '3_other_only': 9, '4_mixed': 2, '5_dead': 65, '5_not_shown': 3927, 'needs_browser': 906}
6775/10237 2421.9/min {'1_mostbet_only': 444, '2_no_ads': 1397, '3_other_only': 9, '4_mixed': 2, '5_dead': 65, '5_not_shown': 3952, 'needs_browser': 906}
6800/10237 2425.2/min {'1_mostbet_only': 444, '2_no_ads': 1402, '3_other_only': 9, '4_mixed': 2, '5_dead': 65, '5_not_shown': 3972, 'needs_browser': 906}
6825/10237 2433.1/min {'1_mostbet_only': 444, '2_no_ads': 1402, '3_other_only': 9, '4_mixed': 2, '5_dead': 65, '5_not_shown': 3997, 'needs_browser': 906}
6850/10237 2437.5/min {'1_mostbet_only': 444, '2_no_ads': 1407, '3_other_only': 9, '4_mixed': 2, '5_dead': 65, '5_not_shown': 4017, 'needs_browser': 906}
6875/10237 2440.3/min {'1_mostbet_only': 444, '2_no_ads': 1413, '3_other_only': 9, '4_mixed': 2, '5_dead': 65, '5_not_shown': 4036, 'needs_browser': 906}
6900/10237 2442.8/min {'1_mostbet_only': 446, '2_no_ads': 1414, '3_other_only': 9, '4_mixed': 2, '5_dead': 65, '5_not_shown': 4058, 'needs_browser': 906}
6925/10237 2447.9/min {'1_mostbet_only': 446, '2_no_ads': 1421, '3_other_only': 9, '4_mixed': 2, '5_dead': 65, '5_not_shown': 4076, 'needs_browser': 906}
6950/10237 2454.9/min {'1_mostbet_only': 446, '2_no_ads': 1421, '3_other_only': 9, '4_mixed': 2, '5_dead': 65, '5_not_shown': 4101, 'needs_browser': 906}
6975/10237 2458.2/min {'1_mostbet_only': 446, '2_no_ads': 1424, '3_other_only': 9, '4_mixed': 2, '5_dead': 65, '5_not_shown': 4123, 'needs_browser': 906}
7000/10237 2463.6/min {'1_mostbet_only': 446, '2_no_ads': 1428, '3_other_only': 9, '4_mixed': 2, '5_dead': 65, '5_not_shown': 4143, 'needs_browser': 907}
7025/10237 2470.8/min {'1_mostbet_only': 446, '2_no_ads': 1431, '3_other_only': 9, '4_mixed': 2, '5_dead': 65, '5_not_shown': 4165, 'needs_browser': 907}
7050/10237 2475.8/min {'1_mostbet_only': 446, '2_no_ads': 1431, '3_other_only': 9, '4_mixed': 2, '5_dead': 65, '5_not_shown': 4190, 'needs_browser': 907}
7075/10237 2482.4/min {'1_mostbet_only': 446, '2_no_ads': 1433, '3_other_only': 9, '4_mixed': 2, '5_dead': 65, '5_not_shown': 4213, 'needs_browser': 907}
7100/10237 2487.8/min {'1_mostbet_only': 446, '2_no_ads': 1435, '3_other_only': 9, '4_mixed': 2, '5_dead': 65, '5_not_shown': 4236, 'needs_browser': 907}
7125/10237 2492.3/min {'1_mostbet_only': 446, '2_no_ads': 1440, '3_other_only': 9, '4_mixed': 2, '5_dead': 65, '5_not_shown': 4256, 'needs_browser': 907}
7150/10237 2496.2/min {'1_mostbet_only': 446, '2_no_ads': 1446, '3_other_only': 9, '4_mixed': 2, '5_dead': 65, '5_not_shown': 4275, 'needs_browser': 907}
7175/10237 2501.6/min {'1_mostbet_only': 446, '2_no_ads': 1446, '3_other_only': 9, '4_mixed': 2, '5_dead': 65, '5_not_shown': 4300, 'needs_browser': 907}
7200/10237 2506.7/min {'1_mostbet_only': 446, '2_no_ads': 1448, '3_other_only': 9, '4_mixed': 2, '5_dead': 65, '5_not_shown': 4323, 'needs_browser': 907}
7225/10237 2510.4/min {'1_mostbet_only': 446, '2_no_ads': 1449, '3_other_only': 9, '4_mixed': 2, '5_dead': 65, '5_not_shown': 4347, 'needs_browser': 907}
7250/10237 2515.2/min {'1_mostbet_only': 446, '2_no_ads': 1456, '3_other_only': 9, '4_mixed': 2, '5_dead': 65, '5_not_shown': 4365, 'needs_browser': 907}
7275/10237 2520.7/min {'1_mostbet_only': 446, '2_no_ads': 1457, '3_other_only': 9, '4_mixed': 2, '5_dead': 65, '5_not_shown': 4389, 'needs_browser': 907}
7300/10237 2525.7/min {'1_mostbet_only': 446, '2_no_ads': 1460, '3_other_only': 9, '4_mixed': 2, '5_dead': 65, '5_not_shown': 4411, 'needs_browser': 907}
7325/10237 2533.0/min {'1_mostbet_only': 446, '2_no_ads': 1463, '3_other_only': 9, '4_mixed': 2, '5_dead': 65, '5_not_shown': 4433, 'needs_browser': 907}
7350/10237 2537.2/min {'1_mostbet_only': 446, '2_no_ads': 1463, '3_other_only': 9, '4_mixed': 2, '5_dead': 65, '5_not_shown': 4458, 'needs_browser': 907}
7375/10237 2541.4/min {'1_mostbet_only': 446, '2_no_ads': 1468, '3_other_only': 9, '4_mixed': 2, '5_dead': 65, '5_not_shown': 4478, 'needs_browser': 907}
7400/10237 2546.9/min {'1_mostbet_only': 446, '2_no_ads': 1469, '3_other_only': 9, '4_mixed': 2, '5_dead': 65, '5_not_shown': 4502, 'needs_browser': 907}
7425/10237 2552.1/min {'1_mostbet_only': 446, '2_no_ads': 1471, '3_other_only': 9, '4_mixed': 2, '5_dead': 65, '5_not_shown': 4525, 'needs_browser': 907}
7450/10237 2557.4/min {'1_mostbet_only': 446, '2_no_ads': 1476, '3_other_only': 9, '4_mixed': 2, '5_dead': 65, '5_not_shown': 4545, 'needs_browser': 907}
7475/10237 2561.0/min {'1_mostbet_only': 446, '2_no_ads': 1476, '3_other_only': 9, '4_mixed': 2, '5_dead': 65, '5_not_shown': 4570, 'needs_browser': 907}
7500/10237 2563.5/min {'1_mostbet_only': 446, '2_no_ads': 1482, '3_other_only': 9, '4_mixed': 2, '5_dead': 65, '5_not_shown': 4589, 'needs_browser': 907}
7525/10237 2565.3/min {'1_mostbet_only': 446, '2_no_ads': 1486, '3_other_only': 9, '4_mixed': 2, '5_dead': 65, '5_not_shown': 4610, 'needs_browser': 907}
7550/10237 2570.0/min {'1_mostbet_only': 446, '2_no_ads': 1490, '3_other_only': 9, '4_mixed': 2, '5_dead': 65, '5_not_shown': 4631, 'needs_browser': 907}
7575/10237 2570.3/min {'1_mostbet_only': 446, '2_no_ads': 1492, '3_other_only': 9, '4_mixed': 2, '5_dead': 65, '5_not_shown': 4654, 'needs_browser': 907}
7600/10237 2575.5/min {'1_mostbet_only': 446, '2_no_ads': 1493, '3_other_only': 9, '4_mixed': 2, '5_dead': 65, '5_not_shown': 4678, 'needs_browser': 907}
7625/10237 2580.0/min {'1_mostbet_only': 446, '2_no_ads': 1497, '3_other_only': 9, '4_mixed': 2, '5_dead': 66, '5_not_shown': 4698, 'needs_browser': 907}
7650/10237 2584.8/min {'1_mostbet_only': 446, '2_no_ads': 1498, '3_other_only': 9, '4_mixed': 2, '5_dead': 66, '5_not_shown': 4722, 'needs_browser': 907}
7675/10237 2586.8/min {'1_mostbet_only': 446, '2_no_ads': 1504, '3_other_only': 9, '4_mixed': 2, '5_dead': 68, '5_not_shown': 4739, 'needs_browser': 907}
7700/10237 2589.3/min {'1_mostbet_only': 446, '2_no_ads': 1506, '3_other_only': 9, '4_mixed': 2, '5_dead': 69, '5_not_shown': 4761, 'needs_browser': 907}
7725/10237 2594.2/min {'1_mostbet_only': 446, '2_no_ads': 1514, '3_other_only': 9, '4_mixed': 2, '5_dead': 69, '5_not_shown': 4778, 'needs_browser': 907}
7750/10237 2598.7/min {'1_mostbet_only': 446, '2_no_ads': 1515, '3_other_only': 9, '4_mixed': 2, '5_dead': 69, '5_not_shown': 4802, 'needs_browser': 907}
7775/10237 2604.0/min {'1_mostbet_only': 446, '2_no_ads': 1521, '3_other_only': 9, '4_mixed': 2, '5_dead': 69, '5_not_shown': 4821, 'needs_browser': 907}
7800/10237 2608.6/min {'1_mostbet_only': 446, '2_no_ads': 1521, '3_other_only': 9, '4_mixed': 2, '5_dead': 69, '5_not_shown': 4846, 'needs_browser': 907}
7825/10237 2613.4/min {'1_mostbet_only': 446, '2_no_ads': 1526, '3_other_only': 9, '4_mixed': 2, '5_dead': 69, '5_not_shown': 4866, 'needs_browser': 907}
7850/10237 2620.2/min {'1_mostbet_only': 446, '2_no_ads': 1526, '3_other_only': 9, '4_mixed': 2, '5_dead': 69, '5_not_shown': 4891, 'needs_browser': 907}
7875/10237 2625.8/min {'1_mostbet_only': 446, '2_no_ads': 1527, '3_other_only': 9, '4_mixed': 2, '5_dead': 69, '5_not_shown': 4915, 'needs_browser': 907}
7900/10237 2631.3/min {'1_mostbet_only': 446, '2_no_ads': 1529, '3_other_only': 9, '4_mixed': 2, '5_dead': 69, '5_not_shown': 4938, 'needs_browser': 907}
7925/10237 2636.4/min {'1_mostbet_only': 446, '2_no_ads': 1530, '3_other_only': 9, '4_mixed': 2, '5_dead': 69, '5_not_shown': 4962, 'needs_browser': 907}
7950/10237 2642.8/min {'1_mostbet_only': 446, '2_no_ads': 1531, '3_other_only': 9, '4_mixed': 2, '5_dead': 69, '5_not_shown': 4986, 'needs_browser': 907}
7975/10237 2644.7/min {'1_mostbet_only': 447, '2_no_ads': 1531, '3_other_only': 9, '4_mixed': 2, '5_dead': 69, '5_not_shown': 5010, 'needs_browser': 907}
8000/10237 2648.2/min {'1_mostbet_only': 450, '2_no_ads': 1540, '3_other_only': 9, '4_mixed': 2, '5_dead': 69, '5_not_shown': 5023, 'needs_browser': 907}
8025/10237 2651.1/min {'1_mostbet_only': 456, '2_no_ads': 1546, '3_other_only': 9, '4_mixed': 2, '5_dead': 69, '5_not_shown': 5036, 'needs_browser': 907}
8050/10237 2649.4/min {'1_mostbet_only': 460, '2_no_ads': 1553, '3_other_only': 9, '4_mixed': 2, '5_dead': 69, '5_not_shown': 5050, 'needs_browser': 907}
8075/10237 2649.1/min {'1_mostbet_only': 462, '2_no_ads': 1561, '3_other_only': 9, '4_mixed': 2, '5_dead': 69, '5_not_shown': 5064, 'needs_browser': 908}
8100/10237 2647.5/min {'1_mostbet_only': 466, '2_no_ads': 1576, '3_other_only': 9, '4_mixed': 2, '5_dead': 69, '5_not_shown': 5069, 'needs_browser': 909}
8125/10237 2650.8/min {'1_mostbet_only': 466, '2_no_ads': 1583, '3_other_only': 9, '4_mixed': 2, '5_dead': 69, '5_not_shown': 5087, 'needs_browser': 909}
8150/10237 2647.6/min {'1_mostbet_only': 468, '2_no_ads': 1591, '3_other_only': 9, '4_mixed': 2, '5_dead': 69, '5_not_shown': 5101, 'needs_browser': 910}
8175/10237 2649.0/min {'1_mostbet_only': 468, '2_no_ads': 1595, '3_other_only': 9, '4_mixed': 2, '5_dead': 69, '5_not_shown': 5116, 'needs_browser': 916}
8200/10237 2650.6/min {'1_mostbet_only': 468, '2_no_ads': 1604, '3_other_only': 9, '4_mixed': 2, '5_dead': 69, '5_not_shown': 5127, 'needs_browser': 921}
8225/10237 2651.2/min {'1_mostbet_only': 469, '2_no_ads': 1620, '3_other_only': 9, '4_mixed': 2, '5_dead': 69, '5_not_shown': 5134, 'needs_browser': 922}
8250/10237 2651.3/min {'1_mostbet_only': 475, '2_no_ads': 1627, '3_other_only': 9, '4_mixed': 2, '5_dead': 69, '5_not_shown': 5146, 'needs_browser': 922}
8275/10237 2647.9/min {'1_mostbet_only': 482, '2_no_ads': 1631, '3_other_only': 9, '4_mixed': 2, '5_dead': 69, '5_not_shown': 5158, 'needs_browser': 924}
8300/10237 2651.2/min {'1_mostbet_only': 485, '2_no_ads': 1644, '3_other_only': 9, '4_mixed': 2, '5_dead': 69, '5_not_shown': 5162, 'needs_browser': 929}
8325/10237 2649.5/min {'1_mostbet_only': 492, '2_no_ads': 1652, '3_other_only': 9, '4_mixed': 2, '5_dead': 71, '5_not_shown': 5170, 'needs_browser': 929}
8350/10237 2648.0/min {'1_mostbet_only': 495, '2_no_ads': 1660, '3_other_only': 9, '4_mixed': 2, '5_dead': 71, '5_not_shown': 5184, 'needs_browser': 929}
8375/10237 2647.3/min {'1_mostbet_only': 496, '2_no_ads': 1673, '3_other_only': 9, '4_mixed': 2, '5_dead': 71, '5_not_shown': 5195, 'needs_browser': 929}
8400/10237 2651.1/min {'1_mostbet_only': 498, '2_no_ads': 1685, '3_other_only': 9, '4_mixed': 2, '5_dead': 71, '5_not_shown': 5204, 'needs_browser': 931}
8425/10237 2656.8/min {'1_mostbet_only': 500, '2_no_ads': 1688, '3_other_only': 9, '4_mixed': 2, '5_dead': 71, '5_not_shown': 5217, 'needs_browser': 938}
8450/10237 2658.2/min {'1_mostbet_only': 503, '2_no_ads': 1689, '3_other_only': 9, '4_mixed': 2, '5_dead': 72, '5_not_shown': 5229, 'needs_browser': 946}
8475/10237 2661.3/min {'1_mostbet_only': 508, '2_no_ads': 1693, '3_other_only': 9, '4_mixed': 2, '5_dead': 72, '5_not_shown': 5239, 'needs_browser': 952}
8500/10237 2664.1/min {'1_mostbet_only': 512, '2_no_ads': 1696, '3_other_only': 9, '4_mixed': 2, '5_dead': 72, '5_not_shown': 5248, 'needs_browser': 961}
8525/10237 2648.2/min {'1_mostbet_only': 515, '2_no_ads': 1697, '3_other_only': 9, '4_mixed': 2, '5_dead': 72, '5_not_shown': 5253, 'needs_browser': 977}
8550/10237 2646.5/min {'1_mostbet_only': 525, '2_no_ads': 1698, '3_other_only': 9, '4_mixed': 2, '5_dead': 72, '5_not_shown': 5254, 'needs_browser': 990}
8575/10237 2647.0/min {'1_mostbet_only': 549, '2_no_ads': 1698, '3_other_only': 9, '4_mixed': 2, '5_dead': 72, '5_not_shown': 5255, 'needs_browser': 990}
8600/10237 2650.0/min {'1_mostbet_only': 561, '2_no_ads': 1698, '3_other_only': 9, '4_mixed': 2, '5_dead': 72, '5_not_shown': 5261, 'needs_browser': 997}
8625/10237 2650.0/min {'1_mostbet_only': 574, '2_no_ads': 1699, '3_other_only': 9, '4_mixed': 2, '5_dead': 72, '5_not_shown': 5269, 'needs_browser': 1000}
8650/10237 2648.2/min {'1_mostbet_only': 595, '2_no_ads': 1699, '3_other_only': 9, '4_mixed': 2, '5_dead': 72, '5_not_shown': 5270, 'needs_browser': 1003}
8675/10237 2649.8/min {'1_mostbet_only': 612, '2_no_ads': 1699, '3_other_only': 9, '4_mixed': 2, '5_dead': 72, '5_not_shown': 5274, 'needs_browser': 1007}
8700/10237 2652.7/min {'1_mostbet_only': 623, '2_no_ads': 1701, '3_other_only': 9, '4_mixed': 2, '5_dead': 72, '5_not_shown': 5280, 'needs_browser': 1013}
8725/10237 2655.2/min {'1_mostbet_only': 632, '2_no_ads': 1702, '3_other_only': 9, '4_mixed': 2, '5_dead': 73, '5_not_shown': 5288, 'needs_browser': 1019}
8750/10237 2656.6/min {'1_mostbet_only': 633, '2_no_ads': 1708, '3_other_only': 9, '4_mixed': 2, '5_dead': 73, '5_not_shown': 5299, 'needs_browser': 1026}
8775/10237 2655.5/min {'1_mostbet_only': 633, '2_no_ads': 1714, '3_other_only': 9, '4_mixed': 2, '5_dead': 73, '5_not_shown': 5314, 'needs_browser': 1030}
8800/10237 2657.1/min {'1_mostbet_only': 635, '2_no_ads': 1715, '3_other_only': 9, '4_mixed': 2, '5_dead': 73, '5_not_shown': 5326, 'needs_browser': 1040}
8825/10237 2659.9/min {'1_mostbet_only': 640, '2_no_ads': 1715, '3_other_only': 9, '4_mixed': 2, '5_dead': 73, '5_not_shown': 5336, 'needs_browser': 1050}
8850/10237 2661.3/min {'1_mostbet_only': 642, '2_no_ads': 1715, '3_other_only': 9, '4_mixed': 2, '5_dead': 73, '5_not_shown': 5349, 'needs_browser': 1060}
8875/10237 2663.3/min {'1_mostbet_only': 645, '2_no_ads': 1716, '3_other_only': 9, '4_mixed': 2, '5_dead': 73, '5_not_shown': 5362, 'needs_browser': 1068}
8900/10237 2662.8/min {'1_mostbet_only': 647, '2_no_ads': 1717, '3_other_only': 9, '4_mixed': 2, '5_dead': 73, '5_not_shown': 5376, 'needs_browser': 1076}
8925/10237 2664.5/min {'1_mostbet_only': 652, '2_no_ads': 1718, '3_other_only': 9, '4_mixed': 2, '5_dead': 74, '5_not_shown': 5387, 'needs_browser': 1083}
8950/10237 2659.8/min {'1_mostbet_only': 660, '2_no_ads': 1718, '3_other_only': 9, '4_mixed': 2, '5_dead': 77, '5_not_shown': 5391, 'needs_browser': 1093}
8975/10237 2657.3/min {'1_mostbet_only': 661, '2_no_ads': 1719, '3_other_only': 9, '4_mixed': 2, '5_dead': 79, '5_not_shown': 5398, 'needs_browser': 1107}
9000/10237 2652.1/min {'1_mostbet_only': 670, '2_no_ads': 1720, '3_other_only': 9, '4_mixed': 2, '5_dead': 80, '5_not_shown': 5407, 'needs_browser': 1112}
9025/10237 2640.9/min {'1_mostbet_only': 687, '2_no_ads': 1721, '3_other_only': 9, '4_mixed': 2, '5_dead': 81, '5_not_shown': 5412, 'needs_browser': 1113}
9050/10237 2636.2/min {'1_mostbet_only': 691, '2_no_ads': 1723, '3_other_only': 9, '4_mixed': 2, '5_dead': 81, '5_not_shown': 5430, 'needs_browser': 1114}
9075/10237 2622.2/min {'1_mostbet_only': 695, '2_no_ads': 1725, '3_other_only': 9, '4_mixed': 2, '5_dead': 81, '5_not_shown': 5442, 'needs_browser': 1121}
9100/10237 2604.2/min {'1_mostbet_only': 695, '2_no_ads': 1725, '3_other_only': 9, '4_mixed': 2, '5_dead': 82, '5_not_shown': 5458, 'needs_browser': 1129}
9125/10237 2603.0/min {'1_mostbet_only': 695, '2_no_ads': 1725, '3_other_only': 9, '4_mixed': 2, '5_dead': 83, '5_not_shown': 5472, 'needs_browser': 1139}
9150/10237 2602.2/min {'1_mostbet_only': 699, '2_no_ads': 1725, '3_other_only': 9, '4_mixed': 2, '5_dead': 83, '5_not_shown': 5488, 'needs_browser': 1144}
9175/10237 2601.1/min {'1_mostbet_only': 699, '2_no_ads': 1726, '3_other_only': 9, '4_mixed': 2, '5_dead': 83, '5_not_shown': 5501, 'needs_browser': 1155}
9200/10237 2599.8/min {'1_mostbet_only': 702, '2_no_ads': 1727, '3_other_only': 9, '4_mixed': 2, '5_dead': 84, '5_not_shown': 5512, 'needs_browser': 1164}
9225/10237 2600.3/min {'1_mostbet_only': 706, '2_no_ads': 1728, '3_other_only': 10, '4_mixed': 2, '5_dead': 85, '5_not_shown': 5522, 'needs_browser': 1172}
9250/10237 2600.8/min {'1_mostbet_only': 708, '2_no_ads': 1728, '3_other_only': 10, '4_mixed': 2, '5_dead': 85, '5_not_shown': 5539, 'needs_browser': 1178}
9275/10237 2594.2/min {'1_mostbet_only': 711, '2_no_ads': 1731, '3_other_only': 10, '4_mixed': 2, '5_dead': 85, '5_not_shown': 5553, 'needs_browser': 1183}
9300/10237 2575.9/min {'1_mostbet_only': 720, '2_no_ads': 1732, '3_other_only': 10, '4_mixed': 2, '5_dead': 85, '5_not_shown': 5559, 'needs_browser': 1192}
9325/10237 2557.3/min {'1_mostbet_only': 720, '2_no_ads': 1733, '3_other_only': 10, '4_mixed': 2, '5_dead': 88, '5_not_shown': 5578, 'needs_browser': 1194}
9350/10237 2543.9/min {'1_mostbet_only': 726, '2_no_ads': 1734, '3_other_only': 10, '4_mixed': 2, '5_dead': 88, '5_not_shown': 5593, 'needs_browser': 1197}
9375/10237 2540.2/min {'1_mostbet_only': 726, '2_no_ads': 1735, '3_other_only': 10, '4_mixed': 2, '5_dead': 88, '5_not_shown': 5608, 'needs_browser': 1206}
9400/10237 2533.1/min {'1_mostbet_only': 727, '2_no_ads': 1735, '3_other_only': 10, '4_mixed': 2, '5_dead': 88, '5_not_shown': 5625, 'needs_browser': 1213}
9425/10237 2525.3/min {'1_mostbet_only': 727, '2_no_ads': 1737, '3_other_only': 10, '4_mixed': 2, '5_dead': 93, '5_not_shown': 5637, 'needs_browser': 1219}
9450/10237 2518.0/min {'1_mostbet_only': 728, '2_no_ads': 1739, '3_other_only': 10, '4_mixed': 2, '5_dead': 93, '5_not_shown': 5646, 'needs_browser': 1232}
9475/10237 2516.3/min {'1_mostbet_only': 731, '2_no_ads': 1740, '3_other_only': 10, '4_mixed': 2, '5_dead': 95, '5_not_shown': 5657, 'needs_browser': 1240}
9500/10237 2511.3/min {'1_mostbet_only': 735, '2_no_ads': 1745, '3_other_only': 10, '4_mixed': 2, '5_dead': 95, '5_not_shown': 5668, 'needs_browser': 1245}
9525/10237 2511.4/min {'1_mostbet_only': 736, '2_no_ads': 1746, '3_other_only': 10, '4_mixed': 2, '5_dead': 95, '5_not_shown': 5678, 'needs_browser': 1258}
9550/10237 2509.3/min {'1_mostbet_only': 737, '2_no_ads': 1748, '3_other_only': 10, '4_mixed': 2, '5_dead': 95, '5_not_shown': 5696, 'needs_browser': 1262}
9575/10237 2505.8/min {'1_mostbet_only': 740, '2_no_ads': 1748, '3_other_only': 10, '4_mixed': 2, '5_dead': 95, '5_not_shown': 5712, 'needs_browser': 1268}
9600/10237 2503.6/min {'1_mostbet_only': 747, '2_no_ads': 1750, '3_other_only': 10, '4_mixed': 2, '5_dead': 95, '5_not_shown': 5721, 'needs_browser': 1275}
9625/10237 2503.6/min {'1_mostbet_only': 750, '2_no_ads': 1751, '3_other_only': 10, '4_mixed': 2, '5_dead': 95, '5_not_shown': 5732, 'needs_browser': 1285}
9650/10237 2495.0/min {'1_mostbet_only': 751, '2_no_ads': 1752, '3_other_only': 10, '4_mixed': 2, '5_dead': 96, '5_not_shown': 5749, 'needs_browser': 1290}
9675/10237 2490.4/min {'1_mostbet_only': 752, '2_no_ads': 1753, '3_other_only': 10, '4_mixed': 2, '5_dead': 97, '5_not_shown': 5762, 'needs_browser': 1299}
9700/10237 2485.8/min {'1_mostbet_only': 756, '2_no_ads': 1754, '3_other_only': 10, '4_mixed': 2, '5_dead': 98, '5_not_shown': 5775, 'needs_browser': 1305}
9725/10237 2481.8/min {'1_mostbet_only': 757, '2_no_ads': 1756, '3_other_only': 10, '4_mixed': 3, '5_dead': 98, '5_not_shown': 5787, 'needs_browser': 1314}
9750/10237 2480.6/min {'1_mostbet_only': 759, '2_no_ads': 1756, '3_other_only': 10, '4_mixed': 3, '5_dead': 98, '5_not_shown': 5804, 'needs_browser': 1320}
9775/10237 2478.7/min {'1_mostbet_only': 761, '2_no_ads': 1756, '3_other_only': 10, '4_mixed': 3, '5_dead': 99, '5_not_shown': 5821, 'needs_browser': 1325}
9800/10237 2472.8/min {'1_mostbet_only': 768, '2_no_ads': 1759, '3_other_only': 10, '4_mixed': 3, '5_dead': 99, '5_not_shown': 5833, 'needs_browser': 1328}
9825/10237 2470.7/min {'1_mostbet_only': 788, '2_no_ads': 1760, '3_other_only': 10, '4_mixed': 3, '5_dead': 99, '5_not_shown': 5834, 'needs_browser': 1331}
9850/10237 2471.7/min {'1_mostbet_only': 795, '2_no_ads': 1760, '3_other_only': 10, '4_mixed': 3, '5_dead': 99, '5_not_shown': 5848, 'needs_browser': 1335}
9875/10237 2471.9/min {'1_mostbet_only': 795, '2_no_ads': 1761, '3_other_only': 10, '4_mixed': 3, '5_dead': 99, '5_not_shown': 5865, 'needs_browser': 1342}
9900/10237 2467.5/min {'1_mostbet_only': 796, '2_no_ads': 1762, '3_other_only': 11, '4_mixed': 4, '5_dead': 99, '5_not_shown': 5881, 'needs_browser': 1347}
9925/10237 2462.7/min {'1_mostbet_only': 797, '2_no_ads': 1764, '3_other_only': 11, '4_mixed': 4, '5_dead': 99, '5_not_shown': 5897, 'needs_browser': 1353}
9950/10237 2458.0/min {'1_mostbet_only': 797, '2_no_ads': 1766, '3_other_only': 11, '4_mixed': 4, '5_dead': 99, '5_not_shown': 5916, 'needs_browser': 1357}
9975/10237 2450.6/min {'1_mostbet_only': 797, '2_no_ads': 1767, '3_other_only': 11, '4_mixed': 4, '5_dead': 100, '5_not_shown': 5926, 'needs_browser': 1370}
10000/10237 2452.4/min {'1_mostbet_only': 797, '2_no_ads': 1768, '3_other_only': 11, '4_mixed': 5, '5_dead': 100, '5_not_shown': 5928, 'needs_browser': 1391}
10025/10237 2435.4/min {'1_mostbet_only': 797, '2_no_ads': 1769, '3_other_only': 12, '4_mixed': 5, '5_dead': 101, '5_not_shown': 5945, 'needs_browser': 1396}
10050/10237 2424.8/min {'1_mostbet_only': 797, '2_no_ads': 1771, '3_other_only': 12, '4_mixed': 5, '5_dead': 102, '5_not_shown': 5963, 'needs_browser': 1400}
10075/10237 2416.0/min {'1_mostbet_only': 797, '2_no_ads': 1772, '3_other_only': 12, '4_mixed': 5, '5_dead': 103, '5_not_shown': 5982, 'needs_browser': 1404}
10100/10237 2401.6/min {'1_mostbet_only': 798, '2_no_ads': 1773, '3_other_only': 12, '4_mixed': 5, '5_dead': 104, '5_not_shown': 5997, 'needs_browser': 1411}
10125/10237 2392.8/min {'1_mostbet_only': 804, '2_no_ads': 1774, '3_other_only': 12, '4_mixed': 5, '5_dead': 104, '5_not_shown': 6012, 'needs_browser': 1414}
10150/10237 2388.6/min {'1_mostbet_only': 811, '2_no_ads': 1774, '3_other_only': 12, '4_mixed': 5, '5_dead': 104, '5_not_shown': 6030, 'needs_browser': 1414}
10175/10237 2380.2/min {'1_mostbet_only': 811, '2_no_ads': 1774, '3_other_only': 12, '4_mixed': 5, '5_dead': 104, '5_not_shown': 6054, 'needs_browser': 1415}
10200/10237 2362.2/min {'1_mostbet_only': 812, '2_no_ads': 1775, '3_other_only': 12, '4_mixed': 5, '5_dead': 106, '5_not_shown': 6069, 'needs_browser': 1421}
10225/10237 2270.1/min {'1_mostbet_only': 813, '2_no_ads': 1775, '3_other_only': 12, '4_mixed': 5, '5_dead': 113, '5_not_shown': 6083, 'needs_browser': 1424}
10237/10237 2124.5/min {'1_mostbet_only': 813, '2_no_ads': 1775, '3_other_only': 12, '4_mixed': 5, '5_dead': 119, '5_not_shown': 6088, 'needs_browser': 1425}
done {'1_mostbet_only': 813, '2_no_ads': 1775, '3_other_only': 12, '4_mixed': 5, '5_dead': 119, '5_not_shown': 6088, 'needs_browser': 1425}
