queue 11728, done 19161, todo 11728, network RS AS15958 CETINdoo-NET 109.245.130.133, our refs guarded 321
25/11728 3203.5/min {'saved': 25}
50/11728 3088.3/min {'saved': 50}
75/11728 3274.1/min {'saved': 75}
100/11728 3305.3/min {'saved': 100}
125/11728 3267.6/min {'saved': 125}
150/11728 3249.7/min {'saved': 150}
175/11728 3264.3/min {'saved': 175}
200/11728 3241.0/min {'saved': 200}
225/11728 3324.5/min {'home_redirect': 1, 'saved': 224}
250/11728 3308.8/min {'home_redirect': 1, 'saved': 249}
275/11728 3338.3/min {'home_redirect': 1, 'saved': 274}
300/11728 3267.9/min {'home_redirect': 1, 'saved': 299}
325/11728 3246.4/min {'home_redirect': 1, 'saved': 324}
350/11728 3238.8/min {'home_redirect': 1, 'saved': 349}
375/11728 3266.3/min {'home_redirect': 1, 'saved': 374}
400/11728 3272.7/min {'home_redirect': 1, 'saved': 399}
425/11728 3269.6/min {'home_redirect': 1, 'saved': 424}
450/11728 3309.0/min {'home_redirect': 1, 'saved': 449}
475/11728 3328.8/min {'home_redirect': 1, 'saved': 474}
500/11728 3363.6/min {'home_redirect': 1, 'saved': 499}
525/11728 3329.7/min {'home_redirect': 1, 'saved': 524}
550/11728 3310.1/min {'home_redirect': 1, 'saved': 549}
575/11728 3319.0/min {'home_redirect': 1, 'saved': 574}
600/11728 3308.9/min {'home_redirect': 1, 'saved': 599}
625/11728 3313.8/min {'home_redirect': 1, 'saved': 624}
650/11728 3273.6/min {'home_redirect': 1, 'saved': 649}
675/11728 3293.4/min {'home_redirect': 1, 'saved': 674}
700/11728 3267.5/min {'home_redirect': 1, 'saved': 699}
725/11728 3284.2/min {'home_redirect': 1, 'saved': 724}
750/11728 3305.3/min {'home_redirect': 1, 'saved': 749}
775/11728 3268.1/min {'home_redirect': 1, 'saved': 774}
800/11728 3253.0/min {'home_redirect': 1, 'saved': 799}
825/11728 3241.6/min {'home_redirect': 1, 'saved': 824}
850/11728 3220.7/min {'home_redirect': 1, 'saved': 849}
875/11728 3201.4/min {'home_redirect': 1, 'saved': 874}
900/11728 3183.8/min {'home_redirect': 1, 'saved': 899}
925/11728 3153.8/min {'home_redirect': 1, 'saved': 924}
950/11728 3147.1/min {'home_redirect': 1, 'saved': 949}
975/11728 3142.9/min {'home_redirect': 1, 'saved': 974}
1000/11728 3127.5/min {'home_redirect': 1, 'saved': 999}
1025/11728 3100.4/min {'home_redirect': 1, 'saved': 1024}
1050/11728 3069.2/min {'home_redirect': 1, 'saved': 1049}
1075/11728 3061.9/min {'home_redirect': 1, 'saved': 1074}
1100/11728 3055.2/min {'home_redirect': 1, 'saved': 1099}
1125/11728 3069.5/min {'home_redirect': 1, 'saved': 1124}
1150/11728 3062.2/min {'home_redirect': 1, 'saved': 1149}
1175/11728 3056.1/min {'home_redirect': 2, 'saved': 1173}
1200/11728 3059.4/min {'home_redirect': 2, 'saved': 1198}
1225/11728 3039.5/min {'home_redirect': 2, 'saved': 1223}
1250/11728 3044.9/min {'home_redirect': 3, 'saved': 1247}
1275/11728 3045.0/min {'home_redirect': 3, 'saved': 1272}
1300/11728 3047.4/min {'home_redirect': 4, 'saved': 1296}
1325/11728 3027.1/min {'home_redirect': 4, 'no_answer': 1, 'saved': 1320}
1350/11728 3027.2/min {'home_redirect': 4, 'no_answer': 1, 'saved': 1345}
1375/11728 3031.8/min {'home_redirect': 4, 'no_answer': 1, 'saved': 1370}
1400/11728 3013.6/min {'home_redirect': 4, 'no_answer': 1, 'saved': 1395}
1425/11728 3003.0/min {'home_redirect': 4, 'no_answer': 1, 'saved': 1420}
1450/11728 2979.2/min {'home_redirect': 4, 'no_answer': 1, 'saved': 1445}
1475/11728 2924.1/min {'home_redirect': 4, 'no_answer': 1, 'saved': 1470}
1500/11728 2875.6/min {'home_redirect': 4, 'no_answer': 1, 'saved': 1495}
1525/11728 2831.3/min {'home_redirect': 4, 'no_answer': 1, 'saved': 1520}
1550/11728 2792.7/min {'home_redirect': 4, 'no_answer': 1, 'saved': 1545}
1575/11728 2770.7/min {'home_redirect': 4, 'no_answer': 1, 'saved': 1570}
1600/11728 2750.5/min {'home_redirect': 4, 'no_answer': 1, 'saved': 1595}
1625/11728 2692.2/min {'home_redirect': 4, 'no_answer': 1, 'saved': 1620}
1650/11728 2659.6/min {'home_redirect': 4, 'no_answer': 1, 'saved': 1645}
1675/11728 2590.0/min {'home_redirect': 4, 'no_answer': 1, 'saved': 1670}
1700/11728 2568.8/min {'home_redirect': 4, 'no_answer': 1, 'saved': 1695}
1725/11728 2514.9/min {'home_redirect': 4, 'no_answer': 1, 'saved': 1720}
1750/11728 2505.6/min {'home_redirect': 4, 'no_answer': 1, 'saved': 1745}
1775/11728 2469.4/min {'home_redirect': 4, 'no_answer': 1, 'saved': 1770}
1800/11728 2450.3/min {'home_redirect': 4, 'no_answer': 1, 'saved': 1795}
1825/11728 2455.8/min {'home_redirect': 4, 'no_answer': 1, 'saved': 1820}
1850/11728 2446.1/min {'home_redirect': 4, 'no_answer': 1, 'saved': 1845}
1875/11728 2425.2/min {'home_redirect': 4, 'no_answer': 1, 'saved': 1870}
1900/11728 2423.3/min {'home_redirect': 4, 'no_answer': 1, 'saved': 1895}
1925/11728 2417.5/min {'home_redirect': 4, 'no_answer': 1, 'saved': 1920}
1950/11728 2409.1/min {'home_redirect': 4, 'no_answer': 1, 'saved': 1945}
1975/11728 2412.3/min {'home_redirect': 4, 'no_answer': 1, 'saved': 1970}
2000/11728 2401.5/min {'home_redirect': 4, 'no_answer': 1, 'saved': 1995}
2025/11728 2393.5/min {'home_redirect': 4, 'no_answer': 1, 'saved': 2020}
2050/11728 2364.9/min {'home_redirect': 5, 'no_answer': 1, 'saved': 2044}
2075/11728 2356.7/min {'home_redirect': 5, 'no_answer': 1, 'saved': 2069}
2100/11728 2341.1/min {'home_redirect': 5, 'no_answer': 1, 'saved': 2094}
2125/11728 2335.8/min {'home_redirect': 5, 'no_answer': 1, 'saved': 2119}
2150/11728 2309.9/min {'home_redirect': 5, 'no_answer': 1, 'saved': 2144}
2175/11728 2294.4/min {'home_redirect': 6, 'no_answer': 1, 'saved': 2168}
2200/11728 2260.6/min {'home_redirect': 6, 'no_answer': 1, 'saved': 2193}
2225/11728 2226.3/min {'home_redirect': 6, 'no_answer': 1, 'saved': 2218}
2250/11728 2217.5/min {'home_redirect': 6, 'no_answer': 1, 'saved': 2243}
2275/11728 2212.0/min {'home_redirect': 6, 'no_answer': 1, 'saved': 2268}
2300/11728 2205.8/min {'home_redirect': 6, 'no_answer': 1, 'saved': 2293}
2325/11728 2212.5/min {'home_redirect': 6, 'no_answer': 1, 'saved': 2318}
2350/11728 2215.9/min {'home_redirect': 6, 'no_answer': 1, 'saved': 2343}
2375/11728 2221.2/min {'home_redirect': 6, 'no_answer': 1, 'saved': 2368}
2400/11728 2201.9/min {'home_redirect': 6, 'no_answer': 1, 'saved': 2393}
2425/11728 2189.6/min {'home_redirect': 6, 'no_answer': 1, 'saved': 2418}
2450/11728 2168.1/min {'home_redirect': 6, 'no_answer': 1, 'saved': 2443}
2475/11728 2169.8/min {'home_redirect': 6, 'no_answer': 1, 'saved': 2468}
2500/11728 2168.3/min {'home_redirect': 6, 'no_answer': 1, 'saved': 2493}
2525/11728 2162.6/min {'home_redirect': 7, 'no_answer': 1, 'saved': 2517}
2550/11728 2140.1/min {'home_redirect': 7, 'no_answer': 1, 'saved': 2542}
2575/11728 2120.3/min {'home_redirect': 7, 'no_answer': 1, 'saved': 2567}
2600/11728 2127.9/min {'home_redirect': 7, 'no_answer': 1, 'saved': 2592}
2625/11728 2133.5/min {'home_redirect': 7, 'no_answer': 1, 'saved': 2617}
2650/11728 2136.6/min {'home_redirect': 8, 'no_answer': 1, 'saved': 2641}
2675/11728 2144.9/min {'home_redirect': 9, 'no_answer': 1, 'saved': 2665}
2700/11728 2145.6/min {'home_redirect': 9, 'no_answer': 1, 'saved': 2690}
2725/11728 2146.8/min {'home_redirect': 9, 'no_answer': 1, 'saved': 2715}
2750/11728 2156.3/min {'home_redirect': 9, 'no_answer': 1, 'saved': 2740}
2775/11728 2162.4/min {'home_redirect': 9, 'no_answer': 1, 'saved': 2765}
2800/11728 2169.5/min {'home_redirect': 9, 'no_answer': 1, 'saved': 2790}
2825/11728 2173.4/min {'home_redirect': 9, 'no_answer': 1, 'saved': 2815}
2850/11728 2181.4/min {'home_redirect': 9, 'no_answer': 1, 'saved': 2840}
2875/11728 2186.5/min {'home_redirect': 9, 'no_answer': 1, 'saved': 2865}
2900/11728 2189.5/min {'home_redirect': 9, 'no_answer': 1, 'saved': 2890}
2925/11728 2196.8/min {'home_redirect': 9, 'no_answer': 1, 'saved': 2915}
2950/11728 2197.4/min {'home_redirect': 9, 'no_answer': 1, 'saved': 2940}
2975/11728 2194.8/min {'home_redirect': 9, 'no_answer': 1, 'saved': 2965}
3000/11728 2202.0/min {'home_redirect': 9, 'no_answer': 1, 'saved': 2990}
3025/11728 2202.9/min {'home_redirect': 9, 'no_answer': 1, 'saved': 3015}
3050/11728 2192.5/min {'home_redirect': 9, 'no_answer': 2, 'saved': 3039}
3075/11728 2195.8/min {'home_redirect': 9, 'no_answer': 2, 'saved': 3064}
3100/11728 2197.5/min {'home_redirect': 9, 'no_answer': 2, 'saved': 3089}
3125/11728 2201.9/min {'home_redirect': 9, 'no_answer': 2, 'saved': 3114}
3150/11728 2203.1/min {'home_redirect': 9, 'no_answer': 2, 'saved': 3139}
3175/11728 2205.0/min {'home_redirect': 9, 'no_answer': 2, 'saved': 3164}
3200/11728 2206.9/min {'home_redirect': 9, 'no_answer': 2, 'saved': 3189}
3225/11728 2210.7/min {'home_redirect': 9, 'no_answer': 2, 'saved': 3214}
3250/11728 2214.5/min {'home_redirect': 9, 'no_answer': 2, 'saved': 3239}
3275/11728 2207.9/min {'home_redirect': 9, 'no_answer': 2, 'saved': 3264}
3300/11728 2200.3/min {'home_redirect': 9, 'no_answer': 2, 'saved': 3289}
3325/11728 2195.7/min {'home_redirect': 11, 'no_answer': 2, 'saved': 3312}
3350/11728 2199.9/min {'home_redirect': 11, 'no_answer': 2, 'saved': 3337}
3375/11728 2204.1/min {'home_redirect': 11, 'no_answer': 2, 'saved': 3362}
3400/11728 2204.8/min {'home_redirect': 11, 'no_answer': 2, 'saved': 3387}
3425/11728 2210.2/min {'home_redirect': 11, 'no_answer': 2, 'saved': 3412}
3450/11728 2216.0/min {'home_redirect': 11, 'no_answer': 2, 'saved': 3437}
3475/11728 2219.0/min {'home_redirect': 11, 'no_answer': 2, 'saved': 3462}
3500/11728 2222.2/min {'home_redirect': 11, 'no_answer': 2, 'saved': 3487}
3525/11728 2226.0/min {'home_redirect': 11, 'no_answer': 2, 'saved': 3512}
3550/11728 2228.1/min {'home_redirect': 11, 'no_answer': 2, 'saved': 3537}
3575/11728 2229.6/min {'home_redirect': 12, 'no_answer': 2, 'saved': 3561}
3600/11728 2233.2/min {'home_redirect': 12, 'no_answer': 2, 'saved': 3586}
3625/11728 2234.2/min {'home_redirect': 12, 'no_answer': 2, 'saved': 3611}
3650/11728 2229.0/min {'home_redirect': 12, 'no_answer': 2, 'saved': 3636}
3675/11728 2228.8/min {'home_redirect': 12, 'no_answer': 2, 'saved': 3661}
3700/11728 2232.1/min {'home_redirect': 13, 'no_answer': 2, 'saved': 3685}
3725/11728 2234.5/min {'home_redirect': 14, 'no_answer': 2, 'saved': 3709}
3750/11728 2239.7/min {'home_redirect': 14, 'no_answer': 2, 'saved': 3734}
3775/11728 2243.9/min {'home_redirect': 14, 'no_answer': 2, 'saved': 3759}
3800/11728 2246.3/min {'home_redirect': 14, 'no_answer': 2, 'saved': 3784}
3825/11728 2244.0/min {'home_redirect': 14, 'no_answer': 2, 'saved': 3809}
3850/11728 2243.0/min {'home_redirect': 14, 'no_answer': 2, 'saved': 3834}
3875/11728 2240.7/min {'home_redirect': 14, 'no_answer': 2, 'saved': 3859}
3900/11728 2239.0/min {'home_redirect': 14, 'no_answer': 2, 'saved': 3884}
3925/11728 2233.8/min {'home_redirect': 14, 'no_answer': 2, 'saved': 3909}
3950/11728 2226.5/min {'home_redirect': 14, 'no_answer': 2, 'saved': 3934}
3975/11728 2225.2/min {'home_redirect': 14, 'no_answer': 2, 'saved': 3959}
4000/11728 2223.5/min {'home_redirect': 14, 'no_answer': 2, 'saved': 3984}
4025/11728 2223.5/min {'home_redirect': 14, 'no_answer': 2, 'saved': 4009}
4050/11728 2223.6/min {'home_redirect': 14, 'no_answer': 2, 'saved': 4034}
4075/11728 2223.3/min {'home_redirect': 14, 'no_answer': 2, 'saved': 4059}
4100/11728 2211.4/min {'home_redirect': 14, 'no_answer': 2, 'saved': 4084}
4125/11728 2210.4/min {'home_redirect': 14, 'no_answer': 2, 'saved': 4109}
4150/11728 2215.4/min {'home_redirect': 14, 'no_answer': 2, 'saved': 4134}
4175/11728 2219.8/min {'home_redirect': 14, 'no_answer': 2, 'saved': 4159}
4200/11728 2221.7/min {'home_redirect': 14, 'no_answer': 2, 'saved': 4184}
4225/11728 2223.5/min {'home_redirect': 14, 'no_answer': 2, 'saved': 4209}
4250/11728 2223.9/min {'home_redirect': 14, 'no_answer': 2, 'saved': 4234}
4275/11728 2212.7/min {'home_redirect': 14, 'no_answer': 2, 'saved': 4259}
4300/11728 2207.3/min {'home_redirect': 14, 'no_answer': 2, 'saved': 4284}
4325/11728 2194.7/min {'home_redirect': 14, 'no_answer': 2, 'saved': 4309}
4350/11728 2194.8/min {'home_redirect': 14, 'no_answer': 2, 'saved': 4334}
4375/11728 2179.6/min {'home_redirect': 14, 'no_answer': 2, 'saved': 4359}
4400/11728 2167.8/min {'home_redirect': 14, 'no_answer': 2, 'saved': 4384}
4425/11728 2165.4/min {'home_redirect': 14, 'no_answer': 2, 'saved': 4409}
4450/11728 2164.7/min {'home_redirect': 14, 'no_answer': 2, 'saved': 4434}
4475/11728 2167.6/min {'home_redirect': 14, 'no_answer': 2, 'not_html': 1, 'saved': 4458}
4500/11728 2169.9/min {'home_redirect': 14, 'no_answer': 2, 'not_html': 1, 'saved': 4483}
4525/11728 2167.8/min {'home_redirect': 14, 'no_answer': 2, 'not_html': 1, 'saved': 4508}
4550/11728 2166.8/min {'home_redirect': 14, 'no_answer': 2, 'not_html': 1, 'saved': 4533}
4575/11728 2167.9/min {'home_redirect': 14, 'no_answer': 2, 'not_html': 1, 'saved': 4558}
4600/11728 2169.5/min {'home_redirect': 14, 'no_answer': 2, 'not_html': 2, 'saved': 4582}
4625/11728 2162.6/min {'home_redirect': 14, 'no_answer': 2, 'not_html': 2, 'saved': 4607}
4650/11728 2152.9/min {'home_redirect': 14, 'no_answer': 2, 'not_html': 2, 'saved': 4632}
4675/11728 2145.5/min {'home_redirect': 14, 'no_answer': 2, 'not_html': 2, 'saved': 4657}
4700/11728 2141.4/min {'home_redirect': 14, 'no_answer': 2, 'not_html': 2, 'saved': 4682}
4725/11728 2128.7/min {'home_redirect': 14, 'no_answer': 2, 'not_html': 3, 'saved': 4706}
4750/11728 2125.8/min {'home_redirect': 14, 'no_answer': 2, 'not_html': 3, 'saved': 4731}
4775/11728 2119.9/min {'home_redirect': 14, 'no_answer': 2, 'not_html': 3, 'saved': 4756}
4800/11728 2107.5/min {'home_redirect': 14, 'no_answer': 2, 'not_html': 4, 'saved': 4780}
4825/11728 2101.9/min {'home_redirect': 14, 'no_answer': 3, 'not_html': 5, 'saved': 4803}
4850/11728 2094.4/min {'home_redirect': 14, 'no_answer': 3, 'not_html': 5, 'saved': 4828}
4875/11728 2091.0/min {'home_redirect': 14, 'no_answer': 3, 'not_html': 5, 'saved': 4853}
4900/11728 2088.8/min {'home_redirect': 14, 'no_answer': 3, 'not_html': 5, 'saved': 4878}
4925/11728 2082.7/min {'home_redirect': 14, 'no_answer': 3, 'not_html': 6, 'saved': 4902}
4950/11728 2081.3/min {'home_redirect': 14, 'no_answer': 3, 'not_html': 8, 'saved': 4925}
4975/11728 2078.2/min {'home_redirect': 14, 'no_answer': 3, 'not_html': 8, 'saved': 4950}
5000/11728 2071.7/min {'home_redirect': 14, 'no_answer': 3, 'not_html': 8, 'saved': 4975}
5025/11728 2070.3/min {'home_redirect': 14, 'no_answer': 3, 'not_html': 8, 'saved': 5000}
5050/11728 2072.6/min {'home_redirect': 14, 'no_answer': 3, 'not_html': 9, 'saved': 5024}
5075/11728 2063.6/min {'home_redirect': 14, 'no_answer': 3, 'not_html': 9, 'saved': 5049}
5100/11728 2050.4/min {'home_redirect': 14, 'no_answer': 4, 'not_html': 9, 'saved': 5073}
5125/11728 2048.5/min {'home_redirect': 14, 'no_answer': 4, 'not_html': 9, 'saved': 5098}
5150/11728 2047.5/min {'home_redirect': 14, 'no_answer': 4, 'not_html': 9, 'saved': 5123}
5175/11728 2046.9/min {'home_redirect': 14, 'no_answer': 4, 'not_html': 9, 'saved': 5148}
5200/11728 2050.0/min {'home_redirect': 14, 'no_answer': 5, 'not_html': 9, 'saved': 5172}
5225/11728 2052.0/min {'home_redirect': 14, 'no_answer': 5, 'not_html': 9, 'saved': 5197}
5250/11728 2050.8/min {'home_redirect': 14, 'no_answer': 6, 'not_html': 9, 'saved': 5221}
5275/11728 2050.8/min {'home_redirect': 14, 'no_answer': 6, 'not_html': 9, 'saved': 5246}
5300/11728 2046.2/min {'home_redirect': 14, 'no_answer': 6, 'not_html': 9, 'saved': 5271}
5325/11728 2041.4/min {'home_redirect': 14, 'no_answer': 6, 'not_html': 9, 'saved': 5296}
5350/11728 2043.8/min {'home_redirect': 14, 'no_answer': 7, 'not_html': 9, 'saved': 5320}
5375/11728 2044.6/min {'home_redirect': 14, 'no_answer': 7, 'not_html': 10, 'saved': 5344}
5400/11728 2042.6/min {'home_redirect': 14, 'no_answer': 7, 'not_html': 11, 'saved': 5368}
5425/11728 2040.7/min {'home_redirect': 14, 'no_answer': 7, 'not_html': 12, 'saved': 5392}
5450/11728 2032.8/min {'home_redirect': 14, 'no_answer': 7, 'not_html': 13, 'saved': 5416}
5475/11728 2028.8/min {'home_redirect': 14, 'no_answer': 7, 'not_html': 13, 'saved': 5441}
5500/11728 2023.8/min {'home_redirect': 14, 'no_answer': 7, 'not_html': 14, 'saved': 5465}
5525/11728 2019.7/min {'home_redirect': 14, 'no_answer': 7, 'not_html': 14, 'saved': 5490}
5550/11728 2014.8/min {'home_redirect': 14, 'no_answer': 7, 'not_html': 14, 'saved': 5515}
5575/11728 2016.3/min {'home_redirect': 14, 'no_answer': 8, 'not_html': 14, 'saved': 5539}
5600/11728 2015.1/min {'home_redirect': 14, 'no_answer': 8, 'not_html': 14, 'saved': 5564}
5625/11728 2012.3/min {'home_redirect': 14, 'no_answer': 8, 'not_html': 15, 'saved': 5588}
5650/11728 2012.0/min {'home_redirect': 14, 'no_answer': 8, 'not_html': 15, 'saved': 5613}
5675/11728 2006.4/min {'home_redirect': 14, 'no_answer': 9, 'not_html': 15, 'saved': 5637}
5700/11728 2003.8/min {'home_redirect': 14, 'no_answer': 9, 'not_html': 15, 'saved': 5662}
5725/11728 2004.5/min {'home_redirect': 14, 'no_answer': 9, 'not_html': 15, 'saved': 5687}
5750/11728 2000.9/min {'home_redirect': 14, 'no_answer': 9, 'not_html': 15, 'saved': 5712}
5775/11728 1991.5/min {'home_redirect': 14, 'no_answer': 9, 'not_html': 15, 'saved': 5737}
5800/11728 1981.2/min {'home_redirect': 14, 'no_answer': 9, 'not_html': 15, 'saved': 5762}
5825/11728 1975.6/min {'home_redirect': 14, 'no_answer': 9, 'not_html': 15, 'saved': 5787}
5850/11728 1972.3/min {'home_redirect': 14, 'no_answer': 9, 'not_html': 15, 'saved': 5812}
5875/11728 1966.2/min {'home_redirect': 14, 'no_answer': 9, 'not_html': 16, 'saved': 5836}
5900/11728 1957.6/min {'home_redirect': 14, 'no_answer': 9, 'not_html': 16, 'saved': 5861}
5925/11728 1957.1/min {'home_redirect': 14, 'no_answer': 9, 'not_html': 16, 'saved': 5886}
5950/11728 1950.1/min {'home_redirect': 14, 'no_answer': 11, 'not_html': 16, 'saved': 5909}
5975/11728 1947.6/min {'home_redirect': 14, 'no_answer': 11, 'not_html': 17, 'saved': 5933}
6000/11728 1940.8/min {'home_redirect': 14, 'no_answer': 11, 'not_html': 17, 'saved': 5958}
6025/11728 1935.9/min {'home_redirect': 14, 'no_answer': 11, 'not_html': 18, 'saved': 5982}
6050/11728 1933.8/min {'home_redirect': 14, 'no_answer': 11, 'not_html': 18, 'saved': 6007}
6075/11728 1931.3/min {'home_redirect': 14, 'no_answer': 11, 'not_html': 18, 'saved': 6032}
6100/11728 1924.4/min {'home_redirect': 14, 'no_answer': 11, 'not_html': 19, 'saved': 6056}
6125/11728 1918.7/min {'home_redirect': 14, 'no_answer': 11, 'not_html': 19, 'saved': 6081}
6150/11728 1917.9/min {'home_redirect': 14, 'no_answer': 11, 'not_html': 20, 'saved': 6105}
6175/11728 1909.3/min {'home_redirect': 14, 'no_answer': 11, 'not_html': 20, 'saved': 6130}
6200/11728 1907.2/min {'home_redirect': 14, 'no_answer': 12, 'not_html': 20, 'saved': 6154}
6225/11728 1904.1/min {'home_redirect': 14, 'no_answer': 12, 'not_html': 21, 'saved': 6178}
6250/11728 1902.0/min {'home_redirect': 14, 'no_answer': 12, 'not_html': 21, 'saved': 6203}
6275/11728 1896.8/min {'home_redirect': 14, 'no_answer': 12, 'not_html': 21, 'saved': 6228}
6300/11728 1895.6/min {'home_redirect': 14, 'no_answer': 12, 'not_html': 21, 'saved': 6253}
6325/11728 1884.2/min {'home_redirect': 14, 'no_answer': 12, 'not_html': 21, 'saved': 6278}
6350/11728 1875.5/min {'home_redirect': 14, 'no_answer': 12, 'not_html': 21, 'saved': 6303}
6375/11728 1856.8/min {'home_redirect': 14, 'no_answer': 13, 'not_html': 22, 'saved': 6326}
6400/11728 1828.2/min {'home_redirect': 14, 'no_answer': 14, 'not_html': 22, 'saved': 6350}
6425/11728 1788.6/min {'home_redirect': 14, 'no_answer': 14, 'not_html': 23, 'saved': 6374}
6450/11728 1732.1/min {'home_redirect': 14, 'no_answer': 14, 'not_html': 23, 'saved': 6399}
6475/11728 1714.4/min {'home_redirect': 14, 'no_answer': 14, 'not_html': 23, 'saved': 6424}
6500/11728 1708.8/min {'home_redirect': 14, 'no_answer': 14, 'not_html': 23, 'saved': 6449}
6525/11728 1697.4/min {'home_redirect': 14, 'no_answer': 17, 'not_html': 24, 'saved': 6470}
6550/11728 1681.8/min {'home_redirect': 14, 'no_answer': 17, 'not_html': 26, 'saved': 6493}
6575/11728 1627.6/min {'home_redirect': 14, 'no_answer': 18, 'not_html': 27, 'saved': 6516}
6600/11728 1619.5/min {'home_redirect': 14, 'no_answer': 18, 'not_html': 27, 'saved': 6541}
6625/11728 1610.5/min {'home_redirect': 14, 'no_answer': 18, 'not_html': 28, 'saved': 6565}
6650/11728 1581.5/min {'home_redirect': 14, 'no_answer': 19, 'not_html': 28, 'saved': 6589}
6675/11728 1479.1/min {'home_redirect': 14, 'no_answer': 19, 'not_html': 28, 'saved': 6614}
6700/11728 1465.7/min {'home_redirect': 14, 'no_answer': 19, 'not_html': 29, 'saved': 6638}
6725/11728 1462.0/min {'home_redirect': 14, 'no_answer': 19, 'not_html': 31, 'saved': 6661}
6750/11728 1456.4/min {'home_redirect': 14, 'no_answer': 19, 'not_html': 35, 'saved': 6682}
6775/11728 1431.9/min {'home_redirect': 14, 'no_answer': 20, 'not_html': 38, 'saved': 6703}
6800/11728 1424.2/min {'home_redirect': 14, 'no_answer': 22, 'not_html': 40, 'saved': 6724}
6825/11728 1407.6/min {'home_redirect': 14, 'no_answer': 23, 'not_html': 40, 'saved': 6748}
6850/11728 1396.8/min {'home_redirect': 14, 'no_answer': 23, 'not_html': 40, 'saved': 6773}
6875/11728 1390.1/min {'home_redirect': 14, 'no_answer': 25, 'not_html': 40, 'saved': 6796}
6900/11728 1375.9/min {'home_redirect': 14, 'no_answer': 26, 'not_html': 41, 'saved': 6819}
6925/11728 1364.5/min {'home_redirect': 14, 'no_answer': 26, 'not_html': 41, 'saved': 6844}
6950/11728 1360.6/min {'home_redirect': 14, 'no_answer': 26, 'not_html': 41, 'saved': 6869}
6975/11728 1352.1/min {'home_redirect': 14, 'no_answer': 26, 'not_html': 41, 'saved': 6894}
7000/11728 1328.9/min {'home_redirect': 14, 'no_answer': 26, 'not_html': 41, 'saved': 6919}
7025/11728 1320.0/min {'home_redirect': 14, 'no_answer': 26, 'not_html': 42, 'saved': 6943}
7050/11728 1307.9/min {'home_redirect': 14, 'no_answer': 26, 'not_html': 43, 'saved': 6967}
7075/11728 1302.3/min {'home_redirect': 14, 'no_answer': 26, 'not_html': 45, 'saved': 6990}
7100/11728 1297.7/min {'home_redirect': 14, 'no_answer': 26, 'not_html': 46, 'saved': 7014}
7125/11728 1275.6/min {'home_redirect': 14, 'no_answer': 27, 'not_html': 46, 'saved': 7038}
7150/11728 1268.0/min {'home_redirect': 14, 'no_answer': 27, 'not_html': 46, 'saved': 7063}
7175/11728 1264.6/min {'home_redirect': 14, 'no_answer': 29, 'not_html': 47, 'saved': 7085}
7200/11728 1256.1/min {'home_redirect': 14, 'no_answer': 29, 'not_html': 48, 'saved': 7109}
7225/11728 1238.3/min {'home_redirect': 14, 'no_answer': 29, 'not_html': 48, 'saved': 7134}
7250/11728 1238.4/min {'home_redirect': 14, 'no_answer': 29, 'not_html': 49, 'saved': 7158}
7275/11728 1240.4/min {'home_redirect': 14, 'no_answer': 29, 'not_html': 49, 'saved': 7183}
7300/11728 1243.2/min {'home_redirect': 14, 'no_answer': 29, 'not_html': 49, 'saved': 7208}
7325/11728 1246.1/min {'home_redirect': 14, 'no_answer': 29, 'not_html': 49, 'saved': 7233}
7350/11728 1249.0/min {'home_redirect': 14, 'no_answer': 29, 'not_html': 49, 'saved': 7258}
7375/11728 1252.0/min {'home_redirect': 14, 'no_answer': 29, 'not_html': 49, 'saved': 7283}
7400/11728 1255.1/min {'home_redirect': 14, 'no_answer': 29, 'not_html': 49, 'saved': 7308}
7425/11728 1258.4/min {'home_redirect': 14, 'no_answer': 29, 'not_html': 49, 'saved': 7333}
7450/11728 1261.7/min {'home_redirect': 14, 'no_answer': 29, 'not_html': 49, 'saved': 7358}
7475/11728 1264.9/min {'home_redirect': 14, 'no_answer': 29, 'not_html': 49, 'saved': 7383}
7500/11728 1268.2/min {'home_redirect': 14, 'no_answer': 29, 'not_html': 49, 'saved': 7408}
7525/11728 1271.6/min {'home_redirect': 14, 'no_answer': 29, 'not_html': 49, 'saved': 7433}
7550/11728 1274.7/min {'home_redirect': 14, 'no_answer': 29, 'not_html': 49, 'saved': 7458}
7575/11728 1277.9/min {'home_redirect': 14, 'no_answer': 31, 'not_html': 49, 'saved': 7481}
7600/11728 1281.0/min {'home_redirect': 14, 'no_answer': 31, 'not_html': 49, 'saved': 7506}
7625/11728 1284.3/min {'home_redirect': 14, 'no_answer': 31, 'not_html': 49, 'saved': 7531}
7650/11728 1287.6/min {'home_redirect': 14, 'no_answer': 31, 'not_html': 49, 'saved': 7556}
7675/11728 1290.8/min {'home_redirect': 14, 'no_answer': 31, 'not_html': 49, 'saved': 7581}
7700/11728 1294.0/min {'home_redirect': 14, 'no_answer': 31, 'not_html': 49, 'saved': 7606}
7725/11728 1297.2/min {'home_redirect': 14, 'no_answer': 32, 'not_html': 49, 'saved': 7630}
7750/11728 1300.2/min {'home_redirect': 14, 'no_answer': 32, 'not_html': 49, 'saved': 7655}
7775/11728 1303.5/min {'home_redirect': 14, 'no_answer': 32, 'not_html': 49, 'saved': 7680}
7800/11728 1306.7/min {'home_redirect': 14, 'no_answer': 32, 'not_html': 49, 'saved': 7705}
7825/11728 1310.0/min {'home_redirect': 14, 'no_answer': 33, 'not_html': 49, 'saved': 7729}
7850/11728 1313.3/min {'home_redirect': 14, 'no_answer': 33, 'not_html': 49, 'saved': 7754}
7875/11728 1316.6/min {'home_redirect': 14, 'no_answer': 34, 'not_html': 49, 'saved': 7778}
7900/11728 1319.9/min {'home_redirect': 14, 'no_answer': 34, 'not_html': 49, 'saved': 7803}
7925/11728 1323.0/min {'home_redirect': 14, 'no_answer': 34, 'not_html': 49, 'saved': 7828}
7950/11728 1326.2/min {'home_redirect': 14, 'no_answer': 34, 'not_html': 49, 'saved': 7853}
7975/11728 1329.4/min {'home_redirect': 14, 'no_answer': 34, 'not_html': 49, 'saved': 7878}
8000/11728 1332.5/min {'home_redirect': 14, 'no_answer': 34, 'not_html': 49, 'saved': 7903}
8025/11728 1336.0/min {'home_redirect': 14, 'no_answer': 34, 'not_html': 49, 'saved': 7928}
8050/11728 1339.2/min {'home_redirect': 14, 'no_answer': 34, 'not_html': 49, 'saved': 7953}
8075/11728 1342.5/min {'home_redirect': 14, 'no_answer': 35, 'not_html': 49, 'saved': 7977}
8100/11728 1345.9/min {'home_redirect': 14, 'no_answer': 37, 'not_html': 49, 'saved': 8000}
8125/11728 1349.1/min {'home_redirect': 14, 'no_answer': 37, 'not_html': 49, 'saved': 8025}
8150/11728 1352.2/min {'home_redirect': 14, 'no_answer': 38, 'not_html': 49, 'saved': 8049}
8175/11728 1355.5/min {'home_redirect': 14, 'no_answer': 38, 'not_html': 49, 'saved': 8074}
8200/11728 1358.8/min {'home_redirect': 14, 'no_answer': 38, 'not_html': 49, 'saved': 8099}
8225/11728 1362.0/min {'home_redirect': 14, 'no_answer': 38, 'not_html': 49, 'saved': 8124}
8250/11728 1365.2/min {'home_redirect': 14, 'no_answer': 38, 'not_html': 49, 'saved': 8149}
8275/11728 1368.5/min {'home_redirect': 14, 'no_answer': 38, 'not_html': 49, 'saved': 8174}
8300/11728 1371.8/min {'home_redirect': 14, 'no_answer': 39, 'not_html': 49, 'saved': 8198}
8325/11728 1375.1/min {'home_redirect': 14, 'no_answer': 39, 'not_html': 49, 'saved': 8223}
8350/11728 1378.3/min {'home_redirect': 14, 'no_answer': 39, 'not_html': 49, 'saved': 8248}
8375/11728 1381.7/min {'home_redirect': 14, 'no_answer': 39, 'not_html': 49, 'saved': 8273}
8400/11728 1384.9/min {'home_redirect': 14, 'no_answer': 39, 'not_html': 49, 'saved': 8298}
8425/11728 1388.2/min {'home_redirect': 14, 'no_answer': 42, 'not_html': 49, 'saved': 8320}
8450/11728 1391.4/min {'home_redirect': 14, 'no_answer': 44, 'not_html': 49, 'saved': 8343}
8475/11728 1394.7/min {'home_redirect': 14, 'no_answer': 45, 'not_html': 49, 'saved': 8367}
8500/11728 1397.8/min {'home_redirect': 14, 'no_answer': 45, 'not_html': 49, 'saved': 8392}
8525/11728 1401.0/min {'home_redirect': 14, 'no_answer': 45, 'not_html': 49, 'saved': 8417}
8550/11728 1404.1/min {'home_redirect': 14, 'no_answer': 45, 'not_html': 49, 'saved': 8442}
8575/11728 1407.3/min {'home_redirect': 14, 'no_answer': 45, 'not_html': 49, 'saved': 8467}
8600/11728 1410.6/min {'home_redirect': 14, 'no_answer': 45, 'not_html': 49, 'saved': 8492}
8625/11728 1413.7/min {'home_redirect': 14, 'no_answer': 45, 'not_html': 49, 'saved': 8517}
8650/11728 1417.1/min {'home_redirect': 14, 'no_answer': 46, 'not_html': 49, 'saved': 8541}
8675/11728 1420.6/min {'home_redirect': 14, 'no_answer': 48, 'not_html': 49, 'saved': 8564}
8700/11728 1423.9/min {'home_redirect': 14, 'no_answer': 48, 'not_html': 49, 'saved': 8589}
8725/11728 1427.1/min {'home_redirect': 14, 'no_answer': 49, 'not_html': 49, 'saved': 8613}
8750/11728 1430.5/min {'home_redirect': 14, 'no_answer': 49, 'not_html': 49, 'saved': 8638}
8775/11728 1433.6/min {'home_redirect': 14, 'no_answer': 50, 'not_html': 49, 'saved': 8662}
8800/11728 1436.9/min {'home_redirect': 14, 'no_answer': 50, 'not_html': 49, 'saved': 8687}
8825/11728 1440.1/min {'home_redirect': 14, 'no_answer': 51, 'not_html': 49, 'saved': 8711}
8850/11728 1443.3/min {'home_redirect': 14, 'no_answer': 51, 'not_html': 49, 'saved': 8736}
8875/11728 1446.3/min {'home_redirect': 14, 'no_answer': 51, 'not_html': 49, 'saved': 8761}
8900/11728 1449.6/min {'home_redirect': 14, 'no_answer': 51, 'not_html': 49, 'saved': 8786}
8925/11728 1452.9/min {'home_redirect': 14, 'no_answer': 53, 'not_html': 49, 'saved': 8809}
8950/11728 1456.1/min {'home_redirect': 14, 'no_answer': 56, 'not_html': 49, 'saved': 8831}
8975/11728 1459.4/min {'home_redirect': 14, 'no_answer': 56, 'not_html': 49, 'saved': 8856}
9000/11728 1462.7/min {'home_redirect': 14, 'no_answer': 56, 'not_html': 49, 'saved': 8881}
9025/11728 1466.0/min {'home_redirect': 14, 'no_answer': 57, 'not_html': 49, 'saved': 8905}
9050/11728 1469.3/min {'home_redirect': 14, 'no_answer': 58, 'not_html': 49, 'saved': 8929}
9075/11728 1472.5/min {'home_redirect': 14, 'no_answer': 60, 'not_html': 49, 'saved': 8952}
9100/11728 1475.7/min {'home_redirect': 14, 'no_answer': 61, 'not_html': 49, 'saved': 8976}
9125/11728 1479.0/min {'home_redirect': 14, 'no_answer': 62, 'not_html': 49, 'saved': 9000}
9150/11728 1482.2/min {'home_redirect': 14, 'no_answer': 63, 'not_html': 49, 'saved': 9024}
9175/11728 1485.4/min {'home_redirect': 14, 'no_answer': 63, 'not_html': 49, 'saved': 9049}
9200/11728 1488.7/min {'home_redirect': 14, 'no_answer': 63, 'not_html': 49, 'saved': 9074}
9225/11728 1491.8/min {'home_redirect': 14, 'no_answer': 64, 'not_html': 49, 'saved': 9098}
9250/11728 1495.0/min {'home_redirect': 14, 'no_answer': 64, 'not_html': 49, 'saved': 9123}
9275/11728 1498.2/min {'home_redirect': 14, 'no_answer': 64, 'not_html': 49, 'saved': 9148}
9300/11728 1501.4/min {'home_redirect': 14, 'no_answer': 64, 'not_html': 49, 'saved': 9173}
9325/11728 1504.6/min {'home_redirect': 14, 'no_answer': 66, 'not_html': 49, 'saved': 9196}
9350/11728 1507.9/min {'home_redirect': 14, 'no_answer': 66, 'not_html': 49, 'saved': 9221}
9375/11728 1511.2/min {'home_redirect': 14, 'no_answer': 68, 'not_html': 49, 'saved': 9244}
9400/11728 1514.4/min {'home_redirect': 14, 'no_answer': 69, 'not_html': 49, 'saved': 9268}
9425/11728 1517.8/min {'home_redirect': 14, 'no_answer': 69, 'not_html': 49, 'saved': 9293}
9450/11728 1520.9/min {'home_redirect': 14, 'no_answer': 69, 'not_html': 49, 'saved': 9318}
9475/11728 1524.0/min {'home_redirect': 14, 'no_answer': 70, 'not_html': 49, 'saved': 9342}
9500/11728 1527.2/min {'home_redirect': 14, 'no_answer': 70, 'not_html': 49, 'saved': 9367}
9525/11728 1529.5/min {'home_redirect': 14, 'no_answer': 70, 'not_html': 50, 'saved': 9391}
9550/11728 1527.3/min {'home_redirect': 14, 'no_answer': 70, 'not_html': 50, 'saved': 9416}
9575/11728 1523.5/min {'home_redirect': 14, 'no_answer': 70, 'not_html': 52, 'saved': 9439}
9600/11728 1520.6/min {'home_redirect': 14, 'no_answer': 71, 'not_html': 52, 'saved': 9463}
9625/11728 1491.3/min {'home_redirect': 14, 'no_answer': 71, 'not_html': 52, 'saved': 9488}
9650/11728 1487.2/min {'home_redirect': 14, 'no_answer': 72, 'not_html': 52, 'saved': 9512}
9675/11728 1480.7/min {'home_redirect': 14, 'no_answer': 72, 'not_html': 53, 'saved': 9536}
9700/11728 1450.6/min {'home_redirect': 14, 'no_answer': 73, 'not_html': 53, 'saved': 9560}
9725/11728 1444.8/min {'home_redirect': 14, 'no_answer': 73, 'not_html': 53, 'saved': 9585}
9750/11728 1443.9/min {'home_redirect': 14, 'no_answer': 74, 'not_html': 53, 'saved': 9609}
9775/11728 1422.7/min {'home_redirect': 14, 'no_answer': 74, 'not_html': 53, 'saved': 9634}
9800/11728 1401.6/min {'home_redirect': 14, 'no_answer': 75, 'not_html': 53, 'saved': 9658}
9825/11728 1391.2/min {'home_redirect': 14, 'no_answer': 77, 'not_html': 53, 'saved': 9681}
9850/11728 1370.4/min {'home_redirect': 14, 'no_answer': 78, 'not_html': 53, 'saved': 9705}
9875/11728 1365.3/min {'home_redirect': 14, 'no_answer': 81, 'not_html': 53, 'saved': 9727}
9900/11728 1355.8/min {'home_redirect': 14, 'no_answer': 81, 'not_html': 54, 'saved': 9751}
9925/11728 1342.9/min {'home_redirect': 14, 'no_answer': 81, 'not_html': 54, 'saved': 9776}
9950/11728 1330.0/min {'home_redirect': 14, 'no_answer': 81, 'not_html': 54, 'saved': 9801}
9975/11728 1318.5/min {'home_redirect': 14, 'no_answer': 84, 'not_html': 54, 'saved': 9823}
10000/11728 1304.6/min {'home_redirect': 14, 'no_answer': 84, 'not_html': 54, 'saved': 9848}
10025/11728 1292.2/min {'home_redirect': 14, 'no_answer': 85, 'not_html': 54, 'saved': 9872}
10050/11728 1260.9/min {'home_redirect': 14, 'no_answer': 86, 'not_html': 54, 'saved': 9896}
10075/11728 1248.5/min {'home_redirect': 14, 'no_answer': 86, 'not_html': 54, 'saved': 9921}
10100/11728 1238.6/min {'home_redirect': 14, 'no_answer': 87, 'not_html': 54, 'saved': 9945}
10125/11728 1235.0/min {'home_redirect': 14, 'no_answer': 87, 'not_html': 54, 'saved': 9970}
10150/11728 1231.1/min {'home_redirect': 14, 'no_answer': 87, 'not_html': 55, 'saved': 9994}
10175/11728 1229.1/min {'home_redirect': 14, 'no_answer': 87, 'not_html': 57, 'saved': 10017}
10200/11728 1224.5/min {'home_redirect': 14, 'no_answer': 87, 'not_html': 57, 'saved': 10042}
10225/11728 1222.3/min {'home_redirect': 14, 'no_answer': 87, 'not_html': 57, 'saved': 10067}
10250/11728 1221.7/min {'home_redirect': 14, 'no_answer': 87, 'not_html': 57, 'saved': 10092}
10275/11728 1222.2/min {'home_redirect': 14, 'no_answer': 87, 'not_html': 57, 'saved': 10117}
10300/11728 1221.8/min {'home_redirect': 14, 'no_answer': 87, 'not_html': 58, 'saved': 10141}
10325/11728 1221.2/min {'home_redirect': 14, 'no_answer': 87, 'not_html': 59, 'saved': 10165}
10350/11728 1221.7/min {'home_redirect': 14, 'no_answer': 87, 'not_html': 59, 'saved': 10190}
10375/11728 1222.5/min {'home_redirect': 14, 'no_answer': 88, 'not_html': 59, 'saved': 10214}
10400/11728 1223.1/min {'home_redirect': 14, 'no_answer': 88, 'not_html': 59, 'saved': 10239}
10425/11728 1222.9/min {'home_redirect': 14, 'no_answer': 88, 'not_html': 59, 'saved': 10264}
10450/11728 1222.7/min {'home_redirect': 14, 'no_answer': 88, 'not_html': 59, 'saved': 10289}
10475/11728 1222.5/min {'home_redirect': 14, 'no_answer': 88, 'not_html': 59, 'saved': 10314}
10500/11728 1221.9/min {'home_redirect': 14, 'no_answer': 88, 'not_html': 59, 'saved': 10339}
10525/11728 1223.2/min {'home_redirect': 14, 'no_answer': 88, 'not_html': 60, 'saved': 10363}
10550/11728 1223.9/min {'home_redirect': 14, 'no_answer': 88, 'not_html': 60, 'saved': 10388}
10575/11728 1225.0/min {'home_redirect': 14, 'no_answer': 88, 'not_html': 60, 'saved': 10413}
10600/11728 1226.5/min {'home_redirect': 14, 'no_answer': 89, 'not_html': 60, 'saved': 10437}
10625/11728 1228.0/min {'home_redirect': 14, 'no_answer': 89, 'not_html': 60, 'saved': 10462}
10650/11728 1229.8/min {'home_redirect': 14, 'no_answer': 89, 'not_html': 60, 'saved': 10487}
10675/11728 1231.8/min {'home_redirect': 14, 'no_answer': 89, 'not_html': 60, 'saved': 10512}
10700/11728 1233.5/min {'home_redirect': 14, 'no_answer': 89, 'not_html': 60, 'saved': 10537}
10725/11728 1233.7/min {'home_redirect': 14, 'no_answer': 89, 'not_html': 60, 'saved': 10562}
10750/11728 1234.3/min {'home_redirect': 14, 'no_answer': 89, 'not_html': 60, 'saved': 10587}
10775/11728 1235.8/min {'home_redirect': 14, 'no_answer': 89, 'not_html': 60, 'saved': 10612}
10800/11728 1236.8/min {'home_redirect': 14, 'no_answer': 89, 'not_html': 60, 'saved': 10637}
10825/11728 1237.3/min {'home_redirect': 14, 'no_answer': 89, 'not_html': 60, 'saved': 10662}
10850/11728 1238.0/min {'home_redirect': 14, 'no_answer': 89, 'not_html': 60, 'saved': 10687}
10875/11728 1238.8/min {'home_redirect': 14, 'no_answer': 89, 'not_html': 61, 'saved': 10711}
10900/11728 1239.1/min {'home_redirect': 14, 'no_answer': 89, 'not_html': 61, 'saved': 10736}
10925/11728 1240.0/min {'home_redirect': 14, 'no_answer': 90, 'not_html': 61, 'saved': 10760}
10950/11728 1241.5/min {'home_redirect': 14, 'no_answer': 90, 'not_html': 62, 'saved': 10784}
10975/11728 1242.4/min {'home_redirect': 14, 'no_answer': 90, 'not_html': 62, 'saved': 10809}
11000/11728 1244.2/min {'home_redirect': 14, 'no_answer': 90, 'not_html': 62, 'saved': 10834}
11025/11728 1245.1/min {'home_redirect': 14, 'no_answer': 90, 'not_html': 62, 'saved': 10859}
11050/11728 1247.1/min {'home_redirect': 14, 'no_answer': 90, 'not_html': 62, 'saved': 10884}
11075/11728 1247.8/min {'home_redirect': 14, 'no_answer': 90, 'not_html': 63, 'saved': 10908}
11100/11728 1248.4/min {'home_redirect': 14, 'no_answer': 90, 'not_html': 63, 'saved': 10933}
11125/11728 1249.8/min {'home_redirect': 14, 'no_answer': 90, 'not_html': 63, 'saved': 10958}
11150/11728 1251.0/min {'home_redirect': 14, 'no_answer': 90, 'not_html': 63, 'saved': 10983}
11175/11728 1251.8/min {'home_redirect': 14, 'no_answer': 90, 'not_html': 64, 'saved': 11007}
11200/11728 1252.3/min {'home_redirect': 14, 'no_answer': 90, 'not_html': 64, 'saved': 11032}
11225/11728 1253.2/min {'home_redirect': 14, 'no_answer': 90, 'not_html': 64, 'saved': 11057}
11250/11728 1253.9/min {'home_redirect': 14, 'no_answer': 90, 'not_html': 64, 'saved': 11082}
11275/11728 1254.0/min {'home_redirect': 14, 'no_answer': 90, 'not_html': 64, 'saved': 11107}
11300/11728 1254.5/min {'home_redirect': 14, 'no_answer': 90, 'not_html': 64, 'saved': 11132}
11325/11728 1254.5/min {'home_redirect': 14, 'no_answer': 90, 'not_html': 64, 'saved': 11157}
11350/11728 1255.0/min {'home_redirect': 14, 'no_answer': 90, 'not_html': 64, 'saved': 11182}
11375/11728 1254.2/min {'home_redirect': 14, 'no_answer': 90, 'not_html': 64, 'saved': 11207}
11400/11728 1253.7/min {'home_redirect': 14, 'no_answer': 90, 'not_html': 64, 'saved': 11232}
11425/11728 1253.3/min {'home_redirect': 14, 'no_answer': 90, 'not_html': 64, 'saved': 11257}
11450/11728 1253.3/min {'home_redirect': 14, 'no_answer': 90, 'not_html': 64, 'saved': 11282}
11475/11728 1251.9/min {'home_redirect': 14, 'no_answer': 90, 'not_html': 65, 'saved': 11306}
11500/11728 1250.7/min {'home_redirect': 14, 'no_answer': 90, 'not_html': 65, 'saved': 11331}
11525/11728 1249.9/min {'home_redirect': 14, 'no_answer': 90, 'not_html': 65, 'saved': 11356}
11550/11728 1251.2/min {'home_redirect': 14, 'no_answer': 90, 'not_html': 65, 'saved': 11381}
11575/11728 1252.3/min {'home_redirect': 14, 'no_answer': 90, 'not_html': 65, 'saved': 11406}
11600/11728 1253.3/min {'home_redirect': 14, 'no_answer': 90, 'not_html': 65, 'saved': 11431}
11625/11728 1254.5/min {'home_redirect': 14, 'no_answer': 90, 'not_html': 65, 'saved': 11456}
11650/11728 1255.5/min {'home_redirect': 14, 'no_answer': 90, 'not_html': 65, 'saved': 11481}
11675/11728 1255.3/min {'home_redirect': 14, 'no_answer': 91, 'not_html': 65, 'saved': 11505}
11700/11728 1256.7/min {'home_redirect': 14, 'no_answer': 91, 'not_html': 66, 'saved': 11529}
11725/11728 1252.2/min {'home_redirect': 14, 'no_answer': 91, 'not_html': 66, 'saved': 11554}
11728/11728 1216.9/min {'home_redirect': 14, 'no_answer': 91, 'not_html': 66, 'saved': 11557}
done {'home_redirect': 14, 'no_answer': 91, 'not_html': 66, 'saved': 11557}
