queue 11728, done 22131, todo 11728, network RS AS15958 CETINdoo-NET 109.245.130.133, our refs guarded 321
25/11728 520.6/min {'1_mostbet_only': 23, 'needs_browser': 2}
50/11728 698.0/min {'1_mostbet_only': 43, '2_no_ads': 5, 'needs_browser': 2}
75/11728 772.2/min {'1_mostbet_only': 65, '2_no_ads': 5, 'needs_browser': 5}
100/11728 816.2/min {'1_mostbet_only': 85, '2_no_ads': 7, 'needs_browser': 8}
125/11728 818.0/min {'1_mostbet_only': 106, '2_no_ads': 8, '3_other_only': 1, '5_dead': 1, 'needs_browser': 9}
150/11728 847.7/min {'1_mostbet_only': 124, '2_no_ads': 9, '3_other_only': 1, '4_mixed': 5, '5_dead': 1, 'needs_browser': 10}
175/11728 811.0/min {'1_mostbet_only': 140, '2_no_ads': 9, '3_other_only': 2, '4_mixed': 6, '5_dead': 1, 'needs_browser': 17}
200/11728 834.6/min {'1_mostbet_only': 152, '2_no_ads': 10, '3_other_only': 9, '4_mixed': 6, '5_dead': 1, 'needs_browser': 22}
225/11728 863.2/min {'1_mostbet_only': 169, '2_no_ads': 11, '3_other_only': 9, '4_mixed': 7, '5_dead': 1, 'needs_browser': 28}
250/11728 814.4/min {'1_mostbet_only': 186, '2_no_ads': 13, '3_other_only': 9, '4_mixed': 7, '5_dead': 1, 'needs_browser': 34}
275/11728 798.3/min {'1_mostbet_only': 197, '2_no_ads': 16, '3_other_only': 9, '4_mixed': 11, '5_dead': 1, 'needs_browser': 41}
300/11728 778.4/min {'1_mostbet_only': 214, '2_no_ads': 16, '3_other_only': 9, '4_mixed': 11, '5_dead': 1, 'needs_browser': 49}
325/11728 773.3/min {'1_mostbet_only': 233, '2_no_ads': 16, '3_other_only': 9, '4_mixed': 12, '5_dead': 1, 'needs_browser': 54}
350/11728 763.3/min {'1_mostbet_only': 248, '2_no_ads': 17, '3_other_only': 9, '4_mixed': 14, '5_dead': 1, 'needs_browser': 61}
375/11728 730.3/min {'1_mostbet_only': 254, '2_no_ads': 18, '3_other_only': 15, '4_mixed': 16, '5_dead': 1, 'needs_browser': 71}
400/11728 728.3/min {'1_mostbet_only': 269, '2_no_ads': 19, '3_other_only': 16, '4_mixed': 21, '5_dead': 1, 'needs_browser': 74}
425/11728 738.9/min {'1_mostbet_only': 280, '2_no_ads': 20, '3_other_only': 17, '4_mixed': 24, '5_dead': 1, 'needs_browser': 83}
450/11728 742.6/min {'1_mostbet_only': 288, '2_no_ads': 21, '3_other_only': 17, '4_mixed': 27, '5_dead': 1, 'needs_browser': 96}
475/11728 753.9/min {'1_mostbet_only': 303, '2_no_ads': 21, '3_other_only': 17, '4_mixed': 28, '5_dead': 1, 'needs_browser': 105}
500/11728 763.7/min {'1_mostbet_only': 312, '2_no_ads': 21, '3_other_only': 19, '4_mixed': 28, '5_dead': 1, 'needs_browser': 119}
525/11728 757.4/min {'1_mostbet_only': 322, '2_no_ads': 21, '3_other_only': 24, '4_mixed': 32, '5_dead': 1, 'needs_browser': 125}
550/11728 754.1/min {'1_mostbet_only': 335, '2_no_ads': 23, '3_other_only': 25, '4_mixed': 35, '5_dead': 1, 'needs_browser': 131}
575/11728 755.1/min {'1_mostbet_only': 348, '2_no_ads': 25, '3_other_only': 25, '4_mixed': 35, '5_dead': 1, 'needs_browser': 141}
600/11728 755.5/min {'1_mostbet_only': 363, '2_no_ads': 25, '3_other_only': 25, '4_mixed': 35, '5_dead': 1, 'needs_browser': 151}
625/11728 750.0/min {'1_mostbet_only': 379, '2_no_ads': 26, '3_other_only': 25, '4_mixed': 37, '5_dead': 1, 'needs_browser': 157}
650/11728 748.6/min {'1_mostbet_only': 392, '2_no_ads': 27, '3_other_only': 25, '4_mixed': 39, '5_dead': 1, 'needs_browser': 166}
675/11728 750.4/min {'1_mostbet_only': 408, '2_no_ads': 29, '3_other_only': 25, '4_mixed': 40, '5_dead': 1, 'needs_browser': 172}
700/11728 757.2/min {'1_mostbet_only': 424, '2_no_ads': 29, '3_other_only': 25, '4_mixed': 41, '5_dead': 1, 'needs_browser': 180}
725/11728 768.7/min {'1_mostbet_only': 438, '2_no_ads': 30, '3_other_only': 25, '4_mixed': 42, '5_dead': 1, '5_not_shown': 1, 'needs_browser': 188}
750/11728 773.0/min {'1_mostbet_only': 451, '2_no_ads': 31, '3_other_only': 25, '4_mixed': 43, '5_dead': 1, '5_not_shown': 1, 'needs_browser': 198}
775/11728 768.8/min {'1_mostbet_only': 469, '2_no_ads': 32, '3_other_only': 25, '4_mixed': 44, '5_dead': 1, '5_not_shown': 1, 'needs_browser': 203}
800/11728 775.9/min {'1_mostbet_only': 483, '2_no_ads': 33, '3_other_only': 25, '4_mixed': 45, '5_dead': 1, '5_not_shown': 1, 'needs_browser': 212}
825/11728 776.9/min {'1_mostbet_only': 499, '2_no_ads': 35, '3_other_only': 25, '4_mixed': 46, '5_dead': 1, '5_not_shown': 1, 'needs_browser': 218}
850/11728 779.3/min {'1_mostbet_only': 510, '2_no_ads': 36, '3_other_only': 25, '4_mixed': 47, '5_dead': 1, '5_not_shown': 1, 'needs_browser': 230}
875/11728 784.3/min {'1_mostbet_only': 524, '2_no_ads': 36, '3_other_only': 25, '4_mixed': 49, '5_dead': 1, '5_not_shown': 1, 'needs_browser': 239}
900/11728 785.5/min {'1_mostbet_only': 539, '2_no_ads': 38, '3_other_only': 25, '4_mixed': 50, '5_dead': 1, '5_not_shown': 1, 'needs_browser': 246}
925/11728 790.4/min {'1_mostbet_only': 557, '2_no_ads': 41, '3_other_only': 25, '4_mixed': 52, '5_dead': 1, '5_not_shown': 1, 'needs_browser': 248}
950/11728 797.1/min {'1_mostbet_only': 574, '2_no_ads': 44, '3_other_only': 25, '4_mixed': 52, '5_dead': 1, '5_not_shown': 1, 'needs_browser': 253}
975/11728 796.9/min {'1_mostbet_only': 588, '2_no_ads': 45, '3_other_only': 25, '4_mixed': 53, '5_dead': 1, '5_not_shown': 1, 'needs_browser': 262}
1000/11728 793.2/min {'1_mostbet_only': 602, '2_no_ads': 46, '3_other_only': 25, '4_mixed': 53, '5_dead': 1, '5_not_shown': 1, 'needs_browser': 272}
1025/11728 792.9/min {'1_mostbet_only': 618, '2_no_ads': 46, '3_other_only': 25, '4_mixed': 54, '5_dead': 1, '5_not_shown': 1, 'needs_browser': 280}
1050/11728 785.6/min {'1_mostbet_only': 631, '2_no_ads': 46, '3_other_only': 25, '4_mixed': 57, '5_dead': 1, '5_not_shown': 1, 'needs_browser': 289}
1075/11728 782.5/min {'1_mostbet_only': 645, '2_no_ads': 47, '3_other_only': 25, '4_mixed': 58, '5_dead': 1, '5_not_shown': 1, 'needs_browser': 298}
1100/11728 783.4/min {'1_mostbet_only': 663, '2_no_ads': 47, '3_other_only': 25, '4_mixed': 60, '5_dead': 1, '5_not_shown': 1, 'needs_browser': 303}
1125/11728 786.7/min {'1_mostbet_only': 679, '2_no_ads': 47, '3_other_only': 25, '4_mixed': 61, '5_dead': 1, '5_not_shown': 1, 'needs_browser': 311}
1150/11728 791.2/min {'1_mostbet_only': 697, '2_no_ads': 47, '3_other_only': 25, '4_mixed': 61, '5_dead': 1, '5_not_shown': 1, 'needs_browser': 318}
1175/11728 787.8/min {'1_mostbet_only': 712, '2_no_ads': 47, '3_other_only': 27, '4_mixed': 62, '5_dead': 1, '5_not_shown': 1, 'needs_browser': 325}
1200/11728 789.5/min {'1_mostbet_only': 725, '2_no_ads': 49, '3_other_only': 28, '4_mixed': 64, '5_dead': 1, '5_not_shown': 1, 'needs_browser': 332}
1225/11728 788.3/min {'1_mostbet_only': 742, '2_no_ads': 50, '3_other_only': 28, '4_mixed': 64, '5_dead': 1, '5_not_shown': 1, 'needs_browser': 339}
1250/11728 792.0/min {'1_mostbet_only': 754, '2_no_ads': 51, '3_other_only': 28, '4_mixed': 67, '5_dead': 1, '5_not_shown': 1, 'needs_browser': 348}
1275/11728 791.0/min {'1_mostbet_only': 772, '2_no_ads': 51, '3_other_only': 29, '4_mixed': 68, '5_dead': 1, '5_not_shown': 1, 'needs_browser': 353}
1300/11728 795.9/min {'1_mostbet_only': 788, '2_no_ads': 52, '3_other_only': 29, '4_mixed': 69, '5_dead': 2, '5_not_shown': 1, 'needs_browser': 359}
1325/11728 790.9/min {'1_mostbet_only': 800, '2_no_ads': 54, '3_other_only': 29, '4_mixed': 71, '5_dead': 2, '5_not_shown': 1, 'needs_browser': 368}
1350/11728 792.2/min {'1_mostbet_only': 818, '2_no_ads': 55, '3_other_only': 29, '4_mixed': 73, '5_dead': 2, '5_not_shown': 1, 'needs_browser': 372}
1375/11728 794.8/min {'1_mostbet_only': 831, '2_no_ads': 59, '3_other_only': 29, '4_mixed': 74, '5_dead': 2, '5_not_shown': 1, 'needs_browser': 379}
1400/11728 795.0/min {'1_mostbet_only': 842, '2_no_ads': 69, '3_other_only': 29, '4_mixed': 75, '5_dead': 2, '5_not_shown': 1, 'needs_browser': 382}
1425/11728 794.6/min {'1_mostbet_only': 856, '2_no_ads': 74, '3_other_only': 29, '4_mixed': 76, '5_dead': 2, '5_not_shown': 1, 'needs_browser': 387}
1450/11728 783.8/min {'1_mostbet_only': 870, '2_no_ads': 76, '3_other_only': 29, '4_mixed': 76, '5_dead': 2, '5_not_shown': 1, 'needs_browser': 396}
1475/11728 779.2/min {'1_mostbet_only': 886, '2_no_ads': 78, '3_other_only': 29, '4_mixed': 78, '5_dead': 2, '5_not_shown': 1, 'needs_browser': 401}
1500/11728 751.9/min {'1_mostbet_only': 904, '2_no_ads': 78, '3_other_only': 29, '4_mixed': 81, '5_dead': 2, '5_not_shown': 1, 'needs_browser': 405}
1525/11728 743.0/min {'1_mostbet_only': 921, '2_no_ads': 81, '3_other_only': 29, '4_mixed': 82, '5_dead': 2, '5_not_shown': 1, 'needs_browser': 409}
1550/11728 734.8/min {'1_mostbet_only': 934, '2_no_ads': 82, '3_other_only': 30, '4_mixed': 86, '5_dead': 2, '5_not_shown': 1, 'needs_browser': 415}
1575/11728 730.9/min {'1_mostbet_only': 953, '2_no_ads': 84, '3_other_only': 30, '4_mixed': 86, '5_dead': 2, '5_not_shown': 1, 'needs_browser': 419}
1600/11728 727.3/min {'1_mostbet_only': 963, '2_no_ads': 88, '3_other_only': 30, '4_mixed': 90, '5_dead': 2, '5_not_shown': 1, 'needs_browser': 426}
1625/11728 717.8/min {'1_mostbet_only': 980, '2_no_ads': 90, '3_other_only': 30, '4_mixed': 94, '5_dead': 2, '5_not_shown': 1, 'needs_browser': 428}
1650/11728 703.8/min {'1_mostbet_only': 996, '2_no_ads': 95, '3_other_only': 30, '4_mixed': 96, '5_dead': 2, '5_not_shown': 1, 'needs_browser': 430}
1675/11728 698.4/min {'1_mostbet_only': 1006, '2_no_ads': 106, '3_other_only': 30, '4_mixed': 96, '5_dead': 2, '5_not_shown': 1, 'needs_browser': 434}
1700/11728 683.0/min {'1_mostbet_only': 1027, '2_no_ads': 107, '3_other_only': 30, '4_mixed': 97, '5_dead': 2, '5_not_shown': 1, 'needs_browser': 436}
1725/11728 648.0/min {'1_mostbet_only': 1044, '2_no_ads': 110, '3_other_only': 30, '4_mixed': 97, '5_dead': 2, '5_not_shown': 1, 'needs_browser': 441}
1750/11728 633.5/min {'1_mostbet_only': 1056, '2_no_ads': 112, '3_other_only': 30, '4_mixed': 100, '5_dead': 2, '5_not_shown': 1, 'needs_browser': 449}
1775/11728 621.8/min {'1_mostbet_only': 1069, '2_no_ads': 119, '3_other_only': 30, '4_mixed': 100, '5_dead': 4, '5_not_shown': 1, 'needs_browser': 452}
1800/11728 618.6/min {'1_mostbet_only': 1081, '2_no_ads': 125, '3_other_only': 30, '4_mixed': 100, '5_dead': 4, '5_not_shown': 5, 'needs_browser': 455}
1825/11728 613.4/min {'1_mostbet_only': 1096, '2_no_ads': 129, '3_other_only': 30, '4_mixed': 101, '5_dead': 4, '5_not_shown': 5, 'needs_browser': 460}
1850/11728 597.1/min {'1_mostbet_only': 1112, '2_no_ads': 132, '3_other_only': 30, '4_mixed': 102, '5_dead': 4, '5_not_shown': 5, 'needs_browser': 465}
1875/11728 593.2/min {'1_mostbet_only': 1126, '2_no_ads': 137, '3_other_only': 30, '4_mixed': 102, '5_dead': 4, '5_not_shown': 5, 'needs_browser': 471}
1900/11728 584.4/min {'1_mostbet_only': 1142, '2_no_ads': 140, '3_other_only': 30, '4_mixed': 102, '5_dead': 4, '5_not_shown': 5, 'needs_browser': 477}
1925/11728 578.6/min {'1_mostbet_only': 1161, '2_no_ads': 140, '3_other_only': 30, '4_mixed': 103, '5_dead': 4, '5_not_shown': 5, 'needs_browser': 482}
1950/11728 574.5/min {'1_mostbet_only': 1175, '2_no_ads': 144, '3_other_only': 30, '4_mixed': 104, '5_dead': 4, '5_not_shown': 5, 'needs_browser': 488}
1975/11728 574.2/min {'1_mostbet_only': 1186, '2_no_ads': 150, '3_other_only': 30, '4_mixed': 104, '5_dead': 4, '5_not_shown': 5, 'needs_browser': 496}
2000/11728 572.9/min {'1_mostbet_only': 1193, '2_no_ads': 159, '3_other_only': 30, '4_mixed': 104, '5_dead': 4, '5_not_shown': 5, 'needs_browser': 505}
2025/11728 546.8/min {'1_mostbet_only': 1211, '2_no_ads': 163, '3_other_only': 30, '4_mixed': 104, '5_dead': 4, '5_not_shown': 5, 'needs_browser': 508}
2050/11728 541.4/min {'1_mostbet_only': 1225, '2_no_ads': 167, '3_other_only': 30, '4_mixed': 106, '5_dead': 4, '5_not_shown': 6, 'needs_browser': 512}
2075/11728 539.9/min {'1_mostbet_only': 1240, '2_no_ads': 170, '3_other_only': 30, '4_mixed': 106, '5_dead': 6, '5_not_shown': 6, 'needs_browser': 517}
2100/11728 538.4/min {'1_mostbet_only': 1255, '2_no_ads': 175, '3_other_only': 30, '4_mixed': 106, '5_dead': 6, '5_not_shown': 6, 'needs_browser': 522}
2125/11728 534.6/min {'1_mostbet_only': 1268, '2_no_ads': 181, '3_other_only': 30, '4_mixed': 107, '5_dead': 6, '5_not_shown': 6, 'needs_browser': 527}
2150/11728 531.9/min {'1_mostbet_only': 1282, '2_no_ads': 185, '3_other_only': 30, '4_mixed': 107, '5_dead': 6, '5_not_shown': 6, 'needs_browser': 534}
2175/11728 530.9/min {'1_mostbet_only': 1292, '2_no_ads': 195, '3_other_only': 30, '4_mixed': 108, '5_dead': 6, '5_not_shown': 6, 'needs_browser': 538}
2200/11728 527.7/min {'1_mostbet_only': 1306, '2_no_ads': 199, '3_other_only': 30, '4_mixed': 110, '5_dead': 6, '5_not_shown': 6, 'needs_browser': 543}
2225/11728 508.0/min {'1_mostbet_only': 1316, '2_no_ads': 201, '3_other_only': 30, '4_mixed': 110, '5_dead': 6, '5_not_shown': 6, 'needs_browser': 556}
2250/11728 504.8/min {'1_mostbet_only': 1324, '2_no_ads': 207, '3_other_only': 30, '4_mixed': 112, '5_dead': 7, '5_not_shown': 6, 'needs_browser': 564}
2275/11728 506.5/min {'1_mostbet_only': 1331, '2_no_ads': 215, '3_other_only': 30, '4_mixed': 112, '5_dead': 7, '5_not_shown': 6, 'needs_browser': 574}
2300/11728 508.9/min {'1_mostbet_only': 1336, '2_no_ads': 230, '3_other_only': 30, '4_mixed': 112, '5_dead': 7, '5_not_shown': 6, 'needs_browser': 579}
2325/11728 511.5/min {'1_mostbet_only': 1341, '2_no_ads': 246, '3_other_only': 30, '4_mixed': 112, '5_dead': 7, '5_not_shown': 6, 'needs_browser': 583}
2350/11728 513.9/min {'1_mostbet_only': 1347, '2_no_ads': 264, '3_other_only': 30, '4_mixed': 112, '5_dead': 7, '5_not_shown': 6, 'needs_browser': 584}
2375/11728 513.2/min {'1_mostbet_only': 1365, '2_no_ads': 264, '3_other_only': 30, '4_mixed': 112, '5_dead': 8, '5_not_shown': 6, 'needs_browser': 590}
2400/11728 511.7/min {'1_mostbet_only': 1385, '2_no_ads': 265, '3_other_only': 30, '4_mixed': 112, '5_dead': 8, '5_not_shown': 6, 'needs_browser': 594}
2425/11728 510.2/min {'1_mostbet_only': 1406, '2_no_ads': 265, '3_other_only': 30, '4_mixed': 113, '5_dead': 8, '5_not_shown': 6, 'needs_browser': 597}
2450/11728 489.4/min {'1_mostbet_only': 1415, '2_no_ads': 265, '3_other_only': 30, '4_mixed': 114, '5_dead': 8, '5_not_shown': 6, 'needs_browser': 612}
2475/11728 486.7/min {'1_mostbet_only': 1434, '2_no_ads': 265, '3_other_only': 30, '4_mixed': 115, '5_dead': 8, '5_not_shown': 6, 'needs_browser': 617}
2500/11728 488.2/min {'1_mostbet_only': 1453, '2_no_ads': 265, '3_other_only': 30, '4_mixed': 115, '5_dead': 8, '5_not_shown': 6, 'needs_browser': 623}
2525/11728 488.5/min {'1_mostbet_only': 1470, '2_no_ads': 265, '3_other_only': 30, '4_mixed': 115, '5_dead': 8, '5_not_shown': 6, 'needs_browser': 631}
2550/11728 487.3/min {'1_mostbet_only': 1494, '2_no_ads': 265, '3_other_only': 30, '4_mixed': 115, '5_dead': 8, '5_not_shown': 6, 'needs_browser': 632}
2575/11728 487.5/min {'1_mostbet_only': 1518, '2_no_ads': 265, '3_other_only': 30, '4_mixed': 115, '5_dead': 8, '5_not_shown': 6, 'needs_browser': 633}
2600/11728 486.5/min {'1_mostbet_only': 1540, '2_no_ads': 265, '3_other_only': 30, '4_mixed': 115, '5_dead': 8, '5_not_shown': 6, 'needs_browser': 636}
2625/11728 485.1/min {'1_mostbet_only': 1562, '2_no_ads': 265, '3_other_only': 30, '4_mixed': 115, '5_dead': 8, '5_not_shown': 6, 'needs_browser': 639}
2650/11728 482.4/min {'1_mostbet_only': 1583, '2_no_ads': 265, '3_other_only': 30, '4_mixed': 115, '5_dead': 8, '5_not_shown': 6, 'needs_browser': 643}
2675/11728 480.6/min {'1_mostbet_only': 1602, '2_no_ads': 266, '3_other_only': 30, '4_mixed': 115, '5_dead': 8, '5_not_shown': 6, 'needs_browser': 648}
2700/11728 479.5/min {'1_mostbet_only': 1616, '2_no_ads': 266, '3_other_only': 30, '4_mixed': 115, '5_dead': 8, '5_not_shown': 6, 'needs_browser': 659}
2725/11728 479.2/min {'1_mostbet_only': 1632, '2_no_ads': 266, '3_other_only': 30, '4_mixed': 115, '5_dead': 8, '5_not_shown': 6, 'needs_browser': 668}
2750/11728 478.9/min {'1_mostbet_only': 1654, '2_no_ads': 266, '3_other_only': 30, '4_mixed': 115, '5_dead': 8, '5_not_shown': 6, 'needs_browser': 671}
2775/11728 476.7/min {'1_mostbet_only': 1672, '2_no_ads': 266, '3_other_only': 30, '4_mixed': 115, '5_dead': 8, '5_not_shown': 6, 'needs_browser': 678}
2800/11728 473.9/min {'1_mostbet_only': 1693, '2_no_ads': 266, '3_other_only': 30, '4_mixed': 115, '5_dead': 8, '5_not_shown': 6, 'needs_browser': 682}
2825/11728 470.2/min {'1_mostbet_only': 1711, '2_no_ads': 266, '3_other_only': 30, '4_mixed': 115, '5_dead': 8, '5_not_shown': 6, 'needs_browser': 689}
2850/11728 468.2/min {'1_mostbet_only': 1726, '2_no_ads': 266, '3_other_only': 30, '4_mixed': 116, '5_dead': 8, '5_not_shown': 6, 'needs_browser': 698}
2875/11728 469.1/min {'1_mostbet_only': 1746, '2_no_ads': 266, '3_other_only': 30, '4_mixed': 116, '5_dead': 8, '5_not_shown': 6, 'needs_browser': 703}
2900/11728 468.3/min {'1_mostbet_only': 1765, '2_no_ads': 266, '3_other_only': 30, '4_mixed': 116, '5_dead': 8, '5_not_shown': 6, 'needs_browser': 709}
2925/11728 469.1/min {'1_mostbet_only': 1785, '2_no_ads': 266, '3_other_only': 30, '4_mixed': 116, '5_dead': 8, '5_not_shown': 6, 'needs_browser': 714}
2950/11728 469.6/min {'1_mostbet_only': 1806, '2_no_ads': 266, '3_other_only': 30, '4_mixed': 116, '5_dead': 8, '5_not_shown': 6, 'needs_browser': 718}
2975/11728 471.1/min {'1_mostbet_only': 1827, '2_no_ads': 266, '3_other_only': 30, '4_mixed': 116, '5_dead': 8, '5_not_shown': 6, 'needs_browser': 722}
3000/11728 472.0/min {'1_mostbet_only': 1847, '2_no_ads': 266, '3_other_only': 30, '4_mixed': 116, '5_dead': 8, '5_not_shown': 6, 'needs_browser': 727}
3025/11728 467.5/min {'1_mostbet_only': 1861, '2_no_ads': 266, '3_other_only': 30, '4_mixed': 116, '5_dead': 9, '5_not_shown': 6, 'needs_browser': 737}
3050/11728 466.5/min {'1_mostbet_only': 1881, '2_no_ads': 266, '3_other_only': 30, '4_mixed': 116, '5_dead': 9, '5_not_shown': 6, 'needs_browser': 742}
3075/11728 466.7/min {'1_mostbet_only': 1897, '2_no_ads': 268, '3_other_only': 30, '4_mixed': 118, '5_dead': 9, '5_not_shown': 6, 'needs_browser': 747}
3100/11728 468.2/min {'1_mostbet_only': 1912, '2_no_ads': 269, '3_other_only': 30, '4_mixed': 121, '5_dead': 9, '5_not_shown': 6, 'needs_browser': 753}
3125/11728 470.3/min {'1_mostbet_only': 1928, '2_no_ads': 269, '3_other_only': 30, '4_mixed': 121, '5_dead': 9, '5_not_shown': 6, 'needs_browser': 762}
3150/11728 471.6/min {'1_mostbet_only': 1942, '2_no_ads': 270, '3_other_only': 30, '4_mixed': 122, '5_dead': 9, '5_not_shown': 6, 'needs_browser': 771}
3175/11728 473.7/min {'1_mostbet_only': 1963, '2_no_ads': 272, '3_other_only': 30, '4_mixed': 123, '5_dead': 9, '5_not_shown': 6, 'needs_browser': 772}
3200/11728 474.7/min {'1_mostbet_only': 1985, '2_no_ads': 272, '3_other_only': 30, '4_mixed': 124, '5_dead': 9, '5_not_shown': 6, 'needs_browser': 774}
3225/11728 476.7/min {'1_mostbet_only': 2005, '2_no_ads': 272, '3_other_only': 30, '4_mixed': 124, '5_dead': 9, '5_not_shown': 6, 'needs_browser': 779}
3250/11728 478.2/min {'1_mostbet_only': 2027, '2_no_ads': 272, '3_other_only': 30, '4_mixed': 124, '5_dead': 9, '5_not_shown': 6, 'needs_browser': 782}
3275/11728 478.0/min {'1_mostbet_only': 2042, '2_no_ads': 275, '3_other_only': 30, '4_mixed': 124, '5_dead': 9, '5_not_shown': 6, 'needs_browser': 789}
3300/11728 479.2/min {'1_mostbet_only': 2065, '2_no_ads': 276, '3_other_only': 30, '4_mixed': 124, '5_dead': 9, '5_not_shown': 6, 'needs_browser': 790}
3325/11728 481.3/min {'1_mostbet_only': 2085, '2_no_ads': 279, '3_other_only': 30, '4_mixed': 124, '5_dead': 9, '5_not_shown': 6, 'needs_browser': 792}
3350/11728 483.0/min {'1_mostbet_only': 2106, '2_no_ads': 280, '3_other_only': 30, '4_mixed': 124, '5_dead': 9, '5_not_shown': 6, 'needs_browser': 795}
3375/11728 484.7/min {'1_mostbet_only': 2123, '2_no_ads': 280, '3_other_only': 30, '4_mixed': 128, '5_dead': 9, '5_not_shown': 8, 'needs_browser': 797}
3400/11728 486.7/min {'1_mostbet_only': 2138, '2_no_ads': 281, '3_other_only': 30, '4_mixed': 132, '5_dead': 9, '5_not_shown': 8, 'needs_browser': 802}
3425/11728 488.2/min {'1_mostbet_only': 2158, '2_no_ads': 281, '3_other_only': 30, '4_mixed': 132, '5_dead': 9, '5_not_shown': 8, 'needs_browser': 807}
3450/11728 489.9/min {'1_mostbet_only': 2170, '2_no_ads': 290, '3_other_only': 30, '4_mixed': 132, '5_dead': 9, '5_not_shown': 8, 'needs_browser': 811}
3475/11728 491.1/min {'1_mostbet_only': 2190, '2_no_ads': 291, '3_other_only': 30, '4_mixed': 132, '5_dead': 9, '5_not_shown': 8, 'needs_browser': 815}
3500/11728 493.4/min {'1_mostbet_only': 2208, '2_no_ads': 291, '3_other_only': 30, '4_mixed': 133, '5_dead': 9, '5_not_shown': 8, 'needs_browser': 821}
3525/11728 495.4/min {'1_mostbet_only': 2226, '2_no_ads': 294, '3_other_only': 30, '4_mixed': 134, '5_dead': 9, '5_not_shown': 8, 'needs_browser': 824}
3550/11728 497.0/min {'1_mostbet_only': 2242, '2_no_ads': 297, '3_other_only': 30, '4_mixed': 135, '5_dead': 9, '5_not_shown': 8, 'needs_browser': 829}
3575/11728 499.3/min {'1_mostbet_only': 2262, '2_no_ads': 299, '3_other_only': 30, '4_mixed': 136, '5_dead': 9, '5_not_shown': 9, 'needs_browser': 830}
3600/11728 500.7/min {'1_mostbet_only': 2279, '2_no_ads': 300, '3_other_only': 30, '4_mixed': 138, '5_dead': 9, '5_not_shown': 9, 'needs_browser': 835}
3625/11728 501.8/min {'1_mostbet_only': 2289, '2_no_ads': 302, '3_other_only': 30, '4_mixed': 138, '5_dead': 9, '5_not_shown': 9, 'needs_browser': 848}
3650/11728 503.7/min {'1_mostbet_only': 2302, '2_no_ads': 304, '3_other_only': 30, '4_mixed': 141, '5_dead': 9, '5_not_shown': 9, 'needs_browser': 855}
3675/11728 505.0/min {'1_mostbet_only': 2320, '2_no_ads': 306, '3_other_only': 30, '4_mixed': 143, '5_dead': 9, '5_not_shown': 9, 'needs_browser': 858}
3700/11728 507.3/min {'1_mostbet_only': 2331, '2_no_ads': 309, '3_other_only': 30, '4_mixed': 143, '5_dead': 9, '5_not_shown': 9, 'needs_browser': 869}
3725/11728 508.7/min {'1_mostbet_only': 2347, '2_no_ads': 311, '3_other_only': 30, '4_mixed': 143, '5_dead': 10, '5_not_shown': 9, 'needs_browser': 875}
3750/11728 510.7/min {'1_mostbet_only': 2361, '2_no_ads': 312, '3_other_only': 30, '4_mixed': 143, '5_dead': 10, '5_not_shown': 9, 'needs_browser': 885}
3775/11728 512.4/min {'1_mostbet_only': 2378, '2_no_ads': 313, '3_other_only': 30, '4_mixed': 147, '5_dead': 10, '5_not_shown': 9, 'needs_browser': 888}
3800/11728 514.4/min {'1_mostbet_only': 2393, '2_no_ads': 315, '3_other_only': 30, '4_mixed': 149, '5_dead': 10, '5_not_shown': 9, 'needs_browser': 894}
3825/11728 516.0/min {'1_mostbet_only': 2411, '2_no_ads': 319, '3_other_only': 30, '4_mixed': 150, '5_dead': 10, '5_not_shown': 9, 'needs_browser': 896}
3850/11728 517.7/min {'1_mostbet_only': 2424, '2_no_ads': 322, '3_other_only': 31, '4_mixed': 150, '5_dead': 10, '5_not_shown': 9, 'needs_browser': 904}
3875/11728 518.4/min {'1_mostbet_only': 2438, '2_no_ads': 323, '3_other_only': 31, '4_mixed': 151, '5_dead': 10, '5_not_shown': 9, 'needs_browser': 913}
3900/11728 520.2/min {'1_mostbet_only': 2452, '2_no_ads': 325, '3_other_only': 31, '4_mixed': 153, '5_dead': 10, '5_not_shown': 9, 'needs_browser': 920}
3925/11728 521.9/min {'1_mostbet_only': 2466, '2_no_ads': 325, '3_other_only': 31, '4_mixed': 154, '5_dead': 10, '5_not_shown': 9, 'needs_browser': 930}
3950/11728 523.0/min {'1_mostbet_only': 2481, '2_no_ads': 325, '3_other_only': 31, '4_mixed': 156, '5_dead': 10, '5_not_shown': 9, 'needs_browser': 938}
3975/11728 524.4/min {'1_mostbet_only': 2500, '2_no_ads': 327, '3_other_only': 31, '4_mixed': 157, '5_dead': 10, '5_not_shown': 9, 'needs_browser': 941}
4000/11728 525.7/min {'1_mostbet_only': 2517, '2_no_ads': 327, '3_other_only': 31, '4_mixed': 158, '5_dead': 10, '5_not_shown': 9, 'needs_browser': 948}
4025/11728 527.2/min {'1_mostbet_only': 2533, '2_no_ads': 328, '3_other_only': 31, '4_mixed': 159, '5_dead': 10, '5_not_shown': 9, 'needs_browser': 955}
4050/11728 528.5/min {'1_mostbet_only': 2546, '2_no_ads': 329, '3_other_only': 31, '4_mixed': 160, '5_dead': 10, '5_not_shown': 9, 'needs_browser': 965}
4075/11728 529.6/min {'1_mostbet_only': 2558, '2_no_ads': 330, '3_other_only': 31, '4_mixed': 163, '5_dead': 10, '5_not_shown': 9, 'needs_browser': 974}
4100/11728 529.6/min {'1_mostbet_only': 2572, '2_no_ads': 332, '3_other_only': 31, '4_mixed': 165, '5_dead': 10, '5_not_shown': 9, 'needs_browser': 981}
4125/11728 529.9/min {'1_mostbet_only': 2581, '2_no_ads': 332, '3_other_only': 31, '4_mixed': 166, '5_dead': 10, '5_not_shown': 9, 'needs_browser': 996}
4150/11728 530.5/min {'1_mostbet_only': 2597, '2_no_ads': 334, '3_other_only': 31, '4_mixed': 166, '5_dead': 10, '5_not_shown': 9, 'needs_browser': 1003}
4175/11728 531.0/min {'1_mostbet_only': 2609, '2_no_ads': 337, '3_other_only': 31, '4_mixed': 167, '5_dead': 10, '5_not_shown': 9, 'needs_browser': 1012}
4200/11728 531.2/min {'1_mostbet_only': 2626, '2_no_ads': 338, '3_other_only': 32, '4_mixed': 170, '5_dead': 10, '5_not_shown': 9, 'needs_browser': 1015}
4225/11728 532.1/min {'1_mostbet_only': 2643, '2_no_ads': 338, '3_other_only': 32, '4_mixed': 173, '5_dead': 10, '5_not_shown': 9, 'needs_browser': 1020}
4250/11728 534.0/min {'1_mostbet_only': 2650, '2_no_ads': 348, '3_other_only': 33, '4_mixed': 173, '5_dead': 11, '5_not_shown': 9, 'needs_browser': 1026}
4275/11728 534.3/min {'1_mostbet_only': 2655, '2_no_ads': 359, '3_other_only': 35, '4_mixed': 173, '5_dead': 11, '5_not_shown': 9, 'needs_browser': 1033}
4300/11728 535.7/min {'1_mostbet_only': 2655, '2_no_ads': 370, '3_other_only': 35, '4_mixed': 173, '5_dead': 12, '5_not_shown': 9, 'needs_browser': 1046}
4325/11728 535.6/min {'1_mostbet_only': 2655, '2_no_ads': 386, '3_other_only': 36, '4_mixed': 176, '5_dead': 12, '5_not_shown': 9, 'needs_browser': 1051}
4350/11728 535.3/min {'1_mostbet_only': 2655, '2_no_ads': 395, '3_other_only': 40, '4_mixed': 177, '5_dead': 17, '5_not_shown': 9, 'needs_browser': 1057}
4375/11728 533.2/min {'1_mostbet_only': 2655, '2_no_ads': 406, '3_other_only': 45, '4_mixed': 177, '5_dead': 18, '5_not_shown': 9, 'needs_browser': 1065}
4400/11728 532.4/min {'1_mostbet_only': 2655, '2_no_ads': 423, '3_other_only': 49, '4_mixed': 177, '5_dead': 18, '5_not_shown': 9, 'needs_browser': 1069}
4425/11728 532.2/min {'1_mostbet_only': 2655, '2_no_ads': 433, '3_other_only': 49, '4_mixed': 178, '5_dead': 21, '5_not_shown': 9, 'needs_browser': 1080}
4450/11728 533.2/min {'1_mostbet_only': 2655, '2_no_ads': 438, '3_other_only': 53, '4_mixed': 178, '5_dead': 22, '5_not_shown': 9, 'needs_browser': 1095}
4475/11728 535.3/min {'1_mostbet_only': 2656, '2_no_ads': 442, '3_other_only': 65, '4_mixed': 178, '5_dead': 22, '5_not_shown': 9, 'needs_browser': 1103}
4500/11728 537.0/min {'1_mostbet_only': 2657, '2_no_ads': 451, '3_other_only': 71, '4_mixed': 178, '5_dead': 27, '5_not_shown': 9, 'needs_browser': 1107}
4525/11728 538.1/min {'1_mostbet_only': 2657, '2_no_ads': 466, '3_other_only': 76, '4_mixed': 178, '5_dead': 27, '5_not_shown': 9, 'needs_browser': 1112}
4550/11728 539.5/min {'1_mostbet_only': 2657, '2_no_ads': 473, '3_other_only': 92, '4_mixed': 178, '5_dead': 27, '5_not_shown': 9, 'needs_browser': 1114}
4575/11728 541.2/min {'1_mostbet_only': 2657, '2_no_ads': 489, '3_other_only': 98, '4_mixed': 178, '5_dead': 27, '5_not_shown': 9, 'needs_browser': 1117}
4600/11728 542.7/min {'1_mostbet_only': 2657, '2_no_ads': 502, '3_other_only': 103, '4_mixed': 178, '5_dead': 28, '5_not_shown': 9, 'needs_browser': 1123}
4625/11728 543.6/min {'1_mostbet_only': 2657, '2_no_ads': 518, '3_other_only': 106, '4_mixed': 178, '5_dead': 28, '5_not_shown': 9, 'needs_browser': 1129}
4650/11728 543.5/min {'1_mostbet_only': 2658, '2_no_ads': 529, '3_other_only': 111, '4_mixed': 178, '5_dead': 28, '5_not_shown': 9, 'needs_browser': 1137}
4675/11728 544.1/min {'1_mostbet_only': 2658, '2_no_ads': 544, '3_other_only': 115, '4_mixed': 178, '5_dead': 30, '5_not_shown': 9, 'needs_browser': 1141}
4700/11728 543.9/min {'1_mostbet_only': 2658, '2_no_ads': 553, '3_other_only': 122, '4_mixed': 178, '5_dead': 32, '5_not_shown': 9, 'needs_browser': 1148}
4725/11728 544.0/min {'1_mostbet_only': 2658, '2_no_ads': 572, '3_other_only': 122, '4_mixed': 178, '5_dead': 34, '5_not_shown': 10, 'needs_browser': 1151}
4750/11728 543.4/min {'1_mostbet_only': 2658, '2_no_ads': 585, '3_other_only': 128, '4_mixed': 178, '5_dead': 36, '5_not_shown': 10, 'needs_browser': 1155}
4775/11728 544.3/min {'1_mostbet_only': 2659, '2_no_ads': 597, '3_other_only': 129, '4_mixed': 178, '5_dead': 36, '5_not_shown': 10, 'needs_browser': 1166}
4800/11728 545.6/min {'1_mostbet_only': 2659, '2_no_ads': 614, '3_other_only': 130, '4_mixed': 178, '5_dead': 38, '5_not_shown': 12, 'needs_browser': 1169}
4825/11728 546.1/min {'1_mostbet_only': 2659, '2_no_ads': 631, '3_other_only': 132, '4_mixed': 178, '5_dead': 39, '5_not_shown': 12, 'needs_browser': 1174}
4850/11728 547.0/min {'1_mostbet_only': 2659, '2_no_ads': 638, '3_other_only': 138, '4_mixed': 178, '5_dead': 44, '5_not_shown': 13, 'needs_browser': 1180}
4875/11728 547.5/min {'1_mostbet_only': 2659, '2_no_ads': 652, '3_other_only': 142, '4_mixed': 178, '5_dead': 47, '5_not_shown': 13, 'needs_browser': 1184}
4900/11728 548.4/min {'1_mostbet_only': 2660, '2_no_ads': 665, '3_other_only': 144, '4_mixed': 178, '5_dead': 47, '5_not_shown': 13, 'needs_browser': 1193}
4925/11728 548.8/min {'1_mostbet_only': 2666, '2_no_ads': 677, '3_other_only': 147, '4_mixed': 178, '5_dead': 49, '5_not_shown': 13, 'needs_browser': 1195}
4950/11728 549.7/min {'1_mostbet_only': 2666, '2_no_ads': 690, '3_other_only': 153, '4_mixed': 178, '5_dead': 50, '5_not_shown': 13, 'needs_browser': 1200}
4975/11728 550.8/min {'1_mostbet_only': 2667, '2_no_ads': 706, '3_other_only': 158, '4_mixed': 178, '5_dead': 50, '5_not_shown': 13, 'needs_browser': 1203}
5000/11728 551.1/min {'1_mostbet_only': 2667, '2_no_ads': 718, '3_other_only': 162, '4_mixed': 178, '5_dead': 51, '5_not_shown': 13, 'needs_browser': 1211}
5025/11728 552.3/min {'1_mostbet_only': 2667, '2_no_ads': 732, '3_other_only': 167, '4_mixed': 178, '5_dead': 52, '5_not_shown': 13, 'needs_browser': 1216}
5050/11728 553.6/min {'1_mostbet_only': 2667, '2_no_ads': 744, '3_other_only': 171, '4_mixed': 178, '5_dead': 52, '5_not_shown': 14, 'needs_browser': 1224}
5075/11728 554.3/min {'1_mostbet_only': 2667, '2_no_ads': 758, '3_other_only': 174, '4_mixed': 178, '5_dead': 57, '5_not_shown': 14, 'needs_browser': 1227}
5100/11728 555.4/min {'1_mostbet_only': 2668, '2_no_ads': 773, '3_other_only': 177, '4_mixed': 178, '5_dead': 57, '5_not_shown': 14, 'needs_browser': 1233}
5125/11728 556.4/min {'1_mostbet_only': 2668, '2_no_ads': 789, '3_other_only': 178, '4_mixed': 179, '5_dead': 58, '5_not_shown': 14, 'needs_browser': 1239}
5150/11728 557.5/min {'1_mostbet_only': 2668, '2_no_ads': 803, '3_other_only': 184, '4_mixed': 179, '5_dead': 58, '5_not_shown': 14, 'needs_browser': 1244}
5175/11728 558.7/min {'1_mostbet_only': 2668, '2_no_ads': 817, '3_other_only': 187, '4_mixed': 179, '5_dead': 59, '5_not_shown': 14, 'needs_browser': 1251}
5200/11728 560.1/min {'1_mostbet_only': 2668, '2_no_ads': 826, '3_other_only': 203, '4_mixed': 179, '5_dead': 59, '5_not_shown': 14, 'needs_browser': 1251}
5225/11728 561.2/min {'1_mostbet_only': 2669, '2_no_ads': 835, '3_other_only': 214, '4_mixed': 179, '5_dead': 61, '5_not_shown': 14, 'needs_browser': 1253}
5250/11728 562.4/min {'1_mostbet_only': 2669, '2_no_ads': 847, '3_other_only': 218, '4_mixed': 179, '5_dead': 63, '5_not_shown': 14, 'needs_browser': 1260}
5275/11728 562.9/min {'1_mostbet_only': 2669, '2_no_ads': 864, '3_other_only': 221, '4_mixed': 179, '5_dead': 64, '5_not_shown': 14, 'needs_browser': 1264}
5300/11728 563.8/min {'1_mostbet_only': 2670, '2_no_ads': 879, '3_other_only': 223, '4_mixed': 179, '5_dead': 64, '5_not_shown': 14, 'needs_browser': 1271}
5325/11728 564.1/min {'1_mostbet_only': 2671, '2_no_ads': 887, '3_other_only': 235, '4_mixed': 179, '5_dead': 64, '5_not_shown': 14, 'needs_browser': 1275}
5350/11728 565.4/min {'1_mostbet_only': 2671, '2_no_ads': 895, '3_other_only': 248, '4_mixed': 179, '5_dead': 65, '5_not_shown': 14, 'needs_browser': 1278}
5375/11728 566.2/min {'1_mostbet_only': 2671, '2_no_ads': 908, '3_other_only': 255, '4_mixed': 179, '5_dead': 66, '5_not_shown': 14, 'needs_browser': 1282}
5400/11728 566.9/min {'1_mostbet_only': 2671, '2_no_ads': 923, '3_other_only': 261, '4_mixed': 179, '5_dead': 68, '5_not_shown': 14, 'needs_browser': 1284}
5425/11728 568.1/min {'1_mostbet_only': 2671, '2_no_ads': 935, '3_other_only': 267, '4_mixed': 179, '5_dead': 70, '5_not_shown': 14, 'needs_browser': 1289}
5450/11728 567.6/min {'1_mostbet_only': 2671, '2_no_ads': 952, '3_other_only': 270, '4_mixed': 179, '5_dead': 71, '5_not_shown': 14, 'needs_browser': 1293}
5475/11728 568.1/min {'1_mostbet_only': 2672, '2_no_ads': 961, '3_other_only': 282, '4_mixed': 179, '5_dead': 71, '5_not_shown': 14, 'needs_browser': 1296}
5500/11728 568.2/min {'1_mostbet_only': 2672, '2_no_ads': 975, '3_other_only': 284, '4_mixed': 179, '5_dead': 73, '5_not_shown': 14, 'needs_browser': 1303}
5525/11728 568.3/min {'1_mostbet_only': 2672, '2_no_ads': 990, '3_other_only': 289, '4_mixed': 179, '5_dead': 74, '5_not_shown': 14, 'needs_browser': 1307}
5550/11728 569.3/min {'1_mostbet_only': 2673, '2_no_ads': 1001, '3_other_only': 292, '4_mixed': 179, '5_dead': 76, '5_not_shown': 14, 'needs_browser': 1315}
5575/11728 570.3/min {'1_mostbet_only': 2673, '2_no_ads': 1011, '3_other_only': 294, '4_mixed': 179, '5_dead': 78, '5_not_shown': 14, 'needs_browser': 1326}
5600/11728 571.5/min {'1_mostbet_only': 2673, '2_no_ads': 1026, '3_other_only': 296, '4_mixed': 179, '5_dead': 78, '5_not_shown': 15, 'needs_browser': 1333}
5625/11728 572.2/min {'1_mostbet_only': 2673, '2_no_ads': 1044, '3_other_only': 300, '4_mixed': 179, '5_dead': 81, '5_not_shown': 15, 'needs_browser': 1333}
5650/11728 572.2/min {'1_mostbet_only': 2674, '2_no_ads': 1055, '3_other_only': 306, '4_mixed': 179, '5_dead': 82, '5_not_shown': 15, 'needs_browser': 1339}
5675/11728 572.2/min {'1_mostbet_only': 2674, '2_no_ads': 1068, '3_other_only': 312, '4_mixed': 179, '5_dead': 83, '5_not_shown': 15, 'needs_browser': 1344}
5700/11728 572.0/min {'1_mostbet_only': 2674, '2_no_ads': 1076, '3_other_only': 326, '4_mixed': 179, '5_dead': 83, '5_not_shown': 15, 'needs_browser': 1347}
5725/11728 573.2/min {'1_mostbet_only': 2674, '2_no_ads': 1086, '3_other_only': 334, '4_mixed': 179, '5_dead': 83, '5_not_shown': 15, 'needs_browser': 1354}
5750/11728 573.5/min {'1_mostbet_only': 2674, '2_no_ads': 1100, '3_other_only': 339, '4_mixed': 179, '5_dead': 83, '5_not_shown': 15, 'needs_browser': 1360}
5775/11728 573.9/min {'1_mostbet_only': 2674, '2_no_ads': 1117, '3_other_only': 345, '4_mixed': 179, '5_dead': 84, '5_not_shown': 15, 'needs_browser': 1361}
5800/11728 574.7/min {'1_mostbet_only': 2674, '2_no_ads': 1133, '3_other_only': 350, '4_mixed': 179, '5_dead': 84, '5_not_shown': 15, 'needs_browser': 1365}
5825/11728 575.4/min {'1_mostbet_only': 2674, '2_no_ads': 1146, '3_other_only': 354, '4_mixed': 179, '5_dead': 86, '5_not_shown': 16, 'needs_browser': 1370}
5850/11728 575.0/min {'1_mostbet_only': 2674, '2_no_ads': 1157, '3_other_only': 360, '4_mixed': 179, '5_dead': 86, '5_not_shown': 17, 'needs_browser': 1377}
5875/11728 575.5/min {'1_mostbet_only': 2674, '2_no_ads': 1172, '3_other_only': 363, '4_mixed': 179, '5_dead': 87, '5_not_shown': 17, 'needs_browser': 1383}
5900/11728 575.5/min {'1_mostbet_only': 2674, '2_no_ads': 1192, '3_other_only': 363, '4_mixed': 179, '5_dead': 87, '5_not_shown': 17, 'needs_browser': 1388}
5925/11728 576.1/min {'1_mostbet_only': 2674, '2_no_ads': 1205, '3_other_only': 372, '4_mixed': 179, '5_dead': 89, '5_not_shown': 17, 'needs_browser': 1389}
5950/11728 577.0/min {'1_mostbet_only': 2674, '2_no_ads': 1221, '3_other_only': 376, '4_mixed': 179, '5_dead': 89, '5_not_shown': 17, 'needs_browser': 1394}
5975/11728 577.6/min {'1_mostbet_only': 2674, '2_no_ads': 1236, '3_other_only': 380, '4_mixed': 179, '5_dead': 89, '5_not_shown': 17, 'needs_browser': 1400}
6000/11728 577.5/min {'1_mostbet_only': 2674, '2_no_ads': 1251, '3_other_only': 386, '4_mixed': 179, '5_dead': 89, '5_not_shown': 17, 'needs_browser': 1404}
6025/11728 578.3/min {'1_mostbet_only': 2674, '2_no_ads': 1267, '3_other_only': 389, '4_mixed': 179, '5_dead': 90, '5_not_shown': 17, 'needs_browser': 1409}
6050/11728 578.6/min {'1_mostbet_only': 2675, '2_no_ads': 1279, '3_other_only': 396, '4_mixed': 179, '5_dead': 90, '5_not_shown': 17, 'needs_browser': 1414}
6075/11728 579.5/min {'1_mostbet_only': 2675, '2_no_ads': 1295, '3_other_only': 400, '4_mixed': 179, '5_dead': 91, '5_not_shown': 17, 'needs_browser': 1418}
6100/11728 580.0/min {'1_mostbet_only': 2675, '2_no_ads': 1307, '3_other_only': 402, '4_mixed': 179, '5_dead': 94, '5_not_shown': 18, 'needs_browser': 1425}
6125/11728 580.7/min {'1_mostbet_only': 2676, '2_no_ads': 1319, '3_other_only': 408, '4_mixed': 179, '5_dead': 94, '5_not_shown': 18, 'needs_browser': 1431}
6150/11728 581.1/min {'1_mostbet_only': 2676, '2_no_ads': 1334, '3_other_only': 412, '4_mixed': 179, '5_dead': 95, '5_not_shown': 18, 'needs_browser': 1436}
6175/11728 581.5/min {'1_mostbet_only': 2676, '2_no_ads': 1352, '3_other_only': 413, '4_mixed': 179, '5_dead': 96, '5_not_shown': 18, 'needs_browser': 1441}
6200/11728 582.7/min {'1_mostbet_only': 2676, '2_no_ads': 1361, '3_other_only': 417, '4_mixed': 179, '5_dead': 98, '5_not_shown': 18, 'needs_browser': 1451}
6225/11728 582.9/min {'1_mostbet_only': 2676, '2_no_ads': 1381, '3_other_only': 418, '4_mixed': 179, '5_dead': 98, '5_not_shown': 18, 'needs_browser': 1455}
6250/11728 583.7/min {'1_mostbet_only': 2676, '2_no_ads': 1394, '3_other_only': 421, '4_mixed': 179, '5_dead': 99, '5_not_shown': 18, 'needs_browser': 1463}
6275/11728 584.9/min {'1_mostbet_only': 2676, '2_no_ads': 1413, '3_other_only': 423, '4_mixed': 179, '5_dead': 100, '5_not_shown': 18, 'needs_browser': 1466}
6300/11728 585.5/min {'1_mostbet_only': 2678, '2_no_ads': 1429, '3_other_only': 425, '4_mixed': 179, '5_dead': 100, '5_not_shown': 18, 'needs_browser': 1471}
6325/11728 586.4/min {'1_mostbet_only': 2678, '2_no_ads': 1448, '3_other_only': 428, '4_mixed': 179, '5_dead': 100, '5_not_shown': 18, 'needs_browser': 1474}
6350/11728 587.7/min {'1_mostbet_only': 2678, '2_no_ads': 1471, '3_other_only': 428, '4_mixed': 179, '5_dead': 100, '5_not_shown': 18, 'needs_browser': 1476}
6375/11728 588.7/min {'1_mostbet_only': 2678, '2_no_ads': 1490, '3_other_only': 429, '4_mixed': 179, '5_dead': 101, '5_not_shown': 18, 'needs_browser': 1480}
6400/11728 588.7/min {'1_mostbet_only': 2679, '2_no_ads': 1505, '3_other_only': 430, '4_mixed': 179, '5_dead': 106, '5_not_shown': 18, 'needs_browser': 1483}
6425/11728 586.0/min {'1_mostbet_only': 2679, '2_no_ads': 1522, '3_other_only': 433, '4_mixed': 179, '5_dead': 111, '5_not_shown': 18, 'needs_browser': 1483}
6450/11728 580.2/min {'1_mostbet_only': 2679, '2_no_ads': 1529, '3_other_only': 441, '4_mixed': 179, '5_dead': 119, '5_not_shown': 19, 'needs_browser': 1484}
6475/11728 579.1/min {'1_mostbet_only': 2679, '2_no_ads': 1534, '3_other_only': 450, '4_mixed': 179, '5_dead': 126, '5_not_shown': 19, 'needs_browser': 1488}
6500/11728 579.6/min {'1_mostbet_only': 2679, '2_no_ads': 1547, '3_other_only': 454, '4_mixed': 179, '5_dead': 134, '5_not_shown': 19, 'needs_browser': 1488}
6525/11728 578.4/min {'1_mostbet_only': 2679, '2_no_ads': 1556, '3_other_only': 460, '4_mixed': 179, '5_dead': 139, '5_not_shown': 19, 'needs_browser': 1493}
6550/11728 576.7/min {'1_mostbet_only': 2679, '2_no_ads': 1567, '3_other_only': 464, '4_mixed': 179, '5_dead': 143, '5_not_shown': 19, 'needs_browser': 1499}
6575/11728 574.1/min {'1_mostbet_only': 2679, '2_no_ads': 1579, '3_other_only': 468, '4_mixed': 179, '5_dead': 150, '5_not_shown': 19, 'needs_browser': 1501}
6600/11728 574.3/min {'1_mostbet_only': 2679, '2_no_ads': 1596, '3_other_only': 474, '4_mixed': 179, '5_dead': 152, '5_not_shown': 19, 'needs_browser': 1501}
6625/11728 573.7/min {'1_mostbet_only': 2679, '2_no_ads': 1605, '3_other_only': 485, '4_mixed': 179, '5_dead': 155, '5_not_shown': 19, 'needs_browser': 1503}
6650/11728 570.1/min {'1_mostbet_only': 2679, '2_no_ads': 1609, '3_other_only': 491, '4_mixed': 179, '5_dead': 165, '5_not_shown': 19, 'needs_browser': 1508}
6675/11728 564.9/min {'1_mostbet_only': 2679, '2_no_ads': 1616, '3_other_only': 494, '4_mixed': 179, '5_dead': 171, '5_not_shown': 19, 'needs_browser': 1517}
6700/11728 561.0/min {'1_mostbet_only': 2679, '2_no_ads': 1627, '3_other_only': 494, '4_mixed': 179, '5_dead': 173, '5_not_shown': 19, 'needs_browser': 1529}
6725/11728 561.4/min {'1_mostbet_only': 2679, '2_no_ads': 1637, '3_other_only': 495, '4_mixed': 179, '5_dead': 180, '5_not_shown': 19, 'needs_browser': 1536}
6750/11728 561.9/min {'1_mostbet_only': 2679, '2_no_ads': 1646, '3_other_only': 498, '4_mixed': 179, '5_dead': 186, '5_not_shown': 19, 'needs_browser': 1543}
6775/11728 562.9/min {'1_mostbet_only': 2679, '2_no_ads': 1653, '3_other_only': 500, '4_mixed': 179, '5_dead': 190, '5_not_shown': 19, 'needs_browser': 1555}
6800/11728 563.6/min {'1_mostbet_only': 2679, '2_no_ads': 1666, '3_other_only': 501, '4_mixed': 179, '5_dead': 195, '5_not_shown': 19, 'needs_browser': 1561}
6825/11728 563.4/min {'1_mostbet_only': 2679, '2_no_ads': 1680, '3_other_only': 503, '4_mixed': 179, '5_dead': 195, '5_not_shown': 19, 'needs_browser': 1570}
6850/11728 562.1/min {'1_mostbet_only': 2679, '2_no_ads': 1691, '3_other_only': 509, '4_mixed': 179, '5_dead': 202, '5_not_shown': 19, 'needs_browser': 1571}
6875/11728 563.1/min {'1_mostbet_only': 2679, '2_no_ads': 1703, '3_other_only': 512, '4_mixed': 179, '5_dead': 209, '5_not_shown': 19, 'needs_browser': 1574}
6900/11728 563.1/min {'1_mostbet_only': 2679, '2_no_ads': 1717, '3_other_only': 513, '4_mixed': 179, '5_dead': 214, '5_not_shown': 19, 'needs_browser': 1579}
6925/11728 562.7/min {'1_mostbet_only': 2679, '2_no_ads': 1732, '3_other_only': 519, '4_mixed': 179, '5_dead': 217, '5_not_shown': 19, 'needs_browser': 1580}
6950/11728 563.6/min {'1_mostbet_only': 2679, '2_no_ads': 1745, '3_other_only': 521, '4_mixed': 179, '5_dead': 222, '5_not_shown': 19, 'needs_browser': 1585}
6975/11728 562.9/min {'1_mostbet_only': 2679, '2_no_ads': 1756, '3_other_only': 526, '4_mixed': 179, '5_dead': 227, '5_not_shown': 19, 'needs_browser': 1589}
7000/11728 560.6/min {'1_mostbet_only': 2679, '2_no_ads': 1763, '3_other_only': 527, '4_mixed': 179, '5_dead': 239, '5_not_shown': 19, 'needs_browser': 1594}
7025/11728 560.9/min {'1_mostbet_only': 2679, '2_no_ads': 1778, '3_other_only': 530, '4_mixed': 179, '5_dead': 243, '5_not_shown': 19, 'needs_browser': 1597}
7050/11728 560.5/min {'1_mostbet_only': 2679, '2_no_ads': 1792, '3_other_only': 532, '4_mixed': 179, '5_dead': 248, '5_not_shown': 19, 'needs_browser': 1601}
7075/11728 560.4/min {'1_mostbet_only': 2681, '2_no_ads': 1804, '3_other_only': 534, '4_mixed': 179, '5_dead': 252, '5_not_shown': 19, 'needs_browser': 1606}
7100/11728 560.9/min {'1_mostbet_only': 2681, '2_no_ads': 1820, '3_other_only': 537, '4_mixed': 179, '5_dead': 256, '5_not_shown': 19, 'needs_browser': 1608}
7125/11728 557.7/min {'1_mostbet_only': 2681, '2_no_ads': 1831, '3_other_only': 539, '4_mixed': 179, '5_dead': 263, '5_not_shown': 19, 'needs_browser': 1613}
7150/11728 557.7/min {'1_mostbet_only': 2681, '2_no_ads': 1844, '3_other_only': 541, '4_mixed': 179, '5_dead': 265, '5_not_shown': 19, 'needs_browser': 1621}
7175/11728 556.8/min {'1_mostbet_only': 2681, '2_no_ads': 1853, '3_other_only': 543, '4_mixed': 179, '5_dead': 273, '5_not_shown': 19, 'needs_browser': 1627}
7200/11728 557.0/min {'1_mostbet_only': 2681, '2_no_ads': 1863, '3_other_only': 549, '4_mixed': 179, '5_dead': 277, '5_not_shown': 19, 'needs_browser': 1632}
7225/11728 557.9/min {'1_mostbet_only': 2681, '2_no_ads': 1887, '3_other_only': 549, '4_mixed': 179, '5_dead': 278, '5_not_shown': 19, 'needs_browser': 1632}
7250/11728 559.0/min {'1_mostbet_only': 2682, '2_no_ads': 1910, '3_other_only': 549, '4_mixed': 179, '5_dead': 279, '5_not_shown': 19, 'needs_browser': 1632}
7275/11728 560.2/min {'1_mostbet_only': 2682, '2_no_ads': 1933, '3_other_only': 549, '4_mixed': 179, '5_dead': 281, '5_not_shown': 19, 'needs_browser': 1632}
7300/11728 561.7/min {'1_mostbet_only': 2682, '2_no_ads': 1957, '3_other_only': 550, '4_mixed': 179, '5_dead': 281, '5_not_shown': 19, 'needs_browser': 1632}
7325/11728 563.2/min {'1_mostbet_only': 2682, '2_no_ads': 1980, '3_other_only': 551, '4_mixed': 179, '5_dead': 282, '5_not_shown': 19, 'needs_browser': 1632}
7350/11728 564.7/min {'1_mostbet_only': 2682, '2_no_ads': 2004, '3_other_only': 551, '4_mixed': 179, '5_dead': 283, '5_not_shown': 19, 'needs_browser': 1632}
7375/11728 566.3/min {'1_mostbet_only': 2682, '2_no_ads': 2028, '3_other_only': 552, '4_mixed': 179, '5_dead': 283, '5_not_shown': 19, 'needs_browser': 1632}
7400/11728 567.9/min {'1_mostbet_only': 2682, '2_no_ads': 2052, '3_other_only': 552, '4_mixed': 179, '5_dead': 284, '5_not_shown': 19, 'needs_browser': 1632}
7425/11728 569.6/min {'1_mostbet_only': 2682, '2_no_ads': 2074, '3_other_only': 552, '4_mixed': 179, '5_dead': 286, '5_not_shown': 19, 'needs_browser': 1633}
7450/11728 571.3/min {'1_mostbet_only': 2682, '2_no_ads': 2098, '3_other_only': 552, '4_mixed': 179, '5_dead': 286, '5_not_shown': 19, 'needs_browser': 1634}
7475/11728 572.9/min {'1_mostbet_only': 2682, '2_no_ads': 2122, '3_other_only': 552, '4_mixed': 179, '5_dead': 287, '5_not_shown': 19, 'needs_browser': 1634}
7500/11728 574.6/min {'1_mostbet_only': 2682, '2_no_ads': 2145, '3_other_only': 552, '4_mixed': 179, '5_dead': 287, '5_not_shown': 19, 'needs_browser': 1636}
7525/11728 576.3/min {'1_mostbet_only': 2682, '2_no_ads': 2168, '3_other_only': 552, '4_mixed': 179, '5_dead': 287, '5_not_shown': 19, 'needs_browser': 1638}
7550/11728 578.1/min {'1_mostbet_only': 2682, '2_no_ads': 2190, '3_other_only': 552, '4_mixed': 179, '5_dead': 290, '5_not_shown': 19, 'needs_browser': 1638}
7575/11728 579.8/min {'1_mostbet_only': 2682, '2_no_ads': 2214, '3_other_only': 552, '4_mixed': 179, '5_dead': 291, '5_not_shown': 19, 'needs_browser': 1638}
7600/11728 581.5/min {'1_mostbet_only': 2682, '2_no_ads': 2239, '3_other_only': 552, '4_mixed': 179, '5_dead': 291, '5_not_shown': 19, 'needs_browser': 1638}
7625/11728 583.3/min {'1_mostbet_only': 2682, '2_no_ads': 2263, '3_other_only': 552, '4_mixed': 179, '5_dead': 292, '5_not_shown': 19, 'needs_browser': 1638}
7650/11728 585.0/min {'1_mostbet_only': 2682, '2_no_ads': 2287, '3_other_only': 552, '4_mixed': 179, '5_dead': 293, '5_not_shown': 19, 'needs_browser': 1638}
7675/11728 586.7/min {'1_mostbet_only': 2682, '2_no_ads': 2309, '3_other_only': 552, '4_mixed': 179, '5_dead': 296, '5_not_shown': 19, 'needs_browser': 1638}
7700/11728 588.5/min {'1_mostbet_only': 2682, '2_no_ads': 2333, '3_other_only': 552, '4_mixed': 179, '5_dead': 297, '5_not_shown': 19, 'needs_browser': 1638}
7725/11728 590.3/min {'1_mostbet_only': 2683, '2_no_ads': 2356, '3_other_only': 552, '4_mixed': 179, '5_dead': 298, '5_not_shown': 19, 'needs_browser': 1638}
7750/11728 592.0/min {'1_mostbet_only': 2683, '2_no_ads': 2378, '3_other_only': 552, '4_mixed': 179, '5_dead': 301, '5_not_shown': 19, 'needs_browser': 1638}
7775/11728 593.8/min {'1_mostbet_only': 2683, '2_no_ads': 2402, '3_other_only': 552, '4_mixed': 179, '5_dead': 302, '5_not_shown': 19, 'needs_browser': 1638}
7800/11728 595.5/min {'1_mostbet_only': 2683, '2_no_ads': 2426, '3_other_only': 552, '4_mixed': 179, '5_dead': 303, '5_not_shown': 19, 'needs_browser': 1638}
7825/11728 597.3/min {'1_mostbet_only': 2683, '2_no_ads': 2449, '3_other_only': 552, '4_mixed': 179, '5_dead': 305, '5_not_shown': 19, 'needs_browser': 1638}
7850/11728 599.1/min {'1_mostbet_only': 2683, '2_no_ads': 2474, '3_other_only': 552, '4_mixed': 179, '5_dead': 305, '5_not_shown': 19, 'needs_browser': 1638}
7875/11728 600.8/min {'1_mostbet_only': 2683, '2_no_ads': 2498, '3_other_only': 552, '4_mixed': 179, '5_dead': 306, '5_not_shown': 19, 'needs_browser': 1638}
7900/11728 602.6/min {'1_mostbet_only': 2683, '2_no_ads': 2519, '3_other_only': 552, '4_mixed': 179, '5_dead': 310, '5_not_shown': 19, 'needs_browser': 1638}
7925/11728 604.4/min {'1_mostbet_only': 2683, '2_no_ads': 2544, '3_other_only': 552, '4_mixed': 179, '5_dead': 310, '5_not_shown': 19, 'needs_browser': 1638}
7950/11728 606.1/min {'1_mostbet_only': 2683, '2_no_ads': 2567, '3_other_only': 552, '4_mixed': 179, '5_dead': 312, '5_not_shown': 19, 'needs_browser': 1638}
7975/11728 607.9/min {'1_mostbet_only': 2683, '2_no_ads': 2591, '3_other_only': 552, '4_mixed': 179, '5_dead': 313, '5_not_shown': 19, 'needs_browser': 1638}
8000/11728 609.6/min {'1_mostbet_only': 2683, '2_no_ads': 2614, '3_other_only': 552, '4_mixed': 179, '5_dead': 315, '5_not_shown': 19, 'needs_browser': 1638}
8025/11728 611.4/min {'1_mostbet_only': 2683, '2_no_ads': 2638, '3_other_only': 552, '4_mixed': 179, '5_dead': 316, '5_not_shown': 19, 'needs_browser': 1638}
8050/11728 613.2/min {'1_mostbet_only': 2683, '2_no_ads': 2662, '3_other_only': 552, '4_mixed': 179, '5_dead': 317, '5_not_shown': 19, 'needs_browser': 1638}
8075/11728 615.0/min {'1_mostbet_only': 2683, '2_no_ads': 2687, '3_other_only': 552, '4_mixed': 179, '5_dead': 317, '5_not_shown': 19, 'needs_browser': 1638}
8100/11728 616.7/min {'1_mostbet_only': 2683, '2_no_ads': 2710, '3_other_only': 552, '4_mixed': 179, '5_dead': 317, '5_not_shown': 19, 'needs_browser': 1640}
8125/11728 618.4/min {'1_mostbet_only': 2683, '2_no_ads': 2734, '3_other_only': 552, '4_mixed': 179, '5_dead': 318, '5_not_shown': 19, 'needs_browser': 1640}
8150/11728 620.2/min {'1_mostbet_only': 2683, '2_no_ads': 2759, '3_other_only': 552, '4_mixed': 179, '5_dead': 318, '5_not_shown': 19, 'needs_browser': 1640}
8175/11728 621.9/min {'1_mostbet_only': 2683, '2_no_ads': 2783, '3_other_only': 553, '4_mixed': 179, '5_dead': 318, '5_not_shown': 19, 'needs_browser': 1640}
8200/11728 623.7/min {'1_mostbet_only': 2683, '2_no_ads': 2807, '3_other_only': 553, '4_mixed': 179, '5_dead': 319, '5_not_shown': 19, 'needs_browser': 1640}
8225/11728 625.4/min {'1_mostbet_only': 2683, '2_no_ads': 2831, '3_other_only': 553, '4_mixed': 179, '5_dead': 320, '5_not_shown': 19, 'needs_browser': 1640}
8250/11728 627.2/min {'1_mostbet_only': 2683, '2_no_ads': 2856, '3_other_only': 553, '4_mixed': 179, '5_dead': 320, '5_not_shown': 19, 'needs_browser': 1640}
8275/11728 628.9/min {'1_mostbet_only': 2683, '2_no_ads': 2880, '3_other_only': 553, '4_mixed': 179, '5_dead': 321, '5_not_shown': 19, 'needs_browser': 1640}
8300/11728 630.6/min {'1_mostbet_only': 2683, '2_no_ads': 2905, '3_other_only': 553, '4_mixed': 179, '5_dead': 321, '5_not_shown': 19, 'needs_browser': 1640}
8325/11728 632.4/min {'1_mostbet_only': 2683, '2_no_ads': 2929, '3_other_only': 553, '4_mixed': 179, '5_dead': 322, '5_not_shown': 19, 'needs_browser': 1640}
8350/11728 634.1/min {'1_mostbet_only': 2683, '2_no_ads': 2953, '3_other_only': 553, '4_mixed': 179, '5_dead': 323, '5_not_shown': 19, 'needs_browser': 1640}
8375/11728 635.9/min {'1_mostbet_only': 2683, '2_no_ads': 2977, '3_other_only': 553, '4_mixed': 179, '5_dead': 324, '5_not_shown': 19, 'needs_browser': 1640}
8400/11728 637.6/min {'1_mostbet_only': 2683, '2_no_ads': 3001, '3_other_only': 553, '4_mixed': 179, '5_dead': 325, '5_not_shown': 19, 'needs_browser': 1640}
8425/11728 639.3/min {'1_mostbet_only': 2683, '2_no_ads': 3025, '3_other_only': 553, '4_mixed': 179, '5_dead': 326, '5_not_shown': 19, 'needs_browser': 1640}
8450/11728 641.1/min {'1_mostbet_only': 2683, '2_no_ads': 3049, '3_other_only': 553, '4_mixed': 179, '5_dead': 327, '5_not_shown': 19, 'needs_browser': 1640}
8475/11728 642.8/min {'1_mostbet_only': 2683, '2_no_ads': 3069, '3_other_only': 553, '4_mixed': 179, '5_dead': 332, '5_not_shown': 19, 'needs_browser': 1640}
8500/11728 644.6/min {'1_mostbet_only': 2683, '2_no_ads': 3093, '3_other_only': 553, '4_mixed': 179, '5_dead': 333, '5_not_shown': 19, 'needs_browser': 1640}
8525/11728 646.3/min {'1_mostbet_only': 2683, '2_no_ads': 3116, '3_other_only': 553, '4_mixed': 179, '5_dead': 334, '5_not_shown': 19, 'needs_browser': 1641}
8550/11728 648.0/min {'1_mostbet_only': 2683, '2_no_ads': 3138, '3_other_only': 553, '4_mixed': 179, '5_dead': 337, '5_not_shown': 19, 'needs_browser': 1641}
8575/11728 649.7/min {'1_mostbet_only': 2683, '2_no_ads': 3160, '3_other_only': 553, '4_mixed': 179, '5_dead': 340, '5_not_shown': 19, 'needs_browser': 1641}
8600/11728 651.5/min {'1_mostbet_only': 2683, '2_no_ads': 3184, '3_other_only': 553, '4_mixed': 179, '5_dead': 341, '5_not_shown': 19, 'needs_browser': 1641}
8625/11728 653.2/min {'1_mostbet_only': 2683, '2_no_ads': 3206, '3_other_only': 553, '4_mixed': 179, '5_dead': 344, '5_not_shown': 19, 'needs_browser': 1641}
8650/11728 654.9/min {'1_mostbet_only': 2684, '2_no_ads': 3228, '3_other_only': 553, '4_mixed': 179, '5_dead': 346, '5_not_shown': 19, 'needs_browser': 1641}
8675/11728 656.7/min {'1_mostbet_only': 2684, '2_no_ads': 3253, '3_other_only': 553, '4_mixed': 179, '5_dead': 346, '5_not_shown': 19, 'needs_browser': 1641}
8700/11728 658.4/min {'1_mostbet_only': 2684, '2_no_ads': 3277, '3_other_only': 553, '4_mixed': 179, '5_dead': 347, '5_not_shown': 19, 'needs_browser': 1641}
8725/11728 660.1/min {'1_mostbet_only': 2684, '2_no_ads': 3302, '3_other_only': 553, '4_mixed': 179, '5_dead': 347, '5_not_shown': 19, 'needs_browser': 1641}
8750/11728 661.9/min {'1_mostbet_only': 2684, '2_no_ads': 3327, '3_other_only': 553, '4_mixed': 179, '5_dead': 347, '5_not_shown': 19, 'needs_browser': 1641}
8775/11728 663.6/min {'1_mostbet_only': 2684, '2_no_ads': 3352, '3_other_only': 553, '4_mixed': 179, '5_dead': 347, '5_not_shown': 19, 'needs_browser': 1641}
8800/11728 665.1/min {'1_mostbet_only': 2684, '2_no_ads': 3377, '3_other_only': 553, '4_mixed': 179, '5_dead': 347, '5_not_shown': 19, 'needs_browser': 1641}
8825/11728 666.7/min {'1_mostbet_only': 2684, '2_no_ads': 3398, '3_other_only': 553, '4_mixed': 179, '5_dead': 350, '5_not_shown': 19, 'needs_browser': 1642}
8850/11728 668.4/min {'1_mostbet_only': 2684, '2_no_ads': 3423, '3_other_only': 553, '4_mixed': 179, '5_dead': 350, '5_not_shown': 19, 'needs_browser': 1642}
8875/11728 670.1/min {'1_mostbet_only': 2684, '2_no_ads': 3447, '3_other_only': 553, '4_mixed': 179, '5_dead': 351, '5_not_shown': 19, 'needs_browser': 1642}
8900/11728 671.8/min {'1_mostbet_only': 2684, '2_no_ads': 3469, '3_other_only': 553, '4_mixed': 179, '5_dead': 354, '5_not_shown': 19, 'needs_browser': 1642}
8925/11728 673.6/min {'1_mostbet_only': 2685, '2_no_ads': 3490, '3_other_only': 553, '4_mixed': 179, '5_dead': 357, '5_not_shown': 19, 'needs_browser': 1642}
8950/11728 675.3/min {'1_mostbet_only': 2685, '2_no_ads': 3515, '3_other_only': 553, '4_mixed': 179, '5_dead': 357, '5_not_shown': 19, 'needs_browser': 1642}
8975/11728 677.1/min {'1_mostbet_only': 2685, '2_no_ads': 3538, '3_other_only': 553, '4_mixed': 179, '5_dead': 359, '5_not_shown': 19, 'needs_browser': 1642}
9000/11728 678.8/min {'1_mostbet_only': 2685, '2_no_ads': 3563, '3_other_only': 553, '4_mixed': 179, '5_dead': 359, '5_not_shown': 19, 'needs_browser': 1642}
9025/11728 680.6/min {'1_mostbet_only': 2685, '2_no_ads': 3586, '3_other_only': 553, '4_mixed': 179, '5_dead': 361, '5_not_shown': 19, 'needs_browser': 1642}
9050/11728 682.3/min {'1_mostbet_only': 2685, '2_no_ads': 3610, '3_other_only': 553, '4_mixed': 179, '5_dead': 362, '5_not_shown': 19, 'needs_browser': 1642}
9075/11728 684.0/min {'1_mostbet_only': 2685, '2_no_ads': 3633, '3_other_only': 553, '4_mixed': 179, '5_dead': 364, '5_not_shown': 19, 'needs_browser': 1642}
9100/11728 685.7/min {'1_mostbet_only': 2685, '2_no_ads': 3658, '3_other_only': 553, '4_mixed': 179, '5_dead': 364, '5_not_shown': 19, 'needs_browser': 1642}
9125/11728 687.5/min {'1_mostbet_only': 2685, '2_no_ads': 3683, '3_other_only': 553, '4_mixed': 179, '5_dead': 364, '5_not_shown': 19, 'needs_browser': 1642}
9150/11728 689.2/min {'1_mostbet_only': 2685, '2_no_ads': 3707, '3_other_only': 553, '4_mixed': 179, '5_dead': 365, '5_not_shown': 19, 'needs_browser': 1642}
9175/11728 690.9/min {'1_mostbet_only': 2685, '2_no_ads': 3732, '3_other_only': 553, '4_mixed': 179, '5_dead': 365, '5_not_shown': 19, 'needs_browser': 1642}
9200/11728 692.7/min {'1_mostbet_only': 2685, '2_no_ads': 3755, '3_other_only': 553, '4_mixed': 179, '5_dead': 366, '5_not_shown': 19, 'needs_browser': 1643}
9225/11728 694.3/min {'1_mostbet_only': 2685, '2_no_ads': 3779, '3_other_only': 553, '4_mixed': 179, '5_dead': 367, '5_not_shown': 19, 'needs_browser': 1643}
9250/11728 696.1/min {'1_mostbet_only': 2685, '2_no_ads': 3800, '3_other_only': 553, '4_mixed': 179, '5_dead': 371, '5_not_shown': 19, 'needs_browser': 1643}
9275/11728 697.8/min {'1_mostbet_only': 2685, '2_no_ads': 3825, '3_other_only': 553, '4_mixed': 179, '5_dead': 371, '5_not_shown': 19, 'needs_browser': 1643}
9300/11728 699.5/min {'1_mostbet_only': 2685, '2_no_ads': 3849, '3_other_only': 553, '4_mixed': 179, '5_dead': 372, '5_not_shown': 19, 'needs_browser': 1643}
9325/11728 701.3/min {'1_mostbet_only': 2685, '2_no_ads': 3873, '3_other_only': 553, '4_mixed': 179, '5_dead': 373, '5_not_shown': 19, 'needs_browser': 1643}
9350/11728 703.0/min {'1_mostbet_only': 2685, '2_no_ads': 3896, '3_other_only': 553, '4_mixed': 179, '5_dead': 375, '5_not_shown': 19, 'needs_browser': 1643}
9375/11728 704.7/min {'1_mostbet_only': 2685, '2_no_ads': 3915, '3_other_only': 553, '4_mixed': 179, '5_dead': 381, '5_not_shown': 19, 'needs_browser': 1643}
9400/11728 706.4/min {'1_mostbet_only': 2685, '2_no_ads': 3939, '3_other_only': 553, '4_mixed': 179, '5_dead': 382, '5_not_shown': 19, 'needs_browser': 1643}
9425/11728 708.2/min {'1_mostbet_only': 2685, '2_no_ads': 3962, '3_other_only': 553, '4_mixed': 179, '5_dead': 384, '5_not_shown': 19, 'needs_browser': 1643}
9450/11728 709.9/min {'1_mostbet_only': 2685, '2_no_ads': 3985, '3_other_only': 553, '4_mixed': 179, '5_dead': 386, '5_not_shown': 19, 'needs_browser': 1643}
9475/11728 711.6/min {'1_mostbet_only': 2685, '2_no_ads': 4010, '3_other_only': 553, '4_mixed': 179, '5_dead': 386, '5_not_shown': 19, 'needs_browser': 1643}
9500/11728 713.3/min {'1_mostbet_only': 2685, '2_no_ads': 4035, '3_other_only': 553, '4_mixed': 179, '5_dead': 386, '5_not_shown': 19, 'needs_browser': 1643}
9525/11728 714.6/min {'1_mostbet_only': 2685, '2_no_ads': 4055, '3_other_only': 554, '4_mixed': 179, '5_dead': 388, '5_not_shown': 19, 'needs_browser': 1645}
9550/11728 714.3/min {'1_mostbet_only': 2685, '2_no_ads': 4071, '3_other_only': 557, '4_mixed': 179, '5_dead': 394, '5_not_shown': 19, 'needs_browser': 1645}
9575/11728 714.1/min {'1_mostbet_only': 2685, '2_no_ads': 4088, '3_other_only': 561, '4_mixed': 179, '5_dead': 397, '5_not_shown': 19, 'needs_browser': 1646}
9600/11728 712.5/min {'1_mostbet_only': 2685, '2_no_ads': 4097, '3_other_only': 572, '4_mixed': 179, '5_dead': 397, '5_not_shown': 19, 'needs_browser': 1651}
9625/11728 711.7/min {'1_mostbet_only': 2685, '2_no_ads': 4112, '3_other_only': 574, '4_mixed': 179, '5_dead': 401, '5_not_shown': 19, 'needs_browser': 1655}
9650/11728 711.4/min {'1_mostbet_only': 2685, '2_no_ads': 4124, '3_other_only': 575, '4_mixed': 180, '5_dead': 411, '5_not_shown': 19, 'needs_browser': 1656}
9675/11728 710.0/min {'1_mostbet_only': 2686, '2_no_ads': 4132, '3_other_only': 575, '4_mixed': 180, '5_dead': 417, '5_not_shown': 19, 'needs_browser': 1666}
9700/11728 707.3/min {'1_mostbet_only': 2686, '2_no_ads': 4139, '3_other_only': 579, '4_mixed': 180, '5_dead': 424, '5_not_shown': 19, 'needs_browser': 1673}
9725/11728 704.3/min {'1_mostbet_only': 2686, '2_no_ads': 4141, '3_other_only': 593, '4_mixed': 180, '5_dead': 433, '5_not_shown': 19, 'needs_browser': 1673}
9750/11728 704.9/min {'1_mostbet_only': 2686, '2_no_ads': 4148, '3_other_only': 603, '4_mixed': 180, '5_dead': 440, '5_not_shown': 19, 'needs_browser': 1674}
9775/11728 700.9/min {'1_mostbet_only': 2686, '2_no_ads': 4161, '3_other_only': 605, '4_mixed': 180, '5_dead': 447, '5_not_shown': 19, 'needs_browser': 1677}
9800/11728 699.7/min {'1_mostbet_only': 2686, '2_no_ads': 4171, '3_other_only': 606, '4_mixed': 180, '5_dead': 453, '5_not_shown': 19, 'needs_browser': 1685}
9825/11728 699.0/min {'1_mostbet_only': 2686, '2_no_ads': 4175, '3_other_only': 616, '4_mixed': 180, '5_dead': 462, '5_not_shown': 19, 'needs_browser': 1687}
9850/11728 693.8/min {'1_mostbet_only': 2686, '2_no_ads': 4190, '3_other_only': 619, '4_mixed': 180, '5_dead': 466, '5_not_shown': 19, 'needs_browser': 1690}
9875/11728 693.7/min {'1_mostbet_only': 2686, '2_no_ads': 4199, '3_other_only': 619, '4_mixed': 180, '5_dead': 471, '5_not_shown': 20, 'needs_browser': 1700}
9900/11728 693.2/min {'1_mostbet_only': 2687, '2_no_ads': 4212, '3_other_only': 619, '4_mixed': 180, '5_dead': 474, '5_not_shown': 20, 'needs_browser': 1708}
9925/11728 692.2/min {'1_mostbet_only': 2687, '2_no_ads': 4222, '3_other_only': 619, '4_mixed': 180, '5_dead': 483, '5_not_shown': 20, 'needs_browser': 1714}
9950/11728 690.9/min {'1_mostbet_only': 2688, '2_no_ads': 4232, '3_other_only': 621, '4_mixed': 180, '5_dead': 491, '5_not_shown': 20, 'needs_browser': 1718}
9975/11728 689.9/min {'1_mostbet_only': 2688, '2_no_ads': 4243, '3_other_only': 623, '4_mixed': 180, '5_dead': 499, '5_not_shown': 20, 'needs_browser': 1722}
10000/11728 687.1/min {'1_mostbet_only': 2688, '2_no_ads': 4255, '3_other_only': 623, '4_mixed': 180, '5_dead': 505, '5_not_shown': 20, 'needs_browser': 1729}
10025/11728 684.0/min {'1_mostbet_only': 2688, '2_no_ads': 4264, '3_other_only': 625, '4_mixed': 180, '5_dead': 516, '5_not_shown': 20, 'needs_browser': 1732}
10050/11728 679.2/min {'1_mostbet_only': 2688, '2_no_ads': 4271, '3_other_only': 627, '4_mixed': 180, '5_dead': 522, '5_not_shown': 20, 'needs_browser': 1742}
10075/11728 677.8/min {'1_mostbet_only': 2688, '2_no_ads': 4283, '3_other_only': 629, '4_mixed': 180, '5_dead': 532, '5_not_shown': 20, 'needs_browser': 1743}
10100/11728 675.1/min {'1_mostbet_only': 2688, '2_no_ads': 4295, '3_other_only': 629, '4_mixed': 180, '5_dead': 539, '5_not_shown': 20, 'needs_browser': 1749}
10125/11728 674.0/min {'1_mostbet_only': 2688, '2_no_ads': 4308, '3_other_only': 629, '4_mixed': 180, '5_dead': 545, '5_not_shown': 20, 'needs_browser': 1755}
10150/11728 673.4/min {'1_mostbet_only': 2688, '2_no_ads': 4324, '3_other_only': 629, '4_mixed': 180, '5_dead': 551, '5_not_shown': 20, 'needs_browser': 1758}
10175/11728 673.3/min {'1_mostbet_only': 2688, '2_no_ads': 4332, '3_other_only': 631, '4_mixed': 180, '5_dead': 560, '5_not_shown': 20, 'needs_browser': 1764}
10200/11728 673.4/min {'1_mostbet_only': 2690, '2_no_ads': 4344, '3_other_only': 637, '4_mixed': 180, '5_dead': 563, '5_not_shown': 20, 'needs_browser': 1766}
10225/11728 673.0/min {'1_mostbet_only': 2690, '2_no_ads': 4358, '3_other_only': 638, '4_mixed': 180, '5_dead': 567, '5_not_shown': 20, 'needs_browser': 1772}
10250/11728 673.0/min {'1_mostbet_only': 2690, '2_no_ads': 4371, '3_other_only': 643, '4_mixed': 180, '5_dead': 569, '5_not_shown': 20, 'needs_browser': 1777}
10275/11728 672.8/min {'1_mostbet_only': 2690, '2_no_ads': 4379, '3_other_only': 647, '4_mixed': 180, '5_dead': 574, '5_not_shown': 20, 'needs_browser': 1785}
10300/11728 672.9/min {'1_mostbet_only': 2690, '2_no_ads': 4394, '3_other_only': 649, '4_mixed': 180, '5_dead': 577, '5_not_shown': 20, 'needs_browser': 1790}
10325/11728 673.0/min {'1_mostbet_only': 2690, '2_no_ads': 4405, '3_other_only': 653, '4_mixed': 180, '5_dead': 579, '5_not_shown': 20, 'needs_browser': 1798}
10350/11728 673.6/min {'1_mostbet_only': 2690, '2_no_ads': 4417, '3_other_only': 661, '4_mixed': 180, '5_dead': 581, '5_not_shown': 20, 'needs_browser': 1801}
10375/11728 673.9/min {'1_mostbet_only': 2690, '2_no_ads': 4423, '3_other_only': 668, '4_mixed': 180, '5_dead': 583, '5_not_shown': 21, 'needs_browser': 1810}
10400/11728 673.9/min {'1_mostbet_only': 2690, '2_no_ads': 4439, '3_other_only': 671, '4_mixed': 180, '5_dead': 584, '5_not_shown': 21, 'needs_browser': 1815}
10425/11728 673.3/min {'1_mostbet_only': 2690, '2_no_ads': 4459, '3_other_only': 673, '4_mixed': 180, '5_dead': 584, '5_not_shown': 21, 'needs_browser': 1818}
10450/11728 673.8/min {'1_mostbet_only': 2690, '2_no_ads': 4473, '3_other_only': 680, '4_mixed': 180, '5_dead': 584, '5_not_shown': 21, 'needs_browser': 1822}
10475/11728 673.4/min {'1_mostbet_only': 2690, '2_no_ads': 4484, '3_other_only': 684, '4_mixed': 180, '5_dead': 584, '5_not_shown': 21, 'needs_browser': 1832}
10500/11728 674.2/min {'1_mostbet_only': 2690, '2_no_ads': 4493, '3_other_only': 685, '4_mixed': 180, '5_dead': 584, '5_not_shown': 21, 'needs_browser': 1847}
10525/11728 674.7/min {'1_mostbet_only': 2690, '2_no_ads': 4504, '3_other_only': 691, '4_mixed': 180, '5_dead': 585, '5_not_shown': 21, 'needs_browser': 1854}
10550/11728 675.2/min {'1_mostbet_only': 2690, '2_no_ads': 4517, '3_other_only': 695, '4_mixed': 180, '5_dead': 586, '5_not_shown': 21, 'needs_browser': 1861}
10575/11728 675.7/min {'1_mostbet_only': 2690, '2_no_ads': 4533, '3_other_only': 702, '4_mixed': 180, '5_dead': 586, '5_not_shown': 21, 'needs_browser': 1863}
10600/11728 676.1/min {'1_mostbet_only': 2690, '2_no_ads': 4539, '3_other_only': 718, '4_mixed': 180, '5_dead': 586, '5_not_shown': 21, 'needs_browser': 1866}
10625/11728 676.9/min {'1_mostbet_only': 2690, '2_no_ads': 4542, '3_other_only': 739, '4_mixed': 180, '5_dead': 586, '5_not_shown': 21, 'needs_browser': 1867}
10650/11728 677.3/min {'1_mostbet_only': 2690, '2_no_ads': 4551, '3_other_only': 749, '4_mixed': 180, '5_dead': 586, '5_not_shown': 21, 'needs_browser': 1873}
10675/11728 677.9/min {'1_mostbet_only': 2690, '2_no_ads': 4557, '3_other_only': 766, '4_mixed': 180, '5_dead': 586, '5_not_shown': 21, 'needs_browser': 1875}
10700/11728 678.5/min {'1_mostbet_only': 2690, '2_no_ads': 4562, '3_other_only': 783, '4_mixed': 180, '5_dead': 586, '5_not_shown': 21, 'needs_browser': 1878}
10725/11728 678.7/min {'1_mostbet_only': 2694, '2_no_ads': 4578, '3_other_only': 783, '4_mixed': 180, '5_dead': 587, '5_not_shown': 21, 'needs_browser': 1882}
10750/11728 679.3/min {'1_mostbet_only': 2696, '2_no_ads': 4592, '3_other_only': 789, '4_mixed': 180, '5_dead': 588, '5_not_shown': 21, 'needs_browser': 1884}
10775/11728 680.0/min {'1_mostbet_only': 2696, '2_no_ads': 4602, '3_other_only': 799, '4_mixed': 180, '5_dead': 589, '5_not_shown': 21, 'needs_browser': 1888}
10800/11728 680.7/min {'1_mostbet_only': 2696, '2_no_ads': 4609, '3_other_only': 814, '4_mixed': 180, '5_dead': 589, '5_not_shown': 21, 'needs_browser': 1891}
10825/11728 680.7/min {'1_mostbet_only': 2696, '2_no_ads': 4623, '3_other_only': 819, '4_mixed': 180, '5_dead': 590, '5_not_shown': 21, 'needs_browser': 1896}
10850/11728 681.1/min {'1_mostbet_only': 2696, '2_no_ads': 4636, '3_other_only': 826, '4_mixed': 180, '5_dead': 590, '5_not_shown': 21, 'needs_browser': 1901}
10875/11728 681.4/min {'1_mostbet_only': 2696, '2_no_ads': 4647, '3_other_only': 833, '4_mixed': 180, '5_dead': 591, '5_not_shown': 21, 'needs_browser': 1907}
10900/11728 681.6/min {'1_mostbet_only': 2696, '2_no_ads': 4659, '3_other_only': 841, '4_mixed': 180, '5_dead': 592, '5_not_shown': 21, 'needs_browser': 1911}
10925/11728 682.4/min {'1_mostbet_only': 2696, '2_no_ads': 4674, '3_other_only': 848, '4_mixed': 180, '5_dead': 592, '5_not_shown': 21, 'needs_browser': 1914}
10950/11728 682.3/min {'1_mostbet_only': 2696, '2_no_ads': 4687, '3_other_only': 854, '4_mixed': 180, '5_dead': 594, '5_not_shown': 21, 'needs_browser': 1918}
10975/11728 682.7/min {'1_mostbet_only': 2696, '2_no_ads': 4704, '3_other_only': 857, '4_mixed': 180, '5_dead': 595, '5_not_shown': 21, 'needs_browser': 1922}
11000/11728 683.4/min {'1_mostbet_only': 2696, '2_no_ads': 4708, '3_other_only': 875, '4_mixed': 180, '5_dead': 595, '5_not_shown': 21, 'needs_browser': 1925}
11025/11728 684.2/min {'1_mostbet_only': 2696, '2_no_ads': 4710, '3_other_only': 893, '4_mixed': 180, '5_dead': 595, '5_not_shown': 21, 'needs_browser': 1930}
11050/11728 685.0/min {'1_mostbet_only': 2696, '2_no_ads': 4721, '3_other_only': 905, '4_mixed': 180, '5_dead': 596, '5_not_shown': 21, 'needs_browser': 1931}
11075/11728 685.1/min {'1_mostbet_only': 2696, '2_no_ads': 4733, '3_other_only': 912, '4_mixed': 180, '5_dead': 597, '5_not_shown': 21, 'needs_browser': 1936}
11100/11728 685.1/min {'1_mostbet_only': 2696, '2_no_ads': 4745, '3_other_only': 918, '4_mixed': 180, '5_dead': 597, '5_not_shown': 21, 'needs_browser': 1943}
11125/11728 685.4/min {'1_mostbet_only': 2696, '2_no_ads': 4754, '3_other_only': 927, '4_mixed': 180, '5_dead': 597, '5_not_shown': 21, 'needs_browser': 1950}
11150/11728 685.9/min {'1_mostbet_only': 2696, '2_no_ads': 4766, '3_other_only': 935, '4_mixed': 181, '5_dead': 598, '5_not_shown': 21, 'needs_browser': 1953}
11175/11728 685.9/min {'1_mostbet_only': 2696, '2_no_ads': 4778, '3_other_only': 941, '4_mixed': 181, '5_dead': 599, '5_not_shown': 21, 'needs_browser': 1959}
11200/11728 685.5/min {'1_mostbet_only': 2696, '2_no_ads': 4790, '3_other_only': 944, '4_mixed': 181, '5_dead': 599, '5_not_shown': 21, 'needs_browser': 1969}
11225/11728 685.8/min {'1_mostbet_only': 2696, '2_no_ads': 4805, '3_other_only': 946, '4_mixed': 181, '5_dead': 602, '5_not_shown': 21, 'needs_browser': 1974}
11250/11728 685.5/min {'1_mostbet_only': 2696, '2_no_ads': 4815, '3_other_only': 955, '4_mixed': 181, '5_dead': 602, '5_not_shown': 21, 'needs_browser': 1980}
11275/11728 685.3/min {'1_mostbet_only': 2696, '2_no_ads': 4823, '3_other_only': 965, '4_mixed': 181, '5_dead': 603, '5_not_shown': 21, 'needs_browser': 1986}
11300/11728 686.0/min {'1_mostbet_only': 2696, '2_no_ads': 4827, '3_other_only': 976, '4_mixed': 181, '5_dead': 604, '5_not_shown': 21, 'needs_browser': 1995}
11325/11728 685.6/min {'1_mostbet_only': 2696, '2_no_ads': 4841, '3_other_only': 983, '4_mixed': 181, '5_dead': 604, '5_not_shown': 22, 'needs_browser': 1998}
11350/11728 686.3/min {'1_mostbet_only': 2697, '2_no_ads': 4849, '3_other_only': 989, '4_mixed': 181, '5_dead': 605, '5_not_shown': 22, 'needs_browser': 2007}
11375/11728 686.3/min {'1_mostbet_only': 2697, '2_no_ads': 4865, '3_other_only': 989, '4_mixed': 181, '5_dead': 605, '5_not_shown': 23, 'needs_browser': 2015}
11400/11728 686.4/min {'1_mostbet_only': 2697, '2_no_ads': 4881, '3_other_only': 997, '4_mixed': 181, '5_dead': 605, '5_not_shown': 23, 'needs_browser': 2016}
11425/11728 686.3/min {'1_mostbet_only': 2697, '2_no_ads': 4898, '3_other_only': 1002, '4_mixed': 181, '5_dead': 606, '5_not_shown': 23, 'needs_browser': 2018}
11450/11728 686.6/min {'1_mostbet_only': 2697, '2_no_ads': 4912, '3_other_only': 1006, '4_mixed': 182, '5_dead': 606, '5_not_shown': 25, 'needs_browser': 2022}
11475/11728 684.3/min {'1_mostbet_only': 2697, '2_no_ads': 4925, '3_other_only': 1010, '4_mixed': 182, '5_dead': 606, '5_not_shown': 25, 'needs_browser': 2030}
11500/11728 684.2/min {'1_mostbet_only': 2697, '2_no_ads': 4936, '3_other_only': 1012, '4_mixed': 182, '5_dead': 606, '5_not_shown': 25, 'needs_browser': 2042}
11525/11728 684.9/min {'1_mostbet_only': 2697, '2_no_ads': 4946, '3_other_only': 1017, '4_mixed': 182, '5_dead': 606, '5_not_shown': 25, 'needs_browser': 2052}
11550/11728 685.3/min {'1_mostbet_only': 2697, '2_no_ads': 4963, '3_other_only': 1018, '4_mixed': 182, '5_dead': 606, '5_not_shown': 25, 'needs_browser': 2059}
11575/11728 685.9/min {'1_mostbet_only': 2697, '2_no_ads': 4979, '3_other_only': 1022, '4_mixed': 182, '5_dead': 606, '5_not_shown': 25, 'needs_browser': 2064}
11600/11728 686.4/min {'1_mostbet_only': 2697, '2_no_ads': 4991, '3_other_only': 1023, '4_mixed': 182, '5_dead': 606, '5_not_shown': 25, 'needs_browser': 2076}
11625/11728 686.4/min {'1_mostbet_only': 2698, '2_no_ads': 4994, '3_other_only': 1035, '4_mixed': 182, '5_dead': 606, '5_not_shown': 26, 'needs_browser': 2084}
11650/11728 686.4/min {'1_mostbet_only': 2698, '2_no_ads': 5006, '3_other_only': 1045, '4_mixed': 182, '5_dead': 606, '5_not_shown': 26, 'needs_browser': 2087}
11675/11728 686.8/min {'1_mostbet_only': 2698, '2_no_ads': 5019, '3_other_only': 1050, '4_mixed': 182, '5_dead': 606, '5_not_shown': 26, 'needs_browser': 2094}
11700/11728 687.3/min {'1_mostbet_only': 2698, '2_no_ads': 5034, '3_other_only': 1056, '4_mixed': 182, '5_dead': 607, '5_not_shown': 26, 'needs_browser': 2097}
11725/11728 681.3/min {'1_mostbet_only': 2699, '2_no_ads': 5045, '3_other_only': 1057, '4_mixed': 182, '5_dead': 609, '5_not_shown': 26, 'needs_browser': 2107}
11728/11728 665.2/min {'1_mostbet_only': 2699, '2_no_ads': 5045, '3_other_only': 1058, '4_mixed': 182, '5_dead': 609, '5_not_shown': 26, 'needs_browser': 2109}
done {'1_mostbet_only': 2699, '2_no_ads': 5045, '3_other_only': 1058, '4_mixed': 182, '5_dead': 609, '5_not_shown': 26, 'needs_browser': 2109}
